     kworker/0:2-1499    [000] dN.4.  1696.478574: sched_wakeup: comm=kworker/u9:2 pid=809 prio=100 target_cpu=000
     kworker/0:2-1499    [000] d..2.  1696.478580: sched_switch: prev_comm=kworker/0:2 prev_pid=1499 prev_prio=120 prev_state=R+ ==> next_comm=kworker/u9:2 next_pid=809 next_prio=100
    kworker/u9:2-809     [000] d.h1.  1696.478604: irq_handler_entry: irq=37 name=mmc1
    kworker/u9:2-809     [000] d.h1.  1696.478608: irq_handler_exit: irq=37 ret=handled
    kworker/u9:2-809     [000] d.h1.  1696.478609: irq_handler_entry: irq=37 name=mmc0
    kworker/u9:2-809     [000] d.h1.  1696.478610: irq_handler_exit: irq=37 ret=unhandled
    kworker/u9:2-809     [000] d.s3.  1696.478621: sched_wakeup: comm=kworker/u9:2 pid=809 prio=100 target_cpu=000
    kworker/u9:2-809     [000] d..2.  1696.478628: sched_stat_runtime: comm=kworker/u9:2 pid=809 runtime=56463 [ns] vruntime=18690874642 [ns]
    kworker/u9:2-809     [000] d.h1.  1696.478644: irq_handler_entry: irq=37 name=mmc1
    kworker/u9:2-809     [000] d.h1.  1696.478647: irq_handler_exit: irq=37 ret=handled
    kworker/u9:2-809     [000] d.h1.  1696.478648: irq_handler_entry: irq=37 name=mmc0
    kworker/u9:2-809     [000] d.h1.  1696.478650: irq_handler_exit: irq=37 ret=unhandled
    kworker/u9:2-809     [000] d.s3.  1696.478659: sched_wakeup: comm=kworker/u9:2 pid=809 prio=100 target_cpu=000
    kworker/u9:2-809     [000] d..2.  1696.478666: sched_stat_runtime: comm=kworker/u9:2 pid=809 runtime=38500 [ns] vruntime=18690875086 [ns]
    kworker/u9:2-809     [000] d.h1.  1696.478711: irq_handler_entry: irq=37 name=mmc1
    kworker/u9:2-809     [000] d.h1.  1696.478721: irq_handler_exit: irq=37 ret=handled
    kworker/u9:2-809     [000] d.h1.  1696.478722: irq_handler_entry: irq=37 name=mmc0
    kworker/u9:2-809     [000] d.h1.  1696.478723: irq_handler_exit: irq=37 ret=unhandled
    kworker/u9:2-809     [000] d.s3.  1696.478733: sched_wakeup: comm=kworker/u9:2 pid=809 prio=100 target_cpu=000
    kworker/u9:2-809     [000] d..2.  1696.478740: sched_stat_runtime: comm=kworker/u9:2 pid=809 runtime=74074 [ns] vruntime=18690875940 [ns]
    kworker/u9:2-809     [000] d.h1.  1696.478769: irq_handler_entry: irq=37 name=mmc1
    kworker/u9:2-809     [000] d.h1.  1696.478775: irq_handler_exit: irq=37 ret=handled
    kworker/u9:2-809     [000] d.h1.  1696.478776: irq_handler_entry: irq=37 name=mmc0
    kworker/u9:2-809     [000] d.h1.  1696.478777: irq_handler_exit: irq=37 ret=unhandled
    kworker/u9:2-809     [000] d.s3.  1696.478787: sched_wakeup: comm=kworker/u9:2 pid=809 prio=100 target_cpu=000
    kworker/u9:2-809     [000] d..2.  1696.478794: sched_stat_runtime: comm=kworker/u9:2 pid=809 runtime=53908 [ns] vruntime=18690876561 [ns]
    kworker/u9:2-809     [000] d.h1.  1696.478874: irq_handler_entry: irq=37 name=mmc1
    kworker/u9:2-809     [000] d.h1.  1696.478884: irq_handler_exit: irq=37 ret=handled
    kworker/u9:2-809     [000] d.h1.  1696.478885: irq_handler_entry: irq=37 name=mmc0
    kworker/u9:2-809     [000] d.h1.  1696.478886: irq_handler_exit: irq=37 ret=unhandled
    kworker/u9:2-809     [000] d.s3.  1696.478897: sched_wakeup: comm=kworker/u9:2 pid=809 prio=100 target_cpu=000
    kworker/u9:2-809     [000] d..2.  1696.478905: sched_stat_runtime: comm=kworker/u9:2 pid=809 runtime=110277 [ns] vruntime=18690877833 [ns]
    kworker/u9:2-809     [000] d..2.  1696.478924: sched_stat_runtime: comm=kworker/u9:2 pid=809 runtime=18852 [ns] vruntime=18690878050 [ns]
    kworker/u9:2-809     [000] d..2.  1696.478929: sched_switch: prev_comm=kworker/u9:2 prev_pid=809 prev_prio=100 prev_state=I ==> next_comm=kworker/0:2 next_pid=1499 next_prio=120
     kworker/0:2-1499    [000] d..2.  1696.478939: sched_stat_runtime: comm=kworker/0:2 pid=1499 runtime=15408 [ns] vruntime=18699889399 [ns]
     kworker/0:2-1499    [000] d..2.  1696.478948: sched_switch: prev_comm=kworker/0:2 prev_pid=1499 prev_prio=120 prev_state=I ==> next_comm=swapper/0 next_pid=0 next_prio=120
          <idle>-0       [000] d.h1.  1696.493288: irq_handler_entry: irq=11 name=arch_timer
          <idle>-0       [000] d.h1.  1696.493296: irq_handler_exit: irq=11 ret=handled
          <idle>-0       [000] dNs5.  1696.493309: sched_wakeup: comm=brcmf_wdog/mmc1 pid=336 prio=120 target_cpu=000
          <idle>-0       [000] d..2.  1696.493336: sched_switch: prev_comm=swapper/0 prev_pid=0 prev_prio=120 prev_state=R ==> next_comm=brcmf_wdog/mmc1 next_pid=336 next_prio=120
 brcmf_wdog/mmc1-336     [000] d..2.  1696.493348: sched_stat_runtime: comm=brcmf_wdog/mmc1 pid=336 runtime=28871 [ns] vruntime=18690918270 [ns]
 brcmf_wdog/mmc1-336     [000] d..2.  1696.493352: sched_switch: prev_comm=brcmf_wdog/mmc1 prev_pid=336 prev_prio=120 prev_state=S ==> next_comm=swapper/0 next_pid=0 next_prio=120
          <idle>-0       [000] d.h1.  1696.509288: irq_handler_entry: irq=11 name=arch_timer
          <idle>-0       [000] d.h1.  1696.509296: irq_handler_exit: irq=11 ret=handled
          <idle>-0       [000] dNs5.  1696.509308: sched_wakeup: comm=brcmf_wdog/mmc1 pid=336 prio=120 target_cpu=000
          <idle>-0       [000] d..2.  1696.509334: sched_switch: prev_comm=swapper/0 prev_pid=0 prev_prio=120 prev_state=R ==> next_comm=brcmf_wdog/mmc1 next_pid=336 next_prio=120
 brcmf_wdog/mmc1-336     [000] d.h1.  1696.509368: irq_handler_entry: irq=37 name=mmc1
 brcmf_wdog/mmc1-336     [000] d.h1.  1696.509372: irq_handler_exit: irq=37 ret=handled
 brcmf_wdog/mmc1-336     [000] d.h1.  1696.509373: irq_handler_entry: irq=37 name=mmc0
 brcmf_wdog/mmc1-336     [000] d.h1.  1696.509374: irq_handler_exit: irq=37 ret=unhandled
 brcmf_wdog/mmc1-336     [000] d.s3.  1696.509385: sched_wakeup: comm=brcmf_wdog/mmc1 pid=336 prio=120 target_cpu=000
 brcmf_wdog/mmc1-336     [000] d..2.  1696.509392: sched_stat_runtime: comm=brcmf_wdog/mmc1 pid=336 runtime=74945 [ns] vruntime=18690993215 [ns]
 brcmf_wdog/mmc1-336     [000] d..2.  1696.509408: sched_stat_runtime: comm=brcmf_wdog/mmc1 pid=336 runtime=16204 [ns] vruntime=18691009419 [ns]
 brcmf_wdog/mmc1-336     [000] d..2.  1696.509412: sched_switch: prev_comm=brcmf_wdog/mmc1 prev_pid=336 prev_prio=120 prev_state=S ==> next_comm=swapper/0 next_pid=0 next_prio=120
          <idle>-0       [003] d.h1.  1696.533288: irq_handler_entry: irq=11 name=arch_timer
          <idle>-0       [003] d.h1.  1696.533298: irq_handler_exit: irq=11 ret=handled
          <idle>-0       [003] dNs5.  1696.533312: sched_wakeup: comm=kworker/3:0 pid=1601 prio=120 target_cpu=003
          <idle>-0       [003] dNH2.  1696.533318: irq_handler_entry: irq=6 name=IPI
          <idle>-0       [003] dNH2.  1696.533322: irq_handler_exit: irq=6 ret=handled
          <idle>-0       [003] d..2.  1696.533358: sched_switch: prev_comm=swapper/3 prev_pid=0 prev_prio=120 prev_state=R ==> next_comm=kworker/3:0 next_pid=1601 next_prio=120
          <idle>-0       [000] d.h1.  1696.533384: irq_handler_entry: irq=31 name=eth0
     kworker/3:0-1601    [003] d..4.  1696.533385: sched_stat_runtime: comm=kworker/3:0 pid=1601 runtime=45962 [ns] vruntime=18827539499 [ns]
     kworker/3:0-1601    [003] d..4.  1696.533389: sched_wakeup: comm=kworker/3:1 pid=1480 prio=120 target_cpu=003
          <idle>-0       [000] d.h5.  1696.533393: sched_wakeup: comm=kworker/3:0 pid=1601 prio=120 target_cpu=003
          <idle>-0       [000] d.h1.  1696.533395: irq_handler_exit: irq=31 ret=handled
     kworker/3:0-1601    [003] d..2.  1696.533395: sched_stat_runtime: comm=kworker/3:0 pid=1601 runtime=10908 [ns] vruntime=18827550407 [ns]
     kworker/3:0-1601    [003] d..2.  1696.533398: sched_switch: prev_comm=kworker/3:0 prev_pid=1601 prev_prio=120 prev_state=R ==> next_comm=kworker/3:1 next_pid=1480 next_prio=120
     kworker/3:1-1480    [003] d..2.  1696.533423: sched_stat_runtime: comm=kworker/3:1 pid=1480 runtime=28092 [ns] vruntime=18827263295 [ns]
     kworker/3:1-1480    [003] d..2.  1696.533428: sched_switch: prev_comm=kworker/3:1 prev_pid=1480 prev_prio=120 prev_state=I ==> next_comm=kworker/3:0 next_pid=1601 next_prio=120
     kworker/3:0-1601    [003] d..2.  1696.533450: sched_stat_runtime: comm=kworker/3:0 pid=1601 runtime=27297 [ns] vruntime=18827577704 [ns]
          <idle>-0       [000] d.h1.  1696.533450: irq_handler_entry: irq=31 name=eth0
          <idle>-0       [000] d.h1.  1696.533455: irq_handler_exit: irq=31 ret=handled
     kworker/3:0-1601    [003] d..2.  1696.533457: sched_switch: prev_comm=kworker/3:0 prev_pid=1601 prev_prio=120 prev_state=D ==> next_comm=swapper/3 next_pid=0 next_prio=120
          <idle>-0       [003] d.h1.  1696.533463: irq_handler_entry: irq=2 name=IPI
          <idle>-0       [003] dNh2.  1696.533468: sched_wakeup: comm=kworker/3:0 pid=1601 prio=120 target_cpu=003
          <idle>-0       [003] dNh1.  1696.533469: irq_handler_exit: irq=2 ret=handled
          <idle>-0       [003] d..2.  1696.533476: sched_switch: prev_comm=swapper/3 prev_pid=0 prev_prio=120 prev_state=R ==> next_comm=kworker/3:0 next_pid=1601 next_prio=120
          <idle>-0       [000] d.h1.  1696.533498: irq_handler_entry: irq=31 name=eth0
     kworker/3:0-1601    [003] d..2.  1696.533499: sched_stat_runtime: comm=kworker/3:0 pid=1601 runtime=32648 [ns] vruntime=18827610352 [ns]
          <idle>-0       [000] d.h1.  1696.533501: irq_handler_exit: irq=31 ret=handled
     kworker/3:0-1601    [003] d..2.  1696.533502: sched_switch: prev_comm=kworker/3:0 prev_pid=1601 prev_prio=120 prev_state=D ==> next_comm=swapper/3 next_pid=0 next_prio=120
          <idle>-0       [003] d.h1.  1696.533507: irq_handler_entry: irq=2 name=IPI
          <idle>-0       [003] dNh2.  1696.533511: sched_wakeup: comm=kworker/3:0 pid=1601 prio=120 target_cpu=003
          <idle>-0       [003] dNh1.  1696.533512: irq_handler_exit: irq=2 ret=handled
          <idle>-0       [003] d..2.  1696.533518: sched_switch: prev_comm=swapper/3 prev_pid=0 prev_prio=120 prev_state=R ==> next_comm=kworker/3:0 next_pid=1601 next_prio=120
          <idle>-0       [000] d.h1.  1696.533541: irq_handler_entry: irq=31 name=eth0
     kworker/3:0-1601    [003] d..2.  1696.533541: sched_stat_runtime: comm=kworker/3:0 pid=1601 runtime=31500 [ns] vruntime=18827641852 [ns]
          <idle>-0       [000] d.h1.  1696.533544: irq_handler_exit: irq=31 ret=handled
     kworker/3:0-1601    [003] d..2.  1696.533544: sched_switch: prev_comm=kworker/3:0 prev_pid=1601 prev_prio=120 prev_state=D ==> next_comm=swapper/3 next_pid=0 next_prio=120
          <idle>-0       [003] d.h1.  1696.533549: irq_handler_entry: irq=2 name=IPI
          <idle>-0       [003] dNh2.  1696.533553: sched_wakeup: comm=kworker/3:0 pid=1601 prio=120 target_cpu=003
          <idle>-0       [003] dNh1.  1696.533554: irq_handler_exit: irq=2 ret=handled
          <idle>-0       [003] d..2.  1696.533560: sched_switch: prev_comm=swapper/3 prev_pid=0 prev_prio=120 prev_state=R ==> next_comm=kworker/3:0 next_pid=1601 next_prio=120
          <idle>-0       [000] d.h1.  1696.533582: irq_handler_entry: irq=31 name=eth0
     kworker/3:0-1601    [003] d..2.  1696.533583: sched_stat_runtime: comm=kworker/3:0 pid=1601 runtime=31260 [ns] vruntime=18827673112 [ns]
          <idle>-0       [000] d.h1.  1696.533586: irq_handler_exit: irq=31 ret=handled
     kworker/3:0-1601    [003] d..2.  1696.533586: sched_switch: prev_comm=kworker/3:0 prev_pid=1601 prev_prio=120 prev_state=D ==> next_comm=swapper/3 next_pid=0 next_prio=120
          <idle>-0       [003] d.h1.  1696.533591: irq_handler_entry: irq=2 name=IPI
          <idle>-0       [003] dNh2.  1696.533595: sched_wakeup: comm=kworker/3:0 pid=1601 prio=120 target_cpu=003
          <idle>-0       [003] dNh1.  1696.533596: irq_handler_exit: irq=2 ret=handled
          <idle>-0       [003] d..2.  1696.533602: sched_switch: prev_comm=swapper/3 prev_pid=0 prev_prio=120 prev_state=R ==> next_comm=kworker/3:0 next_pid=1601 next_prio=120
     kworker/3:0-1601    [003] d..2.  1696.533624: sched_stat_runtime: comm=kworker/3:0 pid=1601 runtime=30037 [ns] vruntime=18827703149 [ns]
     kworker/3:0-1601    [003] d..2.  1696.533632: sched_switch: prev_comm=kworker/3:0 prev_pid=1601 prev_prio=120 prev_state=I ==> next_comm=swapper/3 next_pid=0 next_prio=120
          <idle>-0       [000] d.h1.  1696.537288: irq_handler_entry: irq=11 name=arch_timer
          <idle>-0       [000] d.h1.  1696.537296: irq_handler_exit: irq=11 ret=handled
          <idle>-0       [000] d.h1.  1696.545462: irq_handler_entry: irq=37 name=mmc1
          <idle>-0       [000] dNh6.  1696.545474: sched_wakeup: comm=kworker/0:2 pid=1499 prio=120 target_cpu=000
          <idle>-0       [000] dNh1.  1696.545476: irq_handler_exit: irq=37 ret=handled
          <idle>-0       [000] dNh1.  1696.545477: irq_handler_entry: irq=37 name=mmc0
          <idle>-0       [000] dNh1.  1696.545479: irq_handler_exit: irq=37 ret=unhandled
          <idle>-0       [000] d..2.  1696.545494: sched_switch: prev_comm=swapper/0 prev_pid=0 prev_prio=120 prev_state=R ==> next_comm=kworker/0:2 next_pid=1499 next_prio=120
     kworker/0:2-1499    [000] d.h1.  1696.545523: irq_handler_entry: irq=37 name=mmc1
     kworker/0:2-1499    [000] d.h1.  1696.545527: irq_handler_exit: irq=37 ret=handled
     kworker/0:2-1499    [000] d.h1.  1696.545528: irq_handler_entry: irq=37 name=mmc0
     kworker/0:2-1499    [000] d.h1.  1696.545530: irq_handler_exit: irq=37 ret=unhandled
     kworker/0:2-1499    [000] d.s3.  1696.545540: sched_wakeup: comm=kworker/0:2 pid=1499 prio=120 target_cpu=000
     kworker/0:2-1499    [000] d..2.  1696.545548: sched_stat_runtime: comm=kworker/0:2 pid=1499 runtime=76981 [ns] vruntime=18699966380 [ns]
     kworker/0:2-1499    [000] d.h1.  1696.545573: irq_handler_entry: irq=37 name=mmc1
     kworker/0:2-1499    [000] d.h1.  1696.545579: irq_handler_exit: irq=37 ret=handled
     kworker/0:2-1499    [000] d.h1.  1696.545580: irq_handler_entry: irq=37 name=mmc0
     kworker/0:2-1499    [000] d.h1.  1696.545582: irq_handler_exit: irq=37 ret=unhandled
     kworker/0:2-1499    [000] d.s3.  1696.545591: sched_wakeup: comm=kworker/0:2 pid=1499 prio=120 target_cpu=000
     kworker/0:2-1499    [000] d..2.  1696.545598: sched_stat_runtime: comm=kworker/0:2 pid=1499 runtime=50667 [ns] vruntime=18700017047 [ns]
     kworker/0:2-1499    [000] d.h1.  1696.545622: irq_handler_entry: irq=37 name=mmc1
     kworker/0:2-1499    [000] d.h1.  1696.545626: irq_handler_exit: irq=37 ret=handled
     kworker/0:2-1499    [000] d.h1.  1696.545627: irq_handler_entry: irq=37 name=mmc0
     kworker/0:2-1499    [000] d.h1.  1696.545628: irq_handler_exit: irq=37 ret=unhandled
     kworker/0:2-1499    [000] d.h1.  1696.545631: irq_handler_entry: irq=37 name=mmc1
     kworker/0:2-1499    [000] d.h1.  1696.545634: irq_handler_exit: irq=37 ret=handled
     kworker/0:2-1499    [000] d.h1.  1696.545635: irq_handler_entry: irq=37 name=mmc0
     kworker/0:2-1499    [000] d.h1.  1696.545636: irq_handler_exit: irq=37 ret=unhandled
     kworker/0:2-1499    [000] d.s3.  1696.545646: sched_wakeup: comm=kworker/0:2 pid=1499 prio=120 target_cpu=000
     kworker/0:2-1499    [000] d..2.  1696.545652: sched_stat_runtime: comm=kworker/0:2 pid=1499 runtime=54241 [ns] vruntime=18700071288 [ns]
     kworker/0:2-1499    [000] d..4.  1696.545662: sched_stat_runtime: comm=kworker/0:2 pid=1499 runtime=9907 [ns] vruntime=18700081195 [ns]
     kworker/0:2-1499    [000] dN.4.  1696.545667: sched_wakeup: comm=kworker/u9:2 pid=809 prio=100 target_cpu=000
     kworker/0:2-1499    [000] d..2.  1696.545680: sched_switch: prev_comm=kworker/0:2 prev_pid=1499 prev_prio=120 prev_state=R+ ==> next_comm=kworker/u9:2 next_pid=809 next_prio=100
    kworker/u9:2-809     [000] d..2.  1696.545695: sched_stat_runtime: comm=kworker/u9:2 pid=809 runtime=32167 [ns] vruntime=18691081566 [ns]
    kworker/u9:2-809     [000] d..2.  1696.545699: sched_switch: prev_comm=kworker/u9:2 prev_pid=809 prev_prio=100 prev_state=D ==> next_comm=kworker/0:2 next_pid=1499 next_prio=120
     kworker/0:2-1499    [000] d..4.  1696.545708: sched_stat_runtime: comm=kworker/0:2 pid=1499 runtime=13259 [ns] vruntime=18700094454 [ns]
     kworker/0:2-1499    [000] dN.4.  1696.545711: sched_wakeup: comm=kworker/u9:2 pid=809 prio=100 target_cpu=000
     kworker/0:2-1499    [000] d..2.  1696.545718: sched_switch: prev_comm=kworker/0:2 prev_pid=1499 prev_prio=120 prev_state=R+ ==> next_comm=kworker/u9:2 next_pid=809 next_prio=100
    kworker/u9:2-809     [000] d.h1.  1696.545742: irq_handler_entry: irq=37 name=mmc1
    kworker/u9:2-809     [000] d.h1.  1696.545746: irq_handler_exit: irq=37 ret=handled
    kworker/u9:2-809     [000] d.h1.  1696.545747: irq_handler_entry: irq=37 name=mmc0
    kworker/u9:2-809     [000] d.h1.  1696.545749: irq_handler_exit: irq=37 ret=unhandled
    kworker/u9:2-809     [000] d.s3.  1696.545759: sched_wakeup: comm=kworker/u9:2 pid=809 prio=100 target_cpu=000
    kworker/u9:2-809     [000] d..2.  1696.545766: sched_stat_runtime: comm=kworker/u9:2 pid=809 runtime=58648 [ns] vruntime=18691095130 [ns]
    kworker/u9:2-809     [000] d.h1.  1696.545782: irq_handler_entry: irq=37 name=mmc1
    kworker/u9:2-809     [000] d.h1.  1696.545786: irq_handler_exit: irq=37 ret=handled
    kworker/u9:2-809     [000] d.h1.  1696.545787: irq_handler_entry: irq=37 name=mmc0
    kworker/u9:2-809     [000] d.h1.  1696.545793: irq_handler_exit: irq=37 ret=unhandled
    kworker/u9:2-809     [000] d.s3.  1696.545802: sched_wakeup: comm=kworker/u9:2 pid=809 prio=100 target_cpu=000
    kworker/u9:2-809     [000] d..2.  1696.545809: sched_stat_runtime: comm=kworker/u9:2 pid=809 runtime=42537 [ns] vruntime=18691095620 [ns]
    kworker/u9:2-809     [000] d.h1.  1696.545859: irq_handler_entry: irq=37 name=mmc1
    kworker/u9:2-809     [000] d.h1.  1696.545868: irq_handler_exit: irq=37 ret=handled
    kworker/u9:2-809     [000] d.h1.  1696.545869: irq_handler_entry: irq=37 name=mmc0
    kworker/u9:2-809     [000] d.h1.  1696.545871: irq_handler_exit: irq=37 ret=unhandled
    kworker/u9:2-809     [000] d.s3.  1696.545881: sched_wakeup: comm=kworker/u9:2 pid=809 prio=100 target_cpu=000
    kworker/u9:2-809     [000] d..2.  1696.545888: sched_stat_runtime: comm=kworker/u9:2 pid=809 runtime=79056 [ns] vruntime=18691096532 [ns]
    kworker/u9:2-809     [000] d.h1.  1696.545917: irq_handler_entry: irq=37 name=mmc1
    kworker/u9:2-809     [000] d.h1.  1696.545926: irq_handler_exit: irq=37 ret=handled
    kworker/u9:2-809     [000] d.h1.  1696.545927: irq_handler_entry: irq=37 name=mmc0
    kworker/u9:2-809     [000] d.h1.  1696.545929: irq_handler_exit: irq=37 ret=unhandled
    kworker/u9:2-809     [000] d.s3.  1696.545939: sched_wakeup: comm=kworker/u9:2 pid=809 prio=100 target_cpu=000
    kworker/u9:2-809     [000] d..2.  1696.545946: sched_stat_runtime: comm=kworker/u9:2 pid=809 runtime=57648 [ns] vruntime=18691097197 [ns]
          <idle>-0       [002] d.h1.  1696.545987: irq_handler_entry: irq=2 name=IPI
          <idle>-0       [002] dNh2.  1696.545994: sched_wakeup: comm=sshd pid=1487 prio=120 target_cpu=002
          <idle>-0       [002] dNh1.  1696.545996: irq_handler_exit: irq=2 ret=handled
          <idle>-0       [002] d..2.  1696.546009: sched_switch: prev_comm=swapper/2 prev_pid=0 prev_prio=120 prev_state=R ==> next_comm=sshd next_pid=1487 next_prio=120
    kworker/u9:2-809     [000] d.h1.  1696.546028: irq_handler_entry: irq=37 name=mmc1
    kworker/u9:2-809     [000] d.h1.  1696.546038: irq_handler_exit: irq=37 ret=handled
    kworker/u9:2-809     [000] d.h1.  1696.546039: irq_handler_entry: irq=37 name=mmc0
    kworker/u9:2-809     [000] d.h1.  1696.546040: irq_handler_exit: irq=37 ret=unhandled
    kworker/u9:2-809     [000] d.s3.  1696.546051: sched_wakeup: comm=kworker/u9:2 pid=809 prio=100 target_cpu=000
    kworker/u9:2-809     [000] d..2.  1696.546059: sched_stat_runtime: comm=kworker/u9:2 pid=809 runtime=112667 [ns] vruntime=18691098496 [ns]
    kworker/u9:2-809     [000] d..2.  1696.546078: sched_stat_runtime: comm=kworker/u9:2 pid=809 runtime=19814 [ns] vruntime=18691098724 [ns]
    kworker/u9:2-809     [000] d..2.  1696.546084: sched_switch: prev_comm=kworker/u9:2 prev_pid=809 prev_prio=100 prev_state=I ==> next_comm=kworker/0:2 next_pid=1499 next_prio=120
     kworker/0:2-1499    [000] d..2.  1696.546094: sched_stat_runtime: comm=kworker/0:2 pid=1499 runtime=15686 [ns] vruntime=18700110140 [ns]
     kworker/0:2-1499    [000] d..2.  1696.546104: sched_switch: prev_comm=kworker/0:2 prev_pid=1499 prev_prio=120 prev_state=I ==> next_comm=swapper/0 next_pid=0 next_prio=120
          <idle>-0       [003] d.h1.  1696.546163: irq_handler_entry: irq=2 name=IPI
          <idle>-0       [003] dNh2.  1696.546168: sched_wakeup: comm=kworker/u8:3 pid=1583 prio=120 target_cpu=003
          <idle>-0       [003] dNh1.  1696.546170: irq_handler_exit: irq=2 ret=handled
          <idle>-0       [003] d..2.  1696.546183: sched_switch: prev_comm=swapper/3 prev_pid=0 prev_prio=120 prev_state=R ==> next_comm=kworker/u8:3 next_pid=1583 next_prio=120
          <idle>-0       [000] d.h1.  1696.546201: irq_handler_entry: irq=2 name=IPI
            sshd-1487    [002] d..2.  1696.546202: sched_stat_runtime: comm=sshd pid=1487 runtime=210518 [ns] vruntime=378811315 [ns]
    kworker/u8:3-1583    [003] d..2.  1696.546205: sched_stat_runtime: comm=kworker/u8:3 pid=1583 runtime=38389 [ns] vruntime=18827716537 [ns]
          <idle>-0       [000] dNh2.  1696.546209: sched_wakeup: comm=bash pid=1577 prio=120 target_cpu=000
    kworker/u8:3-1583    [003] d..2.  1696.546209: sched_switch: prev_comm=kworker/u8:3 prev_pid=1583 prev_prio=120 prev_state=I ==> next_comm=swapper/3 next_pid=0 next_prio=120
            sshd-1487    [002] d..2.  1696.546209: sched_switch: prev_comm=sshd prev_pid=1487 prev_prio=120 prev_state=S ==> next_comm=swapper/2 next_pid=0 next_prio=120
          <idle>-0       [000] dNh1.  1696.546210: irq_handler_exit: irq=2 ret=handled
          <idle>-0       [000] d..2.  1696.546224: sched_switch: prev_comm=swapper/0 prev_pid=0 prev_prio=120 prev_state=R ==> next_comm=bash next_pid=1577 next_prio=120
          <idle>-0       [003] d.h1.  1696.546311: irq_handler_entry: irq=2 name=IPI
          <idle>-0       [003] dNh2.  1696.546316: sched_wakeup: comm=kworker/u8:3 pid=1583 prio=120 target_cpu=003
          <idle>-0       [003] dNh1.  1696.546317: irq_handler_exit: irq=2 ret=handled
          <idle>-0       [003] d..2.  1696.546330: sched_switch: prev_comm=swapper/3 prev_pid=0 prev_prio=120 prev_state=R ==> next_comm=kworker/u8:3 next_pid=1583 next_prio=120
            bash-1577    [000] d..2.  1696.546336: sched_stat_runtime: comm=bash pid=1577 runtime=130649 [ns] vruntime=206260288 [ns]
            bash-1577    [000] d..2.  1696.546343: sched_switch: prev_comm=bash prev_pid=1577 prev_prio=120 prev_state=S ==> next_comm=swapper/0 next_pid=0 next_prio=120
          <idle>-0       [002] d.h1.  1696.546347: irq_handler_entry: irq=2 name=IPI
    kworker/u8:3-1583    [003] d..2.  1696.546350: sched_stat_runtime: comm=kworker/u8:3 pid=1583 runtime=35722 [ns] vruntime=18827752259 [ns]
    kworker/u8:3-1583    [003] d..2.  1696.546354: sched_switch: prev_comm=kworker/u8:3 prev_pid=1583 prev_prio=120 prev_state=I ==> next_comm=swapper/3 next_pid=0 next_prio=120
          <idle>-0       [002] dNh2.  1696.546354: sched_wakeup: comm=sshd pid=1487 prio=120 target_cpu=002
          <idle>-0       [002] dNh1.  1696.546356: irq_handler_exit: irq=2 ret=handled
          <idle>-0       [002] d..2.  1696.546369: sched_switch: prev_comm=swapper/2 prev_pid=0 prev_prio=120 prev_state=R ==> next_comm=sshd next_pid=1487 next_prio=120
          <idle>-0       [000] d.h1.  1696.546530: irq_handler_entry: irq=2 name=IPI
          <idle>-0       [000] dNh2.  1696.546536: sched_wakeup: comm=kworker/u9:2 pid=809 prio=100 target_cpu=000
          <idle>-0       [000] dNh1.  1696.546537: irq_handler_exit: irq=2 ret=handled
          <idle>-0       [000] d..2.  1696.546551: sched_switch: prev_comm=swapper/0 prev_pid=0 prev_prio=120 prev_state=R ==> next_comm=kworker/u9:2 next_pid=809 next_prio=100
            sshd-1487    [002] d..2.  1696.546572: sched_stat_runtime: comm=sshd pid=1487 runtime=220667 [ns] vruntime=379031982 [ns]
            sshd-1487    [002] d..2.  1696.546580: sched_switch: prev_comm=sshd prev_pid=1487 prev_prio=120 prev_state=S ==> next_comm=swapper/2 next_pid=0 next_prio=120
    kworker/u9:2-809     [000] d.h1.  1696.546612: irq_handler_entry: irq=37 name=mmc1
    kworker/u9:2-809     [000] d.h1.  1696.546623: irq_handler_exit: irq=37 ret=handled
    kworker/u9:2-809     [000] d.h1.  1696.546624: irq_handler_entry: irq=37 name=mmc0
    kworker/u9:2-809     [000] d.h1.  1696.546626: irq_handler_exit: irq=37 ret=unhandled
    kworker/u9:2-809     [000] d..2.  1696.546633: sched_stat_runtime: comm=kworker/u9:2 pid=809 runtime=99334 [ns] vruntime=18691111285 [ns]
    kworker/u9:2-809     [000] d..2.  1696.546637: sched_switch: prev_comm=kworker/u9:2 prev_pid=809 prev_prio=100 prev_state=D ==> next_comm=swapper/0 next_pid=0 next_prio=120
          <idle>-0       [000] d.h1.  1696.546643: irq_handler_entry: irq=37 name=mmc1
          <idle>-0       [000] d.h1.  1696.546647: irq_handler_exit: irq=37 ret=handled
          <idle>-0       [000] d.h1.  1696.546648: irq_handler_entry: irq=37 name=mmc0
          <idle>-0       [000] d.h1.  1696.546649: irq_handler_exit: irq=37 ret=unhandled
          <idle>-0       [000] dNs5.  1696.546664: sched_wakeup: comm=kworker/u9:2 pid=809 prio=100 target_cpu=000
          <idle>-0       [000] d..2.  1696.546673: sched_switch: prev_comm=swapper/0 prev_pid=0 prev_prio=120 prev_state=R ==> next_comm=kworker/u9:2 next_pid=809 next_prio=100
    kworker/u9:2-809     [000] d..2.  1696.546698: sched_stat_runtime: comm=kworker/u9:2 pid=809 runtime=36537 [ns] vruntime=18691111706 [ns]
    kworker/u9:2-809     [000] d..2.  1696.546703: sched_switch: prev_comm=kworker/u9:2 prev_pid=809 prev_prio=100 prev_state=I ==> next_comm=swapper/0 next_pid=0 next_prio=120
          <idle>-0       [000] d.h1.  1696.561289: irq_handler_entry: irq=11 name=arch_timer
          <idle>-0       [000] d.h1.  1696.561298: irq_handler_exit: irq=11 ret=handled
          <idle>-0       [000] dNs5.  1696.561310: sched_wakeup: comm=brcmf_wdog/mmc1 pid=336 prio=120 target_cpu=000
          <idle>-0       [000] d..2.  1696.561338: sched_switch: prev_comm=swapper/0 prev_pid=0 prev_prio=120 prev_state=R ==> next_comm=brcmf_wdog/mmc1 next_pid=336 next_prio=120
 brcmf_wdog/mmc1-336     [000] d..2.  1696.561350: sched_stat_runtime: comm=brcmf_wdog/mmc1 pid=336 runtime=30056 [ns] vruntime=18691140196 [ns]
 brcmf_wdog/mmc1-336     [000] d..2.  1696.561354: sched_switch: prev_comm=brcmf_wdog/mmc1 prev_pid=336 prev_prio=120 prev_state=S ==> next_comm=swapper/0 next_pid=0 next_prio=120
          <idle>-0       [000] d.h1.  1696.577289: irq_handler_entry: irq=11 name=arch_timer
          <idle>-0       [000] d.h1.  1696.577297: irq_handler_exit: irq=11 ret=handled
          <idle>-0       [000] dNs5.  1696.577309: sched_wakeup: comm=brcmf_wdog/mmc1 pid=336 prio=120 target_cpu=000
          <idle>-0       [000] d..2.  1696.577335: sched_switch: prev_comm=swapper/0 prev_pid=0 prev_prio=120 prev_state=R ==> next_comm=brcmf_wdog/mmc1 next_pid=336 next_prio=120
 brcmf_wdog/mmc1-336     [000] d.h1.  1696.577369: irq_handler_entry: irq=37 name=mmc1
 brcmf_wdog/mmc1-336     [000] d.h1.  1696.577373: irq_handler_exit: irq=37 ret=handled
 brcmf_wdog/mmc1-336     [000] d.h1.  1696.577374: irq_handler_entry: irq=37 name=mmc0
 brcmf_wdog/mmc1-336     [000] d.h1.  1696.577376: irq_handler_exit: irq=37 ret=unhandled
 brcmf_wdog/mmc1-336     [000] d.s3.  1696.577386: sched_wakeup: comm=brcmf_wdog/mmc1 pid=336 prio=120 target_cpu=000
 brcmf_wdog/mmc1-336     [000] d..2.  1696.577394: sched_stat_runtime: comm=brcmf_wdog/mmc1 pid=336 runtime=75629 [ns] vruntime=18691215825 [ns]
 brcmf_wdog/mmc1-336     [000] d..2.  1696.577410: sched_stat_runtime: comm=brcmf_wdog/mmc1 pid=336 runtime=16408 [ns] vruntime=18691232233 [ns]
 brcmf_wdog/mmc1-336     [000] d..2.  1696.577415: sched_switch: prev_comm=brcmf_wdog/mmc1 prev_pid=336 prev_prio=120 prev_state=S ==> next_comm=swapper/0 next_pid=0 next_prio=120
          <idle>-0       [000] d.h1.  1696.589289: irq_handler_entry: irq=11 name=arch_timer
          <idle>-0       [000] d.h1.  1696.589297: irq_handler_exit: irq=11 ret=handled
          <idle>-0       [000] d.h1.  1696.594888: irq_handler_entry: irq=37 name=mmc1
          <idle>-0       [000] dNh6.  1696.594900: sched_wakeup: comm=kworker/0:2 pid=1499 prio=120 target_cpu=000
          <idle>-0       [000] dNh1.  1696.594902: irq_handler_exit: irq=37 ret=handled
          <idle>-0       [000] dNh1.  1696.594903: irq_handler_entry: irq=37 name=mmc0
          <idle>-0       [000] dNh1.  1696.594904: irq_handler_exit: irq=37 ret=unhandled
          <idle>-0       [000] d..2.  1696.594919: sched_switch: prev_comm=swapper/0 prev_pid=0 prev_prio=120 prev_state=R ==> next_comm=kworker/0:2 next_pid=1499 next_prio=120
     kworker/0:2-1499    [000] d.h1.  1696.594949: irq_handler_entry: irq=37 name=mmc1
     kworker/0:2-1499    [000] d.h1.  1696.594953: irq_handler_exit: irq=37 ret=handled
     kworker/0:2-1499    [000] d.h1.  1696.594954: irq_handler_entry: irq=37 name=mmc0
     kworker/0:2-1499    [000] d.h1.  1696.594955: irq_handler_exit: irq=37 ret=unhandled
     kworker/0:2-1499    [000] d.s3.  1696.594966: sched_wakeup: comm=kworker/0:2 pid=1499 prio=120 target_cpu=000
     kworker/0:2-1499    [000] d..2.  1696.594973: sched_stat_runtime: comm=kworker/0:2 pid=1499 runtime=76407 [ns] vruntime=18700186547 [ns]
     kworker/0:2-1499    [000] d.h1.  1696.594998: irq_handler_entry: irq=37 name=mmc1
     kworker/0:2-1499    [000] d.h1.  1696.595005: irq_handler_exit: irq=37 ret=handled
     kworker/0:2-1499    [000] d.h1.  1696.595006: irq_handler_entry: irq=37 name=mmc0
     kworker/0:2-1499    [000] d.h1.  1696.595008: irq_handler_exit: irq=37 ret=unhandled
     kworker/0:2-1499    [000] d.s3.  1696.595017: sched_wakeup: comm=kworker/0:2 pid=1499 prio=120 target_cpu=000
     kworker/0:2-1499    [000] d..2.  1696.595024: sched_stat_runtime: comm=kworker/0:2 pid=1499 runtime=51037 [ns] vruntime=18700237584 [ns]
     kworker/0:2-1499    [000] d.h1.  1696.595047: irq_handler_entry: irq=37 name=mmc1
     kworker/0:2-1499    [000] d.h1.  1696.595051: irq_handler_exit: irq=37 ret=handled
     kworker/0:2-1499    [000] d.h1.  1696.595052: irq_handler_entry: irq=37 name=mmc0
     kworker/0:2-1499    [000] d.h1.  1696.595054: irq_handler_exit: irq=37 ret=unhandled
     kworker/0:2-1499    [000] d.h1.  1696.595056: irq_handler_entry: irq=37 name=mmc1
     kworker/0:2-1499    [000] d.h1.  1696.595060: irq_handler_exit: irq=37 ret=handled
     kworker/0:2-1499    [000] d.h1.  1696.595061: irq_handler_entry: irq=37 name=mmc0
     kworker/0:2-1499    [000] d.h1.  1696.595062: irq_handler_exit: irq=37 ret=unhandled
     kworker/0:2-1499    [000] d.s3.  1696.595072: sched_wakeup: comm=kworker/0:2 pid=1499 prio=120 target_cpu=000
     kworker/0:2-1499    [000] d..2.  1696.595078: sched_stat_runtime: comm=kworker/0:2 pid=1499 runtime=54167 [ns] vruntime=18700291751 [ns]
     kworker/0:2-1499    [000] d..4.  1696.595088: sched_stat_runtime: comm=kworker/0:2 pid=1499 runtime=10037 [ns] vruntime=18700301788 [ns]
     kworker/0:2-1499    [000] dN.4.  1696.595094: sched_wakeup: comm=kworker/u9:2 pid=809 prio=100 target_cpu=000
     kworker/0:2-1499    [000] d..2.  1696.595108: sched_switch: prev_comm=kworker/0:2 prev_pid=1499 prev_prio=120 prev_state=R+ ==> next_comm=kworker/u9:2 next_pid=809 next_prio=100
    kworker/u9:2-809     [000] d..2.  1696.595124: sched_stat_runtime: comm=kworker/u9:2 pid=809 runtime=33741 [ns] vruntime=18691302177 [ns]
    kworker/u9:2-809     [000] d..2.  1696.595128: sched_switch: prev_comm=kworker/u9:2 prev_pid=809 prev_prio=100 prev_state=D ==> next_comm=kworker/0:2 next_pid=1499 next_prio=120
     kworker/0:2-1499    [000] d..4.  1696.595137: sched_stat_runtime: comm=kworker/0:2 pid=1499 runtime=14981 [ns] vruntime=18700316769 [ns]
     kworker/0:2-1499    [000] dN.4.  1696.595140: sched_wakeup: comm=kworker/u9:2 pid=809 prio=100 target_cpu=000
     kworker/0:2-1499    [000] d..2.  1696.595146: sched_switch: prev_comm=kworker/0:2 prev_pid=1499 prev_prio=120 prev_state=R+ ==> next_comm=kworker/u9:2 next_pid=809 next_prio=100
    kworker/u9:2-809     [000] d.h1.  1696.595170: irq_handler_entry: irq=37 name=mmc1
    kworker/u9:2-809     [000] d.h1.  1696.595174: irq_handler_exit: irq=37 ret=handled
    kworker/u9:2-809     [000] d.h1.  1696.595175: irq_handler_entry: irq=37 name=mmc0
    kworker/u9:2-809     [000] d.h1.  1696.595176: irq_handler_exit: irq=37 ret=unhandled
    kworker/u9:2-809     [000] d.s3.  1696.595186: sched_wakeup: comm=kworker/u9:2 pid=809 prio=100 target_cpu=000
    kworker/u9:2-809     [000] d..2.  1696.595193: sched_stat_runtime: comm=kworker/u9:2 pid=809 runtime=56519 [ns] vruntime=18691317421 [ns]
    kworker/u9:2-809     [000] d.h1.  1696.595210: irq_handler_entry: irq=37 name=mmc1
    kworker/u9:2-809     [000] d.h1.  1696.595213: irq_handler_exit: irq=37 ret=handled
    kworker/u9:2-809     [000] d.h1.  1696.595214: irq_handler_entry: irq=37 name=mmc0
    kworker/u9:2-809     [000] d.h1.  1696.595216: irq_handler_exit: irq=37 ret=unhandled
    kworker/u9:2-809     [000] d.s3.  1696.595225: sched_wakeup: comm=kworker/u9:2 pid=809 prio=100 target_cpu=000
    kworker/u9:2-809     [000] d..2.  1696.595232: sched_stat_runtime: comm=kworker/u9:2 pid=809 runtime=38611 [ns] vruntime=18691317866 [ns]
    kworker/u9:2-809     [000] d.h1.  1696.595277: irq_handler_entry: irq=37 name=mmc1
    kworker/u9:2-809     [000] d.h1.  1696.595286: irq_handler_exit: irq=37 ret=handled
    kworker/u9:2-809     [000] d.h1.  1696.595287: irq_handler_entry: irq=37 name=mmc0
    kworker/u9:2-809     [000] d.h1.  1696.595289: irq_handler_exit: irq=37 ret=unhandled
    kworker/u9:2-809     [000] d.s3.  1696.595299: sched_wakeup: comm=kworker/u9:2 pid=809 prio=100 target_cpu=000
    kworker/u9:2-809     [000] d..2.  1696.595306: sched_stat_runtime: comm=kworker/u9:2 pid=809 runtime=74037 [ns] vruntime=18691318720 [ns]
    kworker/u9:2-809     [000] d.h1.  1696.595335: irq_handler_entry: irq=37 name=mmc1
    kworker/u9:2-809     [000] d.h1.  1696.595341: irq_handler_exit: irq=37 ret=handled
    kworker/u9:2-809     [000] d.h1.  1696.595342: irq_handler_entry: irq=37 name=mmc0
    kworker/u9:2-809     [000] d.h1.  1696.595344: irq_handler_exit: irq=37 ret=unhandled
    kworker/u9:2-809     [000] d.s3.  1696.595354: sched_wakeup: comm=kworker/u9:2 pid=809 prio=100 target_cpu=000
    kworker/u9:2-809     [000] d..2.  1696.595361: sched_stat_runtime: comm=kworker/u9:2 pid=809 runtime=54629 [ns] vruntime=18691319350 [ns]
    kworker/u9:2-809     [000] d.h1.  1696.595439: irq_handler_entry: irq=37 name=mmc1
    kworker/u9:2-809     [000] d.h1.  1696.595449: irq_handler_exit: irq=37 ret=handled
    kworker/u9:2-809     [000] d.h1.  1696.595450: irq_handler_entry: irq=37 name=mmc0
    kworker/u9:2-809     [000] d.h1.  1696.595452: irq_handler_exit: irq=37 ret=unhandled
    kworker/u9:2-809     [000] d.s3.  1696.595463: sched_wakeup: comm=kworker/u9:2 pid=809 prio=100 target_cpu=000
    kworker/u9:2-809     [000] d..2.  1696.595470: sched_stat_runtime: comm=kworker/u9:2 pid=809 runtime=109278 [ns] vruntime=18691320610 [ns]
    kworker/u9:2-809     [000] d..2.  1696.595489: sched_stat_runtime: comm=kworker/u9:2 pid=809 runtime=19000 [ns] vruntime=18691320829 [ns]
    kworker/u9:2-809     [000] d..2.  1696.595494: sched_switch: prev_comm=kworker/u9:2 prev_pid=809 prev_prio=100 prev_state=I ==> next_comm=kworker/0:2 next_pid=1499 next_prio=120
     kworker/0:2-1499    [000] d..2.  1696.595503: sched_stat_runtime: comm=kworker/0:2 pid=1499 runtime=14296 [ns] vruntime=18700331065 [ns]
     kworker/0:2-1499    [000] d..2.  1696.595512: sched_switch: prev_comm=kworker/0:2 prev_pid=1499 prev_prio=120 prev_state=I ==> next_comm=swapper/0 next_pid=0 next_prio=120
          <idle>-0       [002] d.h1.  1696.603235: irq_handler_entry: irq=11 name=arch_timer
          <idle>-0       [002] dNh4.  1696.603246: sched_wakeup: comm=lxpanel pid=766 prio=120 target_cpu=002
          <idle>-0       [002] dNh1.  1696.603249: irq_handler_exit: irq=11 ret=handled
          <idle>-0       [002] d..2.  1696.603263: sched_switch: prev_comm=swapper/2 prev_pid=0 prev_prio=120 prev_state=R ==> next_comm=lxpanel next_pid=766 next_prio=120
         lxpanel-766     [002] d..2.  1696.603396: sched_stat_runtime: comm=lxpanel pid=766 runtime=153185 [ns] vruntime=2604105879 [ns]
         lxpanel-766     [002] d..2.  1696.603404: sched_switch: prev_comm=lxpanel prev_pid=766 prev_prio=120 prev_state=S ==> next_comm=swapper/2 next_pid=0 next_prio=120
          <idle>-0       [000] d.h1.  1696.609290: irq_handler_entry: irq=11 name=arch_timer
          <idle>-0       [000] d.h1.  1696.609299: irq_handler_exit: irq=11 ret=handled
          <idle>-0       [000] dNs5.  1696.609312: sched_wakeup: comm=brcmf_wdog/mmc1 pid=336 prio=120 target_cpu=000
          <idle>-0       [000] d..2.  1696.609339: sched_switch: prev_comm=swapper/0 prev_pid=0 prev_prio=120 prev_state=R ==> next_comm=brcmf_wdog/mmc1 next_pid=336 next_prio=120
 brcmf_wdog/mmc1-336     [000] d..2.  1696.609351: sched_stat_runtime: comm=brcmf_wdog/mmc1 pid=336 runtime=29166 [ns] vruntime=18691360231 [ns]
 brcmf_wdog/mmc1-336     [000] d..2.  1696.609355: sched_switch: prev_comm=brcmf_wdog/mmc1 prev_pid=336 prev_prio=120 prev_state=S ==> next_comm=swapper/0 next_pid=0 next_prio=120
          <idle>-0       [000] d.h1.  1696.625290: irq_handler_entry: irq=11 name=arch_timer
          <idle>-0       [000] d.h1.  1696.625297: irq_handler_exit: irq=11 ret=handled
          <idle>-0       [000] dNs5.  1696.625309: sched_wakeup: comm=brcmf_wdog/mmc1 pid=336 prio=120 target_cpu=000
          <idle>-0       [000] d..2.  1696.625335: sched_switch: prev_comm=swapper/0 prev_pid=0 prev_prio=120 prev_state=R ==> next_comm=brcmf_wdog/mmc1 next_pid=336 next_prio=120
 brcmf_wdog/mmc1-336     [000] d.h1.  1696.625369: irq_handler_entry: irq=37 name=mmc1
 brcmf_wdog/mmc1-336     [000] d.h1.  1696.625373: irq_handler_exit: irq=37 ret=handled
 brcmf_wdog/mmc1-336     [000] d.h1.  1696.625374: irq_handler_entry: irq=37 name=mmc0
 brcmf_wdog/mmc1-336     [000] d.h1.  1696.625376: irq_handler_exit: irq=37 ret=unhandled
 brcmf_wdog/mmc1-336     [000] d.s3.  1696.625387: sched_wakeup: comm=brcmf_wdog/mmc1 pid=336 prio=120 target_cpu=000
 brcmf_wdog/mmc1-336     [000] d..2.  1696.625394: sched_stat_runtime: comm=brcmf_wdog/mmc1 pid=336 runtime=75241 [ns] vruntime=18691435472 [ns]
 brcmf_wdog/mmc1-336     [000] d..2.  1696.625410: sched_stat_runtime: comm=brcmf_wdog/mmc1 pid=336 runtime=16277 [ns] vruntime=18691451749 [ns]
 brcmf_wdog/mmc1-336     [000] d..2.  1696.625415: sched_switch: prev_comm=brcmf_wdog/mmc1 prev_pid=336 prev_prio=120 prev_state=S ==> next_comm=swapper/0 next_pid=0 next_prio=120
          <idle>-0       [003] d.h1.  1696.757290: irq_handler_entry: irq=11 name=arch_timer
          <idle>-0       [000] d.h1.  1696.757290: irq_handler_entry: irq=11 name=arch_timer
          <idle>-0       [002] d.h1.  1696.757290: irq_handler_entry: irq=11 name=arch_timer
          <idle>-0       [000] d.h1.  1696.757298: irq_handler_exit: irq=11 ret=handled
          <idle>-0       [003] d.h1.  1696.757299: irq_handler_exit: irq=11 ret=handled
          <idle>-0       [002] d.h1.  1696.757300: irq_handler_exit: irq=11 ret=handled
          <idle>-0       [000] dNs5.  1696.757311: sched_wakeup: comm=kworker/0:2 pid=1499 prio=120 target_cpu=000
          <idle>-0       [003] dNs5.  1696.757313: sched_wakeup: comm=kworker/u8:3 pid=1583 prio=120 target_cpu=003
          <idle>-0       [002] dNs5.  1696.757314: sched_wakeup: comm=kworker/2:3 pid=168 prio=120 target_cpu=002
          <idle>-0       [000] dNH2.  1696.757317: irq_handler_entry: irq=6 name=IPI
          <idle>-0       [000] dNH2.  1696.757320: irq_handler_exit: irq=6 ret=handled
          <idle>-0       [002] d..2.  1696.757342: sched_switch: prev_comm=swapper/2 prev_pid=0 prev_prio=120 prev_state=R ==> next_comm=kworker/2:3 next_pid=168 next_prio=120
          <idle>-0       [000] d..2.  1696.757344: sched_switch: prev_comm=swapper/0 prev_pid=0 prev_prio=120 prev_state=R ==> next_comm=kworker/0:2 next_pid=1499 next_prio=120
          <idle>-0       [003] d..2.  1696.757346: sched_switch: prev_comm=swapper/3 prev_pid=0 prev_prio=120 prev_state=R ==> next_comm=kworker/u8:3 next_pid=1583 next_prio=120
     kworker/2:3-168     [002] d..2.  1696.757362: sched_stat_runtime: comm=kworker/2:3 pid=168 runtime=40963 [ns] vruntime=19371124007 [ns]
     kworker/2:3-168     [002] d..2.  1696.757367: sched_switch: prev_comm=kworker/2:3 prev_pid=168 prev_prio=120 prev_state=I ==> next_comm=swapper/2 next_pid=0 next_prio=120
     kworker/0:2-1499    [000] d..2.  1696.757370: sched_stat_runtime: comm=kworker/0:2 pid=1499 runtime=43574 [ns] vruntime=18700374639 [ns]
     kworker/0:2-1499    [000] d..2.  1696.757375: sched_switch: prev_comm=kworker/0:2 prev_pid=1499 prev_prio=120 prev_state=I ==> next_comm=swapper/0 next_pid=0 next_prio=120
    kworker/u8:3-1583    [003] d..2.  1696.757389: sched_stat_runtime: comm=kworker/u8:3 pid=1583 runtime=61852 [ns] vruntime=18827814111 [ns]
    kworker/u8:3-1583    [003] d..2.  1696.757394: sched_switch: prev_comm=kworker/u8:3 prev_pid=1583 prev_prio=120 prev_state=I ==> next_comm=swapper/3 next_pid=0 next_prio=120
          <idle>-0       [000] d.h1.  1696.761290: irq_handler_entry: irq=11 name=arch_timer
          <idle>-0       [002] d.h1.  1696.761291: irq_handler_entry: irq=11 name=arch_timer
          <idle>-0       [002] d.h1.  1696.761300: irq_handler_exit: irq=11 ret=handled
          <idle>-0       [000] d.h1.  1696.761301: irq_handler_exit: irq=11 ret=handled
          <idle>-0       [000] d.h1.  1696.761318: irq_handler_entry: irq=2 name=IPI
          <idle>-0       [000] dNh2.  1696.761324: sched_wakeup: comm=rcu_preempt pid=15 prio=120 target_cpu=000
          <idle>-0       [000] dNh1.  1696.761326: irq_handler_exit: irq=2 ret=handled
          <idle>-0       [000] d..2.  1696.761335: sched_switch: prev_comm=swapper/0 prev_pid=0 prev_prio=120 prev_state=R ==> next_comm=rcu_preempt next_pid=15 next_prio=120
     rcu_preempt-15      [000] d..2.  1696.761363: sched_stat_runtime: comm=rcu_preempt pid=15 runtime=42277 [ns] vruntime=18691416916 [ns]
     rcu_preempt-15      [000] d..2.  1696.761368: sched_switch: prev_comm=rcu_preempt prev_pid=15 prev_prio=120 prev_state=I ==> next_comm=swapper/0 next_pid=0 next_prio=120
          <idle>-0       [002] d.h1.  1696.765289: irq_handler_entry: irq=11 name=arch_timer
          <idle>-0       [000] d.h1.  1696.765289: irq_handler_entry: irq=11 name=arch_timer
          <idle>-0       [002] d.h1.  1696.765297: irq_handler_exit: irq=11 ret=handled
          <idle>-0       [000] d.h1.  1696.765300: irq_handler_exit: irq=11 ret=handled
          <idle>-0       [000] d.h1.  1696.766430: irq_handler_entry: irq=37 name=mmc1
          <idle>-0       [000] dNh6.  1696.766441: sched_wakeup: comm=kworker/0:2 pid=1499 prio=120 target_cpu=000
          <idle>-0       [000] dNh1.  1696.766443: irq_handler_exit: irq=37 ret=handled
          <idle>-0       [000] dNh1.  1696.766444: irq_handler_entry: irq=37 name=mmc0
          <idle>-0       [000] dNh1.  1696.766446: irq_handler_exit: irq=37 ret=unhandled
          <idle>-0       [000] d..2.  1696.766456: sched_switch: prev_comm=swapper/0 prev_pid=0 prev_prio=120 prev_state=R ==> next_comm=kworker/0:2 next_pid=1499 next_prio=120
     kworker/0:2-1499    [000] d.h1.  1696.766486: irq_handler_entry: irq=37 name=mmc1
     kworker/0:2-1499    [000] d.h1.  1696.766490: irq_handler_exit: irq=37 ret=handled
     kworker/0:2-1499    [000] d.h1.  1696.766491: irq_handler_entry: irq=37 name=mmc0
     kworker/0:2-1499    [000] d.h1.  1696.766493: irq_handler_exit: irq=37 ret=unhandled
     kworker/0:2-1499    [000] d.s3.  1696.766503: sched_wakeup: comm=kworker/0:2 pid=1499 prio=120 target_cpu=000
     kworker/0:2-1499    [000] d..2.  1696.766510: sched_stat_runtime: comm=kworker/0:2 pid=1499 runtime=71537 [ns] vruntime=18700446176 [ns]
     kworker/0:2-1499    [000] d.h1.  1696.766536: irq_handler_entry: irq=37 name=mmc1
     kworker/0:2-1499    [000] d.h1.  1696.766542: irq_handler_exit: irq=37 ret=handled
     kworker/0:2-1499    [000] d.h1.  1696.766543: irq_handler_entry: irq=37 name=mmc0
     kworker/0:2-1499    [000] d.h1.  1696.766545: irq_handler_exit: irq=37 ret=unhandled
     kworker/0:2-1499    [000] d.s3.  1696.766555: sched_wakeup: comm=kworker/0:2 pid=1499 prio=120 target_cpu=000
     kworker/0:2-1499    [000] d..2.  1696.766561: sched_stat_runtime: comm=kworker/0:2 pid=1499 runtime=51333 [ns] vruntime=18700497509 [ns]
     kworker/0:2-1499    [000] d.h1.  1696.766585: irq_handler_entry: irq=37 name=mmc1
     kworker/0:2-1499    [000] d.h1.  1696.766589: irq_handler_exit: irq=37 ret=handled
     kworker/0:2-1499    [000] d.h1.  1696.766590: irq_handler_entry: irq=37 name=mmc0
     kworker/0:2-1499    [000] d.h1.  1696.766591: irq_handler_exit: irq=37 ret=unhandled
     kworker/0:2-1499    [000] d.h1.  1696.766594: irq_handler_entry: irq=37 name=mmc1
     kworker/0:2-1499    [000] d.h1.  1696.766597: irq_handler_exit: irq=37 ret=handled
     kworker/0:2-1499    [000] d.h1.  1696.766598: irq_handler_entry: irq=37 name=mmc0
     kworker/0:2-1499    [000] d.h1.  1696.766600: irq_handler_exit: irq=37 ret=unhandled
     kworker/0:2-1499    [000] d.s3.  1696.766609: sched_wakeup: comm=kworker/0:2 pid=1499 prio=120 target_cpu=000
     kworker/0:2-1499    [000] d..2.  1696.766615: sched_stat_runtime: comm=kworker/0:2 pid=1499 runtime=54222 [ns] vruntime=18700551731 [ns]
     kworker/0:2-1499    [000] d..4.  1696.766625: sched_stat_runtime: comm=kworker/0:2 pid=1499 runtime=9574 [ns] vruntime=18700561305 [ns]
     kworker/0:2-1499    [000] dN.4.  1696.766630: sched_wakeup: comm=kworker/u9:2 pid=809 prio=100 target_cpu=000
     kworker/0:2-1499    [000] d..2.  1696.766643: sched_switch: prev_comm=kworker/0:2 prev_pid=1499 prev_prio=120 prev_state=R+ ==> next_comm=kworker/u9:2 next_pid=809 next_prio=100
    kworker/u9:2-809     [000] d..2.  1696.766658: sched_stat_runtime: comm=kworker/u9:2 pid=809 runtime=32297 [ns] vruntime=18691561677 [ns]
    kworker/u9:2-809     [000] d..2.  1696.766662: sched_switch: prev_comm=kworker/u9:2 prev_pid=809 prev_prio=100 prev_state=D ==> next_comm=kworker/0:2 next_pid=1499 next_prio=120
     kworker/0:2-1499    [000] d..4.  1696.766672: sched_stat_runtime: comm=kworker/0:2 pid=1499 runtime=13203 [ns] vruntime=18700574508 [ns]
     kworker/0:2-1499    [000] dN.4.  1696.766676: sched_wakeup: comm=kworker/u9:2 pid=809 prio=100 target_cpu=000
     kworker/0:2-1499    [000] d..2.  1696.766682: sched_switch: prev_comm=kworker/0:2 prev_pid=1499 prev_prio=120 prev_state=R+ ==> next_comm=kworker/u9:2 next_pid=809 next_prio=100
    kworker/u9:2-809     [000] d.h1.  1696.766705: irq_handler_entry: irq=37 name=mmc1
    kworker/u9:2-809     [000] d.h1.  1696.766709: irq_handler_exit: irq=37 ret=handled
    kworker/u9:2-809     [000] d.h1.  1696.766710: irq_handler_entry: irq=37 name=mmc0
    kworker/u9:2-809     [000] d.h1.  1696.766712: irq_handler_exit: irq=37 ret=unhandled
    kworker/u9:2-809     [000] d.s3.  1696.766722: sched_wakeup: comm=kworker/u9:2 pid=809 prio=100 target_cpu=000
    kworker/u9:2-809     [000] d..2.  1696.766729: sched_stat_runtime: comm=kworker/u9:2 pid=809 runtime=58704 [ns] vruntime=18691575185 [ns]
    kworker/u9:2-809     [000] d.h1.  1696.766745: irq_handler_entry: irq=37 name=mmc1
    kworker/u9:2-809     [000] d.h1.  1696.766749: irq_handler_exit: irq=37 ret=handled
    kworker/u9:2-809     [000] d.h1.  1696.766750: irq_handler_entry: irq=37 name=mmc0
    kworker/u9:2-809     [000] d.h1.  1696.766752: irq_handler_exit: irq=37 ret=unhandled
    kworker/u9:2-809     [000] d.s3.  1696.766761: sched_wakeup: comm=kworker/u9:2 pid=809 prio=100 target_cpu=000
    kworker/u9:2-809     [000] d..2.  1696.766768: sched_stat_runtime: comm=kworker/u9:2 pid=809 runtime=38500 [ns] vruntime=18691575629 [ns]
    kworker/u9:2-809     [000] d.h1.  1696.766813: irq_handler_entry: irq=37 name=mmc1
    kworker/u9:2-809     [000] d.h1.  1696.766822: irq_handler_exit: irq=37 ret=handled
    kworker/u9:2-809     [000] d.h1.  1696.766823: irq_handler_entry: irq=37 name=mmc0
    kworker/u9:2-809     [000] d.h1.  1696.766825: irq_handler_exit: irq=37 ret=unhandled
    kworker/u9:2-809     [000] d.s3.  1696.766835: sched_wakeup: comm=kworker/u9:2 pid=809 prio=100 target_cpu=000
    kworker/u9:2-809     [000] d..2.  1696.766842: sched_stat_runtime: comm=kworker/u9:2 pid=809 runtime=73982 [ns] vruntime=18691576482 [ns]
    kworker/u9:2-809     [000] d.h1.  1696.766870: irq_handler_entry: irq=37 name=mmc1
    kworker/u9:2-809     [000] d.h1.  1696.766880: irq_handler_exit: irq=37 ret=handled
    kworker/u9:2-809     [000] d.h1.  1696.766881: irq_handler_entry: irq=37 name=mmc0
    kworker/u9:2-809     [000] d.h1.  1696.766883: irq_handler_exit: irq=37 ret=unhandled
    kworker/u9:2-809     [000] d.s3.  1696.766893: sched_wakeup: comm=kworker/u9:2 pid=809 prio=100 target_cpu=000
    kworker/u9:2-809     [000] d..2.  1696.766900: sched_stat_runtime: comm=kworker/u9:2 pid=809 runtime=57814 [ns] vruntime=18691577148 [ns]
          <idle>-0       [002] d.h1.  1696.766941: irq_handler_entry: irq=2 name=IPI
          <idle>-0       [002] dNh2.  1696.766949: sched_wakeup: comm=sshd pid=1487 prio=120 target_cpu=002
          <idle>-0       [002] dNh1.  1696.766950: irq_handler_exit: irq=2 ret=handled
