     kworker/0:2-1499    [000] d.h1.  1697.034148: irq_handler_entry: irq=37 name=mmc1
     kworker/0:2-1499    [000] d.h1.  1697.034152: irq_handler_exit: irq=37 ret=handled
     kworker/0:2-1499    [000] d.h1.  1697.034153: irq_handler_entry: irq=37 name=mmc0
     kworker/0:2-1499    [000] d.h1.  1697.034155: irq_handler_exit: irq=37 ret=unhandled
     kworker/0:2-1499    [000] d.h1.  1697.034157: irq_handler_entry: irq=37 name=mmc1
     kworker/0:2-1499    [000] d.h1.  1697.034160: irq_handler_exit: irq=37 ret=handled
     kworker/0:2-1499    [000] d.h1.  1697.034161: irq_handler_entry: irq=37 name=mmc0
     kworker/0:2-1499    [000] d.h1.  1697.034163: irq_handler_exit: irq=37 ret=unhandled
     kworker/0:2-1499    [000] d.s3.  1697.034172: sched_wakeup: comm=kworker/0:2 pid=1499 prio=120 target_cpu=000
     kworker/0:2-1499    [000] d..2.  1697.034178: sched_stat_runtime: comm=kworker/0:2 pid=1499 runtime=53278 [ns] vruntime=18701637544 [ns]
     kworker/0:2-1499    [000] d..4.  1697.034188: sched_stat_runtime: comm=kworker/0:2 pid=1499 runtime=9518 [ns] vruntime=18701647062 [ns]
     kworker/0:2-1499    [000] dN.4.  1697.034193: sched_wakeup: comm=kworker/u9:2 pid=809 prio=100 target_cpu=000
     kworker/0:2-1499    [000] d..2.  1697.034206: sched_switch: prev_comm=kworker/0:2 prev_pid=1499 prev_prio=120 prev_state=R+ ==> next_comm=kworker/u9:2 next_pid=809 next_prio=100
    kworker/u9:2-809     [000] d..2.  1697.034220: sched_stat_runtime: comm=kworker/u9:2 pid=809 runtime=31686 [ns] vruntime=18692647427 [ns]
    kworker/u9:2-809     [000] d..2.  1697.034224: sched_switch: prev_comm=kworker/u9:2 prev_pid=809 prev_prio=100 prev_state=D ==> next_comm=kworker/0:2 next_pid=1499 next_prio=120
     kworker/0:2-1499    [000] d..4.  1697.034232: sched_stat_runtime: comm=kworker/0:2 pid=1499 runtime=12759 [ns] vruntime=18701659821 [ns]
     kworker/0:2-1499    [000] dN.4.  1697.034236: sched_wakeup: comm=kworker/u9:2 pid=809 prio=100 target_cpu=000
     kworker/0:2-1499    [000] d..2.  1697.034242: sched_switch: prev_comm=kworker/0:2 prev_pid=1499 prev_prio=120 prev_state=R+ ==> next_comm=kworker/u9:2 next_pid=809 next_prio=100
    kworker/u9:2-809     [000] d.h1.  1697.034293: irq_handler_entry: irq=37 name=mmc1
    kworker/u9:2-809     [000] d.h1.  1697.034302: irq_handler_exit: irq=37 ret=handled
    kworker/u9:2-809     [000] d.h1.  1697.034303: irq_handler_entry: irq=37 name=mmc0
    kworker/u9:2-809     [000] d.h1.  1697.034304: irq_handler_exit: irq=37 ret=unhandled
    kworker/u9:2-809     [000] d.s3.  1697.034315: sched_wakeup: comm=kworker/u9:2 pid=809 prio=100 target_cpu=000
    kworker/u9:2-809     [000] d..2.  1697.034322: sched_stat_runtime: comm=kworker/u9:2 pid=809 runtime=89611 [ns] vruntime=18692660854 [ns]
    kworker/u9:2-809     [000] d.h1.  1697.034351: irq_handler_entry: irq=37 name=mmc1
    kworker/u9:2-809     [000] d.h1.  1697.034354: irq_handler_exit: irq=37 ret=handled
    kworker/u9:2-809     [000] d.h1.  1697.034355: irq_handler_entry: irq=37 name=mmc0
    kworker/u9:2-809     [000] d.h1.  1697.034356: irq_handler_exit: irq=37 ret=unhandled
    kworker/u9:2-809     [000] d..2.  1697.034363: sched_stat_runtime: comm=kworker/u9:2 pid=809 runtime=40185 [ns] vruntime=18692661317 [ns]
    kworker/u9:2-809     [000] d..2.  1697.034367: sched_switch: prev_comm=kworker/u9:2 prev_pid=809 prev_prio=100 prev_state=D ==> next_comm=kworker/0:2 next_pid=1499 next_prio=120
     kworker/0:2-1499    [000] d.h1.  1697.034372: irq_handler_entry: irq=37 name=mmc1
     kworker/0:2-1499    [000] d.h1.  1697.034394: irq_handler_exit: irq=37 ret=handled
     kworker/0:2-1499    [000] d.h1.  1697.034395: irq_handler_entry: irq=37 name=mmc0
     kworker/0:2-1499    [000] d.h1.  1697.034396: irq_handler_exit: irq=37 ret=unhandled
     kworker/0:2-1499    [000] d.s5.  1697.034408: sched_stat_runtime: comm=kworker/0:2 pid=1499 runtime=45315 [ns] vruntime=18701705136 [ns]
     kworker/0:2-1499    [000] dNs5.  1697.034412: sched_wakeup: comm=kworker/u9:2 pid=809 prio=100 target_cpu=000
     kworker/0:2-1499    [000] d..2.  1697.034422: sched_switch: prev_comm=kworker/0:2 prev_pid=1499 prev_prio=120 prev_state=R+ ==> next_comm=kworker/u9:2 next_pid=809 next_prio=100
    kworker/u9:2-809     [000] d.h1.  1697.034475: irq_handler_entry: irq=37 name=mmc1
    kworker/u9:2-809     [000] d.h1.  1697.034485: irq_handler_exit: irq=37 ret=handled
    kworker/u9:2-809     [000] d.h1.  1697.034486: irq_handler_entry: irq=37 name=mmc0
    kworker/u9:2-809     [000] d.h1.  1697.034487: irq_handler_exit: irq=37 ret=unhandled
    kworker/u9:2-809     [000] d.s3.  1697.034498: sched_wakeup: comm=kworker/u9:2 pid=809 prio=100 target_cpu=000
    kworker/u9:2-809     [000] d..2.  1697.034505: sched_stat_runtime: comm=kworker/u9:2 pid=809 runtime=97241 [ns] vruntime=18692706257 [ns]
    kworker/u9:2-809     [000] d..2.  1697.034523: sched_stat_runtime: comm=kworker/u9:2 pid=809 runtime=18352 [ns] vruntime=18692706468 [ns]
    kworker/u9:2-809     [000] d..2.  1697.034528: sched_switch: prev_comm=kworker/u9:2 prev_pid=809 prev_prio=100 prev_state=I ==> next_comm=kworker/0:2 next_pid=1499 next_prio=120
     kworker/0:2-1499    [000] d..2.  1697.034547: sched_stat_runtime: comm=kworker/0:2 pid=1499 runtime=23814 [ns] vruntime=18701728950 [ns]
     kworker/0:2-1499    [000] d..2.  1697.034557: sched_switch: prev_comm=kworker/0:2 prev_pid=1499 prev_prio=120 prev_state=I ==> next_comm=swapper/0 next_pid=0 next_prio=120
          <idle>-0       [000] d.h1.  1697.049297: irq_handler_entry: irq=11 name=arch_timer
          <idle>-0       [000] d.h1.  1697.049306: irq_handler_exit: irq=11 ret=handled
          <idle>-0       [000] dNs5.  1697.049321: sched_wakeup: comm=brcmf_wdog/mmc1 pid=336 prio=120 target_cpu=000
          <idle>-0       [000] d..2.  1697.049349: sched_switch: prev_comm=swapper/0 prev_pid=0 prev_prio=120 prev_state=R ==> next_comm=brcmf_wdog/mmc1 next_pid=336 next_prio=120
 brcmf_wdog/mmc1-336     [000] d..2.  1697.049362: sched_stat_runtime: comm=brcmf_wdog/mmc1 pid=336 runtime=30426 [ns] vruntime=18692759376 [ns]
 brcmf_wdog/mmc1-336     [000] d..2.  1697.049366: sched_switch: prev_comm=brcmf_wdog/mmc1 prev_pid=336 prev_prio=120 prev_state=S ==> next_comm=swapper/0 next_pid=0 next_prio=120
          <idle>-0       [000] d.h1.  1697.052795: irq_handler_entry: irq=37 name=mmc1
          <idle>-0       [000] dNh6.  1697.052806: sched_wakeup: comm=kworker/0:2 pid=1499 prio=120 target_cpu=000
          <idle>-0       [000] dNh1.  1697.052808: irq_handler_exit: irq=37 ret=handled
          <idle>-0       [000] dNh1.  1697.052809: irq_handler_entry: irq=37 name=mmc0
          <idle>-0       [000] dNh1.  1697.052811: irq_handler_exit: irq=37 ret=unhandled
          <idle>-0       [000] d..2.  1697.052825: sched_switch: prev_comm=swapper/0 prev_pid=0 prev_prio=120 prev_state=R ==> next_comm=kworker/0:2 next_pid=1499 next_prio=120
     kworker/0:2-1499    [000] d.h1.  1697.052854: irq_handler_entry: irq=37 name=mmc1
     kworker/0:2-1499    [000] d.h1.  1697.052858: irq_handler_exit: irq=37 ret=handled
     kworker/0:2-1499    [000] d.h1.  1697.052859: irq_handler_entry: irq=37 name=mmc0
     kworker/0:2-1499    [000] d.h1.  1697.052861: irq_handler_exit: irq=37 ret=unhandled
     kworker/0:2-1499    [000] d.s3.  1697.052871: sched_wakeup: comm=kworker/0:2 pid=1499 prio=120 target_cpu=000
     kworker/0:2-1499    [000] d..2.  1697.052878: sched_stat_runtime: comm=kworker/0:2 pid=1499 runtime=74889 [ns] vruntime=18701803839 [ns]
     kworker/0:2-1499    [000] d.h1.  1697.052903: irq_handler_entry: irq=37 name=mmc1
     kworker/0:2-1499    [000] d.h1.  1697.052909: irq_handler_exit: irq=37 ret=handled
     kworker/0:2-1499    [000] d.h1.  1697.052912: irq_handler_entry: irq=37 name=mmc0
     kworker/0:2-1499    [000] d.h1.  1697.052913: irq_handler_exit: irq=37 ret=unhandled
     kworker/0:2-1499    [000] d.s3.  1697.052923: sched_wakeup: comm=kworker/0:2 pid=1499 prio=120 target_cpu=000
     kworker/0:2-1499    [000] d..2.  1697.052930: sched_stat_runtime: comm=kworker/0:2 pid=1499 runtime=51537 [ns] vruntime=18701855376 [ns]
     kworker/0:2-1499    [000] d.h1.  1697.052953: irq_handler_entry: irq=37 name=mmc1
     kworker/0:2-1499    [000] d.h1.  1697.052957: irq_handler_exit: irq=37 ret=handled
     kworker/0:2-1499    [000] d.h1.  1697.052958: irq_handler_entry: irq=37 name=mmc0
     kworker/0:2-1499    [000] d.h1.  1697.052960: irq_handler_exit: irq=37 ret=unhandled
     kworker/0:2-1499    [000] d.h1.  1697.052962: irq_handler_entry: irq=37 name=mmc1
     kworker/0:2-1499    [000] d.h1.  1697.052965: irq_handler_exit: irq=37 ret=handled
     kworker/0:2-1499    [000] d.h1.  1697.052966: irq_handler_entry: irq=37 name=mmc0
     kworker/0:2-1499    [000] d.h1.  1697.052968: irq_handler_exit: irq=37 ret=unhandled
     kworker/0:2-1499    [000] d.s3.  1697.052977: sched_wakeup: comm=kworker/0:2 pid=1499 prio=120 target_cpu=000
     kworker/0:2-1499    [000] d..2.  1697.052984: sched_stat_runtime: comm=kworker/0:2 pid=1499 runtime=54204 [ns] vruntime=18701909580 [ns]
     kworker/0:2-1499    [000] d..4.  1697.052994: sched_stat_runtime: comm=kworker/0:2 pid=1499 runtime=9666 [ns] vruntime=18701919246 [ns]
     kworker/0:2-1499    [000] dN.4.  1697.052998: sched_wakeup: comm=kworker/u9:2 pid=809 prio=100 target_cpu=000
     kworker/0:2-1499    [000] d..2.  1697.053011: sched_switch: prev_comm=kworker/0:2 prev_pid=1499 prev_prio=120 prev_state=R+ ==> next_comm=kworker/u9:2 next_pid=809 next_prio=100
    kworker/u9:2-809     [000] d..2.  1697.053026: sched_stat_runtime: comm=kworker/u9:2 pid=809 runtime=31834 [ns] vruntime=18692919613 [ns]
    kworker/u9:2-809     [000] d..2.  1697.053029: sched_switch: prev_comm=kworker/u9:2 prev_pid=809 prev_prio=100 prev_state=D ==> next_comm=kworker/0:2 next_pid=1499 next_prio=120
     kworker/0:2-1499    [000] d..4.  1697.053038: sched_stat_runtime: comm=kworker/0:2 pid=1499 runtime=12833 [ns] vruntime=18701932079 [ns]
     kworker/0:2-1499    [000] dN.4.  1697.053041: sched_wakeup: comm=kworker/u9:2 pid=809 prio=100 target_cpu=000
     kworker/0:2-1499    [000] d..2.  1697.053047: sched_switch: prev_comm=kworker/0:2 prev_pid=1499 prev_prio=120 prev_state=R+ ==> next_comm=kworker/u9:2 next_pid=809 next_prio=100
    kworker/u9:2-809     [000] d.h1.  1697.053096: irq_handler_entry: irq=37 name=mmc1
    kworker/u9:2-809     [000] d.h1.  1697.053106: irq_handler_exit: irq=37 ret=handled
    kworker/u9:2-809     [000] d.h1.  1697.053107: irq_handler_entry: irq=37 name=mmc0
    kworker/u9:2-809     [000] d.h1.  1697.053108: irq_handler_exit: irq=37 ret=unhandled
    kworker/u9:2-809     [000] d.s3.  1697.053119: sched_wakeup: comm=kworker/u9:2 pid=809 prio=100 target_cpu=000
    kworker/u9:2-809     [000] d..2.  1697.053126: sched_stat_runtime: comm=kworker/u9:2 pid=809 runtime=87574 [ns] vruntime=18692933089 [ns]
    kworker/u9:2-809     [000] d.h1.  1697.053154: irq_handler_entry: irq=37 name=mmc1
    kworker/u9:2-809     [000] d.h1.  1697.053158: irq_handler_exit: irq=37 ret=handled
    kworker/u9:2-809     [000] d.h1.  1697.053159: irq_handler_entry: irq=37 name=mmc0
    kworker/u9:2-809     [000] d.h1.  1697.053160: irq_handler_exit: irq=37 ret=unhandled
    kworker/u9:2-809     [000] d..2.  1697.053166: sched_stat_runtime: comm=kworker/u9:2 pid=809 runtime=40222 [ns] vruntime=18692933553 [ns]
    kworker/u9:2-809     [000] d..2.  1697.053170: sched_switch: prev_comm=kworker/u9:2 prev_pid=809 prev_prio=100 prev_state=D ==> next_comm=kworker/0:2 next_pid=1499 next_prio=120
     kworker/0:2-1499    [000] d.h1.  1697.053176: irq_handler_entry: irq=37 name=mmc1
     kworker/0:2-1499    [000] d.h1.  1697.053198: irq_handler_exit: irq=37 ret=handled
     kworker/0:2-1499    [000] d.h1.  1697.053199: irq_handler_entry: irq=37 name=mmc0
     kworker/0:2-1499    [000] d.h1.  1697.053200: irq_handler_exit: irq=37 ret=unhandled
     kworker/0:2-1499    [000] d.s5.  1697.053212: sched_stat_runtime: comm=kworker/0:2 pid=1499 runtime=45611 [ns] vruntime=18701977690 [ns]
     kworker/0:2-1499    [000] dNs5.  1697.053216: sched_wakeup: comm=kworker/u9:2 pid=809 prio=100 target_cpu=000
     kworker/0:2-1499    [000] d..2.  1697.053226: sched_switch: prev_comm=kworker/0:2 prev_pid=1499 prev_prio=120 prev_state=R+ ==> next_comm=kworker/u9:2 next_pid=809 next_prio=100
    kworker/u9:2-809     [000] d.h1.  1697.053280: irq_handler_entry: irq=37 name=mmc1
    kworker/u9:2-809     [000] d.h1.  1697.053289: irq_handler_exit: irq=37 ret=handled
    kworker/u9:2-809     [000] d.h1.  1697.053290: irq_handler_entry: irq=37 name=mmc0
    kworker/u9:2-809     [000] d.h1.  1697.053292: irq_handler_exit: irq=37 ret=unhandled
    kworker/u9:2-809     [000] d.h1.  1697.053294: irq_handler_entry: irq=11 name=arch_timer
    kworker/u9:2-809     [000] d.h2.  1697.053304: sched_stat_runtime: comm=kworker/u9:2 pid=809 runtime=92112 [ns] vruntime=18692978752 [ns]
    kworker/u9:2-809     [000] d.h1.  1697.053313: irq_handler_exit: irq=11 ret=handled
          <idle>-0       [001] d.h1.  1697.053315: irq_handler_entry: irq=2 name=IPI
          <idle>-0       [001] d.h1.  1697.053317: irq_handler_exit: irq=2 ret=handled
    kworker/u9:2-809     [000] d.s3.  1697.053324: sched_wakeup: comm=kworker/u9:2 pid=809 prio=100 target_cpu=000
    kworker/u9:2-809     [000] d..2.  1697.053332: sched_stat_runtime: comm=kworker/u9:2 pid=809 runtime=27740 [ns] vruntime=18692979072 [ns]
    kworker/u9:2-809     [000] d..2.  1697.053352: sched_stat_runtime: comm=kworker/u9:2 pid=809 runtime=20000 [ns] vruntime=18692979302 [ns]
    kworker/u9:2-809     [000] d..2.  1697.053356: sched_switch: prev_comm=kworker/u9:2 prev_pid=809 prev_prio=100 prev_state=I ==> next_comm=kworker/0:2 next_pid=1499 next_prio=120
     kworker/0:2-1499    [000] d..2.  1697.053376: sched_stat_runtime: comm=kworker/0:2 pid=1499 runtime=24056 [ns] vruntime=18702001746 [ns]
     kworker/0:2-1499    [000] d..2.  1697.053379: sched_switch: prev_comm=kworker/0:2 prev_pid=1499 prev_prio=120 prev_state=I ==> next_comm=swapper/0 next_pid=0 next_prio=120
          <idle>-0       [000] d.h1.  1697.065297: irq_handler_entry: irq=11 name=arch_timer
          <idle>-0       [000] d.h1.  1697.065305: irq_handler_exit: irq=11 ret=handled
          <idle>-0       [000] dNs5.  1697.065319: sched_wakeup: comm=brcmf_wdog/mmc1 pid=336 prio=120 target_cpu=000
          <idle>-0       [000] d..2.  1697.065347: sched_switch: prev_comm=swapper/0 prev_pid=0 prev_prio=120 prev_state=R ==> next_comm=brcmf_wdog/mmc1 next_pid=336 next_prio=120
 brcmf_wdog/mmc1-336     [000] d..2.  1697.065360: sched_stat_runtime: comm=brcmf_wdog/mmc1 pid=336 runtime=30612 [ns] vruntime=18693032358 [ns]
 brcmf_wdog/mmc1-336     [000] d..2.  1697.065364: sched_switch: prev_comm=brcmf_wdog/mmc1 prev_pid=336 prev_prio=120 prev_state=S ==> next_comm=swapper/0 next_pid=0 next_prio=120
          <idle>-0       [003] d.h1.  1697.075589: irq_handler_entry: irq=11 name=arch_timer
          <idle>-0       [003] dNh4.  1697.075600: sched_wakeup: comm=gvfs-afc-volume pid=895 prio=120 target_cpu=003
          <idle>-0       [003] dNh1.  1697.075603: irq_handler_exit: irq=11 ret=handled
          <idle>-0       [003] d..2.  1697.075617: sched_switch: prev_comm=swapper/3 prev_pid=0 prev_prio=120 prev_state=R ==> next_comm=gvfs-afc-volume next_pid=895 next_prio=120
 gvfs-afc-volume-895     [003] d..2.  1697.075652: sched_stat_runtime: comm=gvfs-afc-volume pid=895 runtime=56889 [ns] vruntime=97884502 [ns]
 gvfs-afc-volume-895     [003] d..2.  1697.075657: sched_switch: prev_comm=gvfs-afc-volume prev_pid=895 prev_prio=120 prev_state=S ==> next_comm=swapper/3 next_pid=0 next_prio=120
          <idle>-0       [000] d.h1.  1697.081298: irq_handler_entry: irq=11 name=arch_timer
          <idle>-0       [000] d.h1.  1697.081305: irq_handler_exit: irq=11 ret=handled
          <idle>-0       [000] dNs5.  1697.081318: sched_wakeup: comm=brcmf_wdog/mmc1 pid=336 prio=120 target_cpu=000
          <idle>-0       [000] d..2.  1697.081344: sched_switch: prev_comm=swapper/0 prev_pid=0 prev_prio=120 prev_state=R ==> next_comm=brcmf_wdog/mmc1 next_pid=336 next_prio=120
 brcmf_wdog/mmc1-336     [000] d.h1.  1697.081378: irq_handler_entry: irq=37 name=mmc1
 brcmf_wdog/mmc1-336     [000] d.h1.  1697.081382: irq_handler_exit: irq=37 ret=handled
 brcmf_wdog/mmc1-336     [000] d.h1.  1697.081383: irq_handler_entry: irq=37 name=mmc0
 brcmf_wdog/mmc1-336     [000] d.h1.  1697.081385: irq_handler_exit: irq=37 ret=unhandled
 brcmf_wdog/mmc1-336     [000] d.s3.  1697.081396: sched_wakeup: comm=brcmf_wdog/mmc1 pid=336 prio=120 target_cpu=000
 brcmf_wdog/mmc1-336     [000] d..2.  1697.081403: sched_stat_runtime: comm=brcmf_wdog/mmc1 pid=336 runtime=75630 [ns] vruntime=18693107988 [ns]
 brcmf_wdog/mmc1-336     [000] d..2.  1697.081419: sched_stat_runtime: comm=brcmf_wdog/mmc1 pid=336 runtime=16463 [ns] vruntime=18693124451 [ns]
 brcmf_wdog/mmc1-336     [000] d..2.  1697.081424: sched_switch: prev_comm=brcmf_wdog/mmc1 prev_pid=336 prev_prio=120 prev_state=S ==> next_comm=swapper/0 next_pid=0 next_prio=120
          <idle>-0       [001] d.h1.  1697.141298: irq_handler_entry: irq=11 name=arch_timer
          <idle>-0       [001] d.h1.  1697.141308: irq_handler_exit: irq=11 ret=handled
          <idle>-0       [001] dNs5.  1697.141323: sched_wakeup: comm=kworker/1:2 pid=1593 prio=120 target_cpu=001
          <idle>-0       [001] dNH2.  1697.141329: irq_handler_entry: irq=6 name=IPI
          <idle>-0       [001] dNH2.  1697.141333: irq_handler_exit: irq=6 ret=handled
          <idle>-0       [001] d..2.  1697.141364: sched_switch: prev_comm=swapper/1 prev_pid=0 prev_prio=120 prev_state=R ==> next_comm=kworker/1:2 next_pid=1593 next_prio=120
     kworker/1:2-1593    [001] d.h..  1697.141403: irq_handler_entry: irq=11 name=arch_timer
     kworker/1:2-1593    [001] d.h..  1697.141410: irq_handler_exit: irq=11 ret=handled
     kworker/1:2-1593    [001] d..4.  1697.141427: sched_stat_runtime: comm=kworker/1:2 pid=1593 runtime=87759 [ns] vruntime=20261182956 [ns]
          <idle>-0       [000] d.h1.  1697.141428: irq_handler_entry: irq=14 name=fe00b880.mailbox
     kworker/1:2-1593    [001] d..4.  1697.141432: sched_wakeup: comm=kworker/1:1 pid=1502 prio=120 target_cpu=001
          <idle>-0       [000] d.h5.  1697.141436: sched_wakeup: comm=kworker/1:2 pid=1593 prio=120 target_cpu=001
          <idle>-0       [000] d.h1.  1697.141438: irq_handler_exit: irq=14 ret=handled
     kworker/1:2-1593    [001] d..2.  1697.141438: sched_stat_runtime: comm=kworker/1:2 pid=1593 runtime=12167 [ns] vruntime=20261195123 [ns]
     kworker/1:2-1593    [001] d..2.  1697.141442: sched_switch: prev_comm=kworker/1:2 prev_pid=1593 prev_prio=120 prev_state=R ==> next_comm=kworker/1:1 next_pid=1502 next_prio=120
     kworker/1:1-1502    [001] d..2.  1697.141463: sched_stat_runtime: comm=kworker/1:1 pid=1502 runtime=24296 [ns] vruntime=20258681747 [ns]
     kworker/1:1-1502    [001] d..2.  1697.141467: sched_switch: prev_comm=kworker/1:1 prev_pid=1502 prev_prio=120 prev_state=I ==> next_comm=kworker/1:2 next_pid=1593 next_prio=120
     kworker/1:2-1593    [001] d..2.  1697.141491: sched_stat_runtime: comm=kworker/1:2 pid=1593 runtime=28759 [ns] vruntime=20261223882 [ns]
     kworker/1:2-1593    [001] d..2.  1697.141501: sched_switch: prev_comm=kworker/1:2 prev_pid=1593 prev_prio=120 prev_state=I ==> next_comm=swapper/1 next_pid=0 next_prio=120
          <idle>-0       [002] d.h1.  1697.203600: irq_handler_entry: irq=11 name=arch_timer
          <idle>-0       [002] dNh4.  1697.203611: sched_wakeup: comm=lxpanel pid=766 prio=120 target_cpu=002
          <idle>-0       [002] dNh1.  1697.203614: irq_handler_exit: irq=11 ret=handled
          <idle>-0       [002] d..2.  1697.203628: sched_switch: prev_comm=swapper/2 prev_pid=0 prev_prio=120 prev_state=R ==> next_comm=lxpanel next_pid=766 next_prio=120
         lxpanel-766     [002] d..2.  1697.203713: sched_stat_runtime: comm=lxpanel pid=766 runtime=106575 [ns] vruntime=2604701083 [ns]
         lxpanel-766     [002] d..2.  1697.203719: sched_switch: prev_comm=lxpanel prev_pid=766 prev_prio=120 prev_state=S ==> next_comm=swapper/2 next_pid=0 next_prio=120
          <idle>-0       [002] d.h1.  1697.274771: irq_handler_entry: irq=11 name=arch_timer
          <idle>-0       [002] dNh4.  1697.274781: sched_wakeup: comm=lxpanel pid=766 prio=120 target_cpu=002
          <idle>-0       [002] dNh1.  1697.274783: irq_handler_exit: irq=11 ret=handled
          <idle>-0       [002] dNh1.  1697.274785: irq_handler_entry: irq=6 name=IPI
          <idle>-0       [002] dNh5.  1697.274792: sched_wakeup: comm=kworker/2:3 pid=168 prio=120 target_cpu=002
          <idle>-0       [002] dNh1.  1697.274794: irq_handler_exit: irq=6 ret=handled
          <idle>-0       [002] d..2.  1697.274808: sched_switch: prev_comm=swapper/2 prev_pid=0 prev_prio=120 prev_state=R ==> next_comm=kworker/2:3 next_pid=168 next_prio=120
     kworker/2:3-168     [002] d..2.  1697.274825: sched_stat_runtime: comm=kworker/2:3 pid=168 runtime=34056 [ns] vruntime=19371254916 [ns]
     kworker/2:3-168     [002] d..2.  1697.274830: sched_switch: prev_comm=kworker/2:3 prev_pid=168 prev_prio=120 prev_state=I ==> next_comm=lxpanel next_pid=766 next_prio=120
         lxpanel-766     [002] d..2.  1697.275132: sched_stat_runtime: comm=lxpanel pid=766 runtime=305981 [ns] vruntime=2605007064 [ns]
         lxpanel-766     [002] d..2.  1697.275147: sched_switch: prev_comm=lxpanel prev_pid=766 prev_prio=120 prev_state=S ==> next_comm=swapper/2 next_pid=0 next_prio=120
          <idle>-0       [002] d.h1.  1697.277299: irq_handler_entry: irq=11 name=arch_timer
          <idle>-0       [002] d.h1.  1697.277310: irq_handler_exit: irq=11 ret=handled
          <idle>-0       [000] d.h1.  1697.277332: irq_handler_entry: irq=2 name=IPI
          <idle>-0       [000] dNh2.  1697.277339: sched_wakeup: comm=rcu_preempt pid=15 prio=120 target_cpu=000
          <idle>-0       [000] dNh1.  1697.277341: irq_handler_exit: irq=2 ret=handled
          <idle>-0       [000] d..2.  1697.277354: sched_switch: prev_comm=swapper/0 prev_pid=0 prev_prio=120 prev_state=R ==> next_comm=rcu_preempt next_pid=15 next_prio=120
     rcu_preempt-15      [000] d..2.  1697.277383: sched_stat_runtime: comm=rcu_preempt pid=15 runtime=46963 [ns] vruntime=18693048709 [ns]
     rcu_preempt-15      [000] d..2.  1697.277387: sched_switch: prev_comm=rcu_preempt prev_pid=15 prev_prio=120 prev_state=I ==> next_comm=swapper/0 next_pid=0 next_prio=120
          <idle>-0       [002] d.h1.  1697.281298: irq_handler_entry: irq=11 name=arch_timer
          <idle>-0       [002] d.h1.  1697.281309: irq_handler_exit: irq=11 ret=handled
          <idle>-0       [002] d.h1.  1697.285297: irq_handler_entry: irq=11 name=arch_timer
          <idle>-0       [000] d.h1.  1697.285301: irq_handler_entry: irq=11 name=arch_timer
          <idle>-0       [002] d.h1.  1697.285304: irq_handler_exit: irq=11 ret=handled
          <idle>-0       [000] d.h1.  1697.285309: irq_handler_exit: irq=11 ret=handled
          <idle>-0       [000] dNs4.  1697.285322: sched_wakeup: comm=rcu_preempt pid=15 prio=120 target_cpu=000
          <idle>-0       [000] d..2.  1697.285351: sched_switch: prev_comm=swapper/0 prev_pid=0 prev_prio=120 prev_state=R ==> next_comm=rcu_preempt next_pid=15 next_prio=120
     rcu_preempt-15      [000] d..2.  1697.285384: sched_stat_runtime: comm=rcu_preempt pid=15 runtime=55370 [ns] vruntime=18693104079 [ns]
     rcu_preempt-15      [000] d..2.  1697.285388: sched_switch: prev_comm=rcu_preempt prev_pid=15 prev_prio=120 prev_state=I ==> next_comm=swapper/0 next_pid=0 next_prio=120
          <idle>-0       [002] d.h1.  1697.289298: irq_handler_entry: irq=11 name=arch_timer
          <idle>-0       [002] d.h1.  1697.289308: irq_handler_exit: irq=11 ret=handled
          <idle>-0       [001] d.h1.  1697.301299: irq_handler_entry: irq=11 name=arch_timer
          <idle>-0       [001] d.h1.  1697.301308: irq_handler_exit: irq=11 ret=handled
          <idle>-0       [001] dNs5.  1697.301321: sched_wakeup: comm=kworker/1:2 pid=1593 prio=120 target_cpu=001
          <idle>-0       [001] d..2.  1697.301348: sched_switch: prev_comm=swapper/1 prev_pid=0 prev_prio=120 prev_state=R ==> next_comm=kworker/1:2 next_pid=1593 next_prio=120
     kworker/1:2-1593    [001] d..2.  1697.301376: sched_stat_runtime: comm=kworker/1:2 pid=1593 runtime=49148 [ns] vruntime=20261273030 [ns]
     kworker/1:2-1593    [001] d..2.  1697.301380: sched_switch: prev_comm=kworker/1:2 prev_pid=1593 prev_prio=120 prev_state=I ==> next_comm=swapper/1 next_pid=0 next_prio=120
          <idle>-0       [000] d.h1.  1697.417784: irq_handler_entry: irq=37 name=mmc1
          <idle>-0       [000] dNh6.  1697.417798: sched_wakeup: comm=kworker/0:2 pid=1499 prio=120 target_cpu=000
          <idle>-0       [000] dNh1.  1697.417800: irq_handler_exit: irq=37 ret=handled
          <idle>-0       [000] dNh1.  1697.417801: irq_handler_entry: irq=37 name=mmc0
          <idle>-0       [000] dNh1.  1697.417803: irq_handler_exit: irq=37 ret=unhandled
          <idle>-0       [000] dNh1.  1697.417806: irq_handler_entry: irq=6 name=IPI
          <idle>-0       [000] dNh1.  1697.417809: irq_handler_exit: irq=6 ret=handled
          <idle>-0       [000] d..2.  1697.417823: sched_switch: prev_comm=swapper/0 prev_pid=0 prev_prio=120 prev_state=R ==> next_comm=kworker/0:2 next_pid=1499 next_prio=120
     kworker/0:2-1499    [000] d.h1.  1697.417853: irq_handler_entry: irq=37 name=mmc1
     kworker/0:2-1499    [000] d.h1.  1697.417857: irq_handler_exit: irq=37 ret=handled
     kworker/0:2-1499    [000] d.h1.  1697.417858: irq_handler_entry: irq=37 name=mmc0
     kworker/0:2-1499    [000] d.h1.  1697.417860: irq_handler_exit: irq=37 ret=unhandled
     kworker/0:2-1499    [000] d.s3.  1697.417870: sched_wakeup: comm=kworker/0:2 pid=1499 prio=120 target_cpu=000
     kworker/0:2-1499    [000] d..2.  1697.417878: sched_stat_runtime: comm=kworker/0:2 pid=1499 runtime=84703 [ns] vruntime=18702086449 [ns]
     kworker/0:2-1499    [000] d.h1.  1697.417904: irq_handler_entry: irq=37 name=mmc1
     kworker/0:2-1499    [000] d.h1.  1697.417910: irq_handler_exit: irq=37 ret=handled
     kworker/0:2-1499    [000] d.h1.  1697.417911: irq_handler_entry: irq=37 name=mmc0
     kworker/0:2-1499    [000] d.h1.  1697.417913: irq_handler_exit: irq=37 ret=unhandled
     kworker/0:2-1499    [000] d.s3.  1697.417922: sched_wakeup: comm=kworker/0:2 pid=1499 prio=120 target_cpu=000
     kworker/0:2-1499    [000] d..2.  1697.417931: sched_stat_runtime: comm=kworker/0:2 pid=1499 runtime=51556 [ns] vruntime=18702138005 [ns]
     kworker/0:2-1499    [000] d.h1.  1697.417954: irq_handler_entry: irq=37 name=mmc1
     kworker/0:2-1499    [000] d.h1.  1697.417958: irq_handler_exit: irq=37 ret=handled
     kworker/0:2-1499    [000] d.h1.  1697.417959: irq_handler_entry: irq=37 name=mmc0
     kworker/0:2-1499    [000] d.h1.  1697.417961: irq_handler_exit: irq=37 ret=unhandled
     kworker/0:2-1499    [000] d.h1.  1697.417963: irq_handler_entry: irq=37 name=mmc1
     kworker/0:2-1499    [000] d.h1.  1697.417967: irq_handler_exit: irq=37 ret=handled
     kworker/0:2-1499    [000] d.h1.  1697.417968: irq_handler_entry: irq=37 name=mmc0
     kworker/0:2-1499    [000] d.h1.  1697.417969: irq_handler_exit: irq=37 ret=unhandled
     kworker/0:2-1499    [000] d.s3.  1697.417979: sched_wakeup: comm=kworker/0:2 pid=1499 prio=120 target_cpu=000
     kworker/0:2-1499    [000] d..2.  1697.417985: sched_stat_runtime: comm=kworker/0:2 pid=1499 runtime=56259 [ns] vruntime=18702194264 [ns]
     kworker/0:2-1499    [000] d..4.  1697.417995: sched_stat_runtime: comm=kworker/0:2 pid=1499 runtime=9630 [ns] vruntime=18702203894 [ns]
     kworker/0:2-1499    [000] dN.4.  1697.418000: sched_wakeup: comm=kworker/u9:2 pid=809 prio=100 target_cpu=000
     kworker/0:2-1499    [000] d..2.  1697.418013: sched_switch: prev_comm=kworker/0:2 prev_pid=1499 prev_prio=120 prev_state=R+ ==> next_comm=kworker/u9:2 next_pid=809 next_prio=100
    kworker/u9:2-809     [000] d..2.  1697.418028: sched_stat_runtime: comm=kworker/u9:2 pid=809 runtime=32870 [ns] vruntime=18693204273 [ns]
    kworker/u9:2-809     [000] d..2.  1697.418032: sched_switch: prev_comm=kworker/u9:2 prev_pid=809 prev_prio=100 prev_state=D ==> next_comm=kworker/0:2 next_pid=1499 next_prio=120
     kworker/0:2-1499    [000] d..4.  1697.418041: sched_stat_runtime: comm=kworker/0:2 pid=1499 runtime=13222 [ns] vruntime=18702217116 [ns]
     kworker/0:2-1499    [000] dN.4.  1697.418044: sched_wakeup: comm=kworker/u9:2 pid=809 prio=100 target_cpu=000
     kworker/0:2-1499    [000] d..2.  1697.418050: sched_switch: prev_comm=kworker/0:2 prev_pid=1499 prev_prio=120 prev_state=R+ ==> next_comm=kworker/u9:2 next_pid=809 next_prio=100
    kworker/u9:2-809     [000] d.h1.  1697.418074: irq_handler_entry: irq=37 name=mmc1
    kworker/u9:2-809     [000] d.h1.  1697.418077: irq_handler_exit: irq=37 ret=handled
    kworker/u9:2-809     [000] d.h1.  1697.418078: irq_handler_entry: irq=37 name=mmc0
    kworker/u9:2-809     [000] d.h1.  1697.418080: irq_handler_exit: irq=37 ret=unhandled
    kworker/u9:2-809     [000] d.s3.  1697.418090: sched_wakeup: comm=kworker/u9:2 pid=809 prio=100 target_cpu=000
    kworker/u9:2-809     [000] d..2.  1697.418097: sched_stat_runtime: comm=kworker/u9:2 pid=809 runtime=55963 [ns] vruntime=18693217761 [ns]
    kworker/u9:2-809     [000] d.h1.  1697.418113: irq_handler_entry: irq=37 name=mmc1
    kworker/u9:2-809     [000] d.h1.  1697.418117: irq_handler_exit: irq=37 ret=handled
    kworker/u9:2-809     [000] d.h1.  1697.418118: irq_handler_entry: irq=37 name=mmc0
    kworker/u9:2-809     [000] d.h1.  1697.418119: irq_handler_exit: irq=37 ret=unhandled
    kworker/u9:2-809     [000] d.s3.  1697.418129: sched_wakeup: comm=kworker/u9:2 pid=809 prio=100 target_cpu=000
    kworker/u9:2-809     [000] d..2.  1697.418136: sched_stat_runtime: comm=kworker/u9:2 pid=809 runtime=38723 [ns] vruntime=18693218207 [ns]
    kworker/u9:2-809     [000] d.h1.  1697.418182: irq_handler_entry: irq=37 name=mmc1
    kworker/u9:2-809     [000] d.h1.  1697.418191: irq_handler_exit: irq=37 ret=handled
    kworker/u9:2-809     [000] d.h1.  1697.418193: irq_handler_entry: irq=37 name=mmc0
    kworker/u9:2-809     [000] d.h1.  1697.418194: irq_handler_exit: irq=37 ret=unhandled
    kworker/u9:2-809     [000] d.s3.  1697.418204: sched_wakeup: comm=kworker/u9:2 pid=809 prio=100 target_cpu=000
    kworker/u9:2-809     [000] d..2.  1697.418212: sched_stat_runtime: comm=kworker/u9:2 pid=809 runtime=75777 [ns] vruntime=18693219081 [ns]
    kworker/u9:2-809     [000] d.h1.  1697.418241: irq_handler_entry: irq=37 name=mmc1
    kworker/u9:2-809     [000] d.h1.  1697.418250: irq_handler_exit: irq=37 ret=handled
    kworker/u9:2-809     [000] d.h1.  1697.418251: irq_handler_entry: irq=37 name=mmc0
    kworker/u9:2-809     [000] d.h1.  1697.418253: irq_handler_exit: irq=37 ret=unhandled
    kworker/u9:2-809     [000] d.s3.  1697.418263: sched_wakeup: comm=kworker/u9:2 pid=809 prio=100 target_cpu=000
    kworker/u9:2-809     [000] d..2.  1697.418270: sched_stat_runtime: comm=kworker/u9:2 pid=809 runtime=58612 [ns] vruntime=18693219757 [ns]
          <idle>-0       [002] d.h1.  1697.418335: irq_handler_entry: irq=2 name=IPI
          <idle>-0       [002] dNh2.  1697.418344: sched_wakeup: comm=sshd pid=1487 prio=120 target_cpu=002
          <idle>-0       [002] dNh1.  1697.418346: irq_handler_exit: irq=2 ret=handled
          <idle>-0       [002] d..2.  1697.418360: sched_switch: prev_comm=swapper/2 prev_pid=0 prev_prio=120 prev_state=R ==> next_comm=sshd next_pid=1487 next_prio=120
    kworker/u9:2-809     [000] d.h1.  1697.418377: irq_handler_entry: irq=37 name=mmc1
    kworker/u9:2-809     [000] d.h1.  1697.418387: irq_handler_exit: irq=37 ret=handled
    kworker/u9:2-809     [000] d.h1.  1697.418388: irq_handler_entry: irq=37 name=mmc0
    kworker/u9:2-809     [000] d.h1.  1697.418390: irq_handler_exit: irq=37 ret=unhandled
    kworker/u9:2-809     [000] d.s3.  1697.418400: sched_wakeup: comm=kworker/u9:2 pid=809 prio=100 target_cpu=000
    kworker/u9:2-809     [000] d..2.  1697.418408: sched_stat_runtime: comm=kworker/u9:2 pid=809 runtime=137388 [ns] vruntime=18693221341 [ns]
    kworker/u9:2-809     [000] d..2.  1697.418427: sched_stat_runtime: comm=kworker/u9:2 pid=809 runtime=19667 [ns] vruntime=18693221567 [ns]
    kworker/u9:2-809     [000] d..2.  1697.418432: sched_switch: prev_comm=kworker/u9:2 prev_pid=809 prev_prio=100 prev_state=I ==> next_comm=kworker/0:2 next_pid=1499 next_prio=120
     kworker/0:2-1499    [000] d..2.  1697.418450: sched_stat_runtime: comm=kworker/0:2 pid=1499 runtime=22982 [ns] vruntime=18702240098 [ns]
     kworker/0:2-1499    [000] d..2.  1697.418462: sched_switch: prev_comm=kworker/0:2 prev_pid=1499 prev_prio=120 prev_state=I ==> next_comm=swapper/0 next_pid=0 next_prio=120
          <idle>-0       [000] d.h1.  1697.418469: irq_handler_entry: irq=37 name=mmc1
          <idle>-0       [000] dNh6.  1697.418481: sched_wakeup: comm=kworker/0:2 pid=1499 prio=120 target_cpu=000
          <idle>-0       [000] dNh1.  1697.418482: irq_handler_exit: irq=37 ret=handled
          <idle>-0       [000] dNh1.  1697.418484: irq_handler_entry: irq=37 name=mmc0
          <idle>-0       [000] dNh1.  1697.418485: irq_handler_exit: irq=37 ret=unhandled
          <idle>-0       [000] d..2.  1697.418493: sched_switch: prev_comm=swapper/0 prev_pid=0 prev_prio=120 prev_state=R ==> next_comm=kworker/0:2 next_pid=1499 next_prio=120
     kworker/0:2-1499    [000] d.h1.  1697.418522: irq_handler_entry: irq=37 name=mmc1
     kworker/0:2-1499    [000] d.h1.  1697.418526: irq_handler_exit: irq=37 ret=handled
     kworker/0:2-1499    [000] d.h1.  1697.418527: irq_handler_entry: irq=37 name=mmc0
     kworker/0:2-1499    [000] d.h1.  1697.418529: irq_handler_exit: irq=37 ret=unhandled
     kworker/0:2-1499    [000] d.s3.  1697.418539: sched_wakeup: comm=kworker/0:2 pid=1499 prio=120 target_cpu=000
     kworker/0:2-1499    [000] d..2.  1697.418546: sched_stat_runtime: comm=kworker/0:2 pid=1499 runtime=67815 [ns] vruntime=18702307913 [ns]
     kworker/0:2-1499    [000] d.h1.  1697.418570: irq_handler_entry: irq=37 name=mmc1
     kworker/0:2-1499    [000] d.h1.  1697.418577: irq_handler_exit: irq=37 ret=handled
     kworker/0:2-1499    [000] d.h1.  1697.418578: irq_handler_entry: irq=37 name=mmc0
     kworker/0:2-1499    [000] d.h1.  1697.418579: irq_handler_exit: irq=37 ret=unhandled
     kworker/0:2-1499    [000] d.s3.  1697.418589: sched_wakeup: comm=kworker/0:2 pid=1499 prio=120 target_cpu=000
          <idle>-0       [003] d.h1.  1697.418591: irq_handler_entry: irq=2 name=IPI
     kworker/0:2-1499    [000] d..2.  1697.418595: sched_stat_runtime: comm=kworker/0:2 pid=1499 runtime=49741 [ns] vruntime=18702357654 [ns]
          <idle>-0       [003] dNh2.  1697.418597: sched_wakeup: comm=kworker/u8:3 pid=1583 prio=120 target_cpu=003
          <idle>-0       [003] dNh1.  1697.418598: irq_handler_exit: irq=2 ret=handled
          <idle>-0       [003] d..2.  1697.418611: sched_switch: prev_comm=swapper/3 prev_pid=0 prev_prio=120 prev_state=R ==> next_comm=kworker/u8:3 next_pid=1583 next_prio=120
     kworker/0:2-1499    [000] d.h1.  1697.418619: irq_handler_entry: irq=37 name=mmc1
     kworker/0:2-1499    [000] d.h1.  1697.418623: irq_handler_exit: irq=37 ret=handled
     kworker/0:2-1499    [000] d.h1.  1697.418624: irq_handler_entry: irq=37 name=mmc0
     kworker/0:2-1499    [000] d.h1.  1697.418625: irq_handler_exit: irq=37 ret=unhandled
            sshd-1487    [002] d..2.  1697.418626: sched_stat_runtime: comm=sshd pid=1487 runtime=284796 [ns] vruntime=379788667 [ns]
     kworker/0:2-1499    [000] d.h1.  1697.418628: irq_handler_entry: irq=37 name=mmc1
     kworker/0:2-1499    [000] d.h1.  1697.418631: irq_handler_exit: irq=37 ret=handled
     kworker/0:2-1499    [000] d.h1.  1697.418632: irq_handler_entry: irq=37 name=mmc0
     kworker/0:2-1499    [000] d.h1.  1697.418634: irq_handler_exit: irq=37 ret=unhandled
            sshd-1487    [002] d..2.  1697.418635: sched_switch: prev_comm=sshd prev_pid=1487 prev_prio=120 prev_state=S ==> next_comm=swapper/2 next_pid=0 next_prio=120
    kworker/u8:3-1583    [003] d..4.  1697.418636: sched_stat_runtime: comm=kworker/u8:3 pid=1583 runtime=39278 [ns] vruntime=18827926519 [ns]
    kworker/u8:3-1583    [003] d..4.  1697.418642: sched_wakeup: comm=bash pid=1577 prio=120 target_cpu=003
     kworker/0:2-1499    [000] d.s3.  1697.418643: sched_wakeup: comm=kworker/0:2 pid=1499 prio=120 target_cpu=000
     kworker/0:2-1499    [000] d..2.  1697.418650: sched_stat_runtime: comm=kworker/0:2 pid=1499 runtime=54352 [ns] vruntime=18702412006 [ns]
    kworker/u8:3-1583    [003] d..2.  1697.418651: sched_stat_runtime: comm=kworker/u8:3 pid=1583 runtime=17796 [ns] vruntime=18827944315 [ns]
    kworker/u8:3-1583    [003] d..2.  1697.418657: sched_switch: prev_comm=kworker/u8:3 prev_pid=1583 prev_prio=120 prev_state=I ==> next_comm=bash next_pid=1577 next_prio=120
     kworker/0:2-1499    [000] d..4.  1697.418659: sched_stat_runtime: comm=kworker/0:2 pid=1499 runtime=9852 [ns] vruntime=18702421858 [ns]
     kworker/0:2-1499    [000] dN.4.  1697.418664: sched_wakeup: comm=kworker/u9:2 pid=809 prio=100 target_cpu=000
     kworker/0:2-1499    [000] d..2.  1697.418677: sched_switch: prev_comm=kworker/0:2 prev_pid=1499 prev_prio=120 prev_state=R+ ==> next_comm=kworker/u9:2 next_pid=809 next_prio=100
    kworker/u9:2-809     [000] d..2.  1697.418692: sched_stat_runtime: comm=kworker/u9:2 pid=809 runtime=32018 [ns] vruntime=18693422227 [ns]
    kworker/u9:2-809     [000] d..2.  1697.418695: sched_switch: prev_comm=kworker/u9:2 prev_pid=809 prev_prio=100 prev_state=D ==> next_comm=kworker/0:2 next_pid=1499 next_prio=120
     kworker/0:2-1499    [000] d..4.  1697.418704: sched_stat_runtime: comm=kworker/0:2 pid=1499 runtime=12611 [ns] vruntime=18702434469 [ns]
     kworker/0:2-1499    [000] dN.4.  1697.418707: sched_wakeup: comm=kworker/u9:2 pid=809 prio=100 target_cpu=000
     kworker/0:2-1499    [000] d..2.  1697.418713: sched_switch: prev_comm=kworker/0:2 prev_pid=1499 prev_prio=120 prev_state=R+ ==> next_comm=kworker/u9:2 next_pid=809 next_prio=100
            bash-1577    [003] dN.4.  1697.418750: sched_wakeup: comm=kworker/u8:3 pid=1583 prio=120 target_cpu=003
            bash-1577    [003] dN.2.  1697.418762: sched_stat_runtime: comm=bash pid=1577 runtime=93315 [ns] vruntime=897189671 [ns]
    kworker/u9:2-809     [000] d.h1.  1697.418762: irq_handler_entry: irq=37 name=mmc1
            bash-1577    [003] d..2.  1697.418768: sched_switch: prev_comm=bash prev_pid=1577 prev_prio=120 prev_state=R+ ==> next_comm=kworker/u8:3 next_pid=1583 next_prio=120
    kworker/u9:2-809     [000] d.h1.  1697.418771: irq_handler_exit: irq=37 ret=handled
    kworker/u9:2-809     [000] d.h1.  1697.418772: irq_handler_entry: irq=37 name=mmc0
    kworker/u9:2-809     [000] d.h1.  1697.418774: irq_handler_exit: irq=37 ret=unhandled
    kworker/u9:2-809     [000] d.s3.  1697.418785: sched_wakeup: comm=kworker/u9:2 pid=809 prio=100 target_cpu=000
          <idle>-0       [002] d.h1.  1697.418788: irq_handler_entry: irq=2 name=IPI
    kworker/u8:3-1583    [003] d..2.  1697.418790: sched_stat_runtime: comm=kworker/u8:3 pid=1583 runtime=45833 [ns] vruntime=18827990148 [ns]
    kworker/u9:2-809     [000] d..2.  1697.418792: sched_stat_runtime: comm=kworker/u9:2 pid=809 runtime=87611 [ns] vruntime=18693435479 [ns]
          <idle>-0       [002] dNh2.  1697.418796: sched_wakeup: comm=sshd pid=1487 prio=120 target_cpu=002
    kworker/u8:3-1583    [003] d..2.  1697.418796: sched_switch: prev_comm=kworker/u8:3 prev_pid=1583 prev_prio=120 prev_state=I ==> next_comm=bash next_pid=1577 next_prio=120
          <idle>-0       [002] dNh1.  1697.418797: irq_handler_exit: irq=2 ret=handled
          <idle>-0       [002] d..2.  1697.418813: sched_switch: prev_comm=swapper/2 prev_pid=0 prev_prio=120 prev_state=R ==> next_comm=sshd next_pid=1487 next_prio=120
    kworker/u9:2-809     [000] d.h1.  1697.418821: irq_handler_entry: irq=37 name=mmc1
    kworker/u9:2-809     [000] d.h1.  1697.418838: irq_handler_exit: irq=37 ret=handled
    kworker/u9:2-809     [000] d.h1.  1697.418839: irq_handler_entry: irq=37 name=mmc0
    kworker/u9:2-809     [000] d.h1.  1697.418841: irq_handler_exit: irq=37 ret=unhandled
    kworker/u9:2-809     [000] d.s3.  1697.418852: sched_wakeup: comm=kworker/u9:2 pid=809 prio=100 target_cpu=000
    kworker/u9:2-809     [000] d..2.  1697.418859: sched_stat_runtime: comm=kworker/u9:2 pid=809 runtime=67148 [ns] vruntime=18693436253 [ns]
            bash-1577    [003] dN.4.  1697.418875: sched_wakeup: comm=kworker/u8:3 pid=1583 prio=120 target_cpu=003
            bash-1577    [003] dN.2.  1697.418885: sched_stat_runtime: comm=bash pid=1577 runtime=80852 [ns] vruntime=897270523 [ns]
            bash-1577    [003] d..2.  1697.418889: sched_switch: prev_comm=bash prev_pid=1577 prev_prio=120 prev_state=R+ ==> next_comm=kworker/u8:3 next_pid=1583 next_prio=120
    kworker/u8:3-1583    [003] d..2.  1697.418906: sched_stat_runtime: comm=kworker/u8:3 pid=1583 runtime=35223 [ns] vruntime=18828025371 [ns]
    kworker/u8:3-1583    [003] d..2.  1697.418911: sched_switch: prev_comm=kworker/u8:3 prev_pid=1583 prev_prio=120 prev_state=I ==> next_comm=bash next_pid=1577 next_prio=120
          <idle>-0       [001] d.h1.  1697.418953: irq_handler_entry: irq=2 name=IPI
          <idle>-0       [001] dNh2.  1697.418960: sched_wakeup: comm=kworker/u9:0 pid=78 prio=100 target_cpu=001
          <idle>-0       [001] dNh1.  1697.418962: irq_handler_exit: irq=2 ret=handled
          <idle>-0       [001] d..2.  1697.418975: sched_switch: prev_comm=swapper/1 prev_pid=0 prev_prio=120 prev_state=R ==> next_comm=kworker/u9:0 next_pid=78 next_prio=100
    kworker/u9:0-78      [001] d..2.  1697.418986: sched_stat_runtime: comm=kworker/u9:0 pid=78 runtime=28796 [ns] vruntime=20258619299 [ns]
    kworker/u9:2-809     [000] d.h1.  1697.418995: irq_handler_entry: irq=37 name=mmc1
    kworker/u9:0-78      [001] d..2.  1697.419002: sched_switch: prev_comm=kworker/u9:0 prev_pid=78 prev_prio=100 prev_state=I ==> next_comm=swapper/1 next_pid=0 next_prio=120
    kworker/u9:2-809     [000] d.h1.  1697.419005: irq_handler_exit: irq=37 ret=handled
    kworker/u9:2-809     [000] d.h1.  1697.419007: irq_handler_entry: irq=37 name=mmc0
    kworker/u9:2-809     [000] d.h1.  1697.419008: irq_handler_exit: irq=37 ret=unhandled
    kworker/u9:2-809     [000] d.s3.  1697.419019: sched_wakeup: comm=kworker/u9:2 pid=809 prio=100 target_cpu=000
    kworker/u9:2-809     [000] d..2.  1697.419027: sched_stat_runtime: comm=kworker/u9:2 pid=809 runtime=167815 [ns] vruntime=18693438189 [ns]
    kworker/u9:2-809     [000] d.h1.  1697.419085: irq_handler_entry: irq=37 name=mmc1
    kworker/u9:2-809     [000] d.h1.  1697.419115: irq_handler_exit: irq=37 ret=handled
    kworker/u9:2-809     [000] d.h1.  1697.419116: irq_handler_entry: irq=37 name=mmc0
    kworker/u9:2-809     [000] d.h1.  1697.419118: irq_handler_exit: irq=37 ret=unhandled
    kworker/u9:2-809     [000] d..2.  1697.419124: sched_stat_runtime: comm=kworker/u9:2 pid=809 runtime=97111 [ns] vruntime=18693439309 [ns]
    kworker/u9:2-809     [000] d..2.  1697.419130: sched_switch: prev_comm=kworker/u9:2 prev_pid=809 prev_prio=100 prev_state=D ==> next_comm=kworker/0:2 next_pid=1499 next_prio=120
     kworker/0:2-1499    [000] d..2.  1697.419142: sched_stat_runtime: comm=kworker/0:2 pid=1499 runtime=16649 [ns] vruntime=18702451118 [ns]
            sshd-1487    [002] d..2.  1697.419143: sched_stat_runtime: comm=sshd pid=1487 runtime=350241 [ns] vruntime=380138908 [ns]
     kworker/0:2-1499    [000] d..2.  1697.419152: sched_switch: prev_comm=kworker/0:2 prev_pid=1499 prev_prio=120 prev_state=I ==> next_comm=swapper/0 next_pid=0 next_prio=120
          <idle>-0       [000] d.h1.  1697.419159: irq_handler_entry: irq=37 name=mmc1
            sshd-1487    [002] d..2.  1697.419160: sched_switch: prev_comm=sshd prev_pid=1487 prev_prio=120 prev_state=S ==> next_comm=swapper/2 next_pid=0 next_prio=120
          <idle>-0       [000] d.h1.  1697.419163: irq_handler_exit: irq=37 ret=handled
          <idle>-0       [000] d.h1.  1697.419164: irq_handler_entry: irq=37 name=mmc0
          <idle>-0       [000] d.h1.  1697.419165: irq_handler_exit: irq=37 ret=unhandled
          <idle>-0       [000] dNs5.  1697.419182: sched_wakeup: comm=kworker/u9:2 pid=809 prio=100 target_cpu=000
          <idle>-0       [000] d..2.  1697.419192: sched_switch: prev_comm=swapper/0 prev_pid=0 prev_prio=120 prev_state=R ==> next_comm=kworker/u9:2 next_pid=809 next_prio=100
    kworker/u9:2-809     [000] d..3.  1697.419217: sched_stat_runtime: comm=kworker/u9:2 pid=809 runtime=39037 [ns] vruntime=18693451568 [ns]
    kworker/u9:2-809     [000] d..3.  1697.419222: sched_wakeup: comm=ksoftirqd/0 pid=14 prio=120 target_cpu=000
    kworker/u9:2-809     [000] d.h1.  1697.419331: irq_handler_entry: irq=37 name=mmc1
    kworker/u9:2-809     [000] d.h1.  1697.419342: irq_handler_exit: irq=37 ret=handled
    kworker/u9:2-809     [000] d.h1.  1697.419344: irq_handler_entry: irq=37 name=mmc0
    kworker/u9:2-809     [000] d.h1.  1697.419345: irq_handler_exit: irq=37 ret=unhandled
    kworker/u9:2-809     [000] d..2.  1697.419353: sched_stat_runtime: comm=kworker/u9:2 pid=809 runtime=135667 [ns] vruntime=18693453133 [ns]
    kworker/u9:2-809     [000] d..2.  1697.419359: sched_switch: prev_comm=kworker/u9:2 prev_pid=809 prev_prio=100 prev_state=D ==> next_comm=ksoftirqd/0 next_pid=14 next_prio=120
     ksoftirqd/0-14      [000] d.h1.  1697.419366: irq_handler_entry: irq=37 name=mmc1
     ksoftirqd/0-14      [000] d.h1.  1697.419370: irq_handler_exit: irq=37 ret=handled
     ksoftirqd/0-14      [000] d.h1.  1697.419371: irq_handler_entry: irq=37 name=mmc0
     ksoftirqd/0-14      [000] d.h1.  1697.419372: irq_handler_exit: irq=37 ret=unhandled
     ksoftirqd/0-14      [000] d.s5.  1697.419384: sched_stat_runtime: comm=ksoftirqd/0 pid=14 runtime=31592 [ns] vruntime=18693482710 [ns]
     ksoftirqd/0-14      [000] d.s5.  1697.419389: sched_wakeup: comm=kworker/u9:2 pid=809 prio=100 target_cpu=000
     ksoftirqd/0-14      [000] d..2.  1697.419399: sched_stat_runtime: comm=ksoftirqd/0 pid=14 runtime=14704 [ns] vruntime=18693497414 [ns]
     ksoftirqd/0-14      [000] d..2.  1697.419402: sched_switch: prev_comm=ksoftirqd/0 prev_pid=14 prev_prio=120 prev_state=S ==> next_comm=kworker/u9:2 next_pid=809 next_prio=100
    kworker/u9:2-809     [000] d..2.  1697.419431: sched_stat_runtime: comm=kworker/u9:2 pid=809 runtime=32019 [ns] vruntime=18693453502 [ns]
    kworker/u9:2-809     [000] d..2.  1697.419441: sched_switch: prev_comm=kworker/u9:2 prev_pid=809 prev_prio=100 prev_state=I ==> next_comm=swapper/0 next_pid=0 next_prio=120
            bash-1577    [003] d..2.  1697.419750: sched_stat_runtime: comm=bash pid=1577 runtime=842611 [ns] vruntime=898113134 [ns]
          <idle>-0       [001] dnh1.  1697.419800: irq_handler_entry: irq=1 name=IPI
          <idle>-0       [001] dNh1.  1697.419802: irq_handler_exit: irq=1 ret=handled
          <idle>-0       [001] d..2.  1697.419817: sched_switch: prev_comm=swapper/1 prev_pid=0 prev_prio=120 prev_state=R ==> next_comm=bash next_pid=1607 next_prio=120
            bash-1577    [003] d..2.  1697.420215: sched_stat_runtime: comm=bash pid=1577 runtime=465111 [ns] vruntime=898578245 [ns]
            bash-1577    [003] d..2.  1697.420225: sched_switch: prev_comm=bash prev_pid=1577 prev_prio=120 prev_state=S ==> next_comm=swapper/3 next_pid=0 next_prio=120
   get_ftrace.sh-1607    [001] d.h..  1697.421304: irq_handler_entry: irq=11 name=arch_timer
   get_ftrace.sh-1607    [001] d.h1.  1697.421333: sched_stat_runtime: comm=bash pid=1607 runtime=1545703 [ns] vruntime=663464671 [ns]
   get_ftrace.sh-1607    [001] d.h..  1697.421351: irq_handler_exit: irq=11 ret=handled
          <idle>-0       [000] d.h1.  1697.421352: irq_handler_entry: irq=2 name=IPI
          <idle>-0       [000] d.h1.  1697.421356: irq_handler_exit: irq=2 ret=handled
          <idle>-0       [000] d.h1.  1697.421387: irq_handler_entry: irq=2 name=IPI
          <idle>-0       [000] dNh2.  1697.421396: sched_wakeup: comm=rcu_preempt pid=15 prio=120 target_cpu=000
          <idle>-0       [000] dNh1.  1697.421398: irq_handler_exit: irq=2 ret=handled
          <idle>-0       [000] d..2.  1697.421413: sched_switch: prev_comm=swapper/0 prev_pid=0 prev_prio=120 prev_state=R ==> next_comm=rcu_preempt next_pid=15 next_prio=120
     rcu_preempt-15      [000] d..2.  1697.421445: sched_stat_runtime: comm=rcu_preempt pid=15 runtime=53611 [ns] vruntime=18693504729 [ns]
     rcu_preempt-15      [000] d..2.  1697.421449: sched_switch: prev_comm=rcu_preempt prev_pid=15 prev_prio=120 prev_state=I ==> next_comm=swapper/0 next_pid=0 next_prio=120
