     kworker/0:2-1499    [000] d.s3.  1696.016765: sched_wakeup: comm=kworker/0:2 pid=1499 prio=120 target_cpu=000
     kworker/0:2-1499    [000] d..2.  1696.016772: sched_stat_runtime: comm=kworker/0:2 pid=1499 runtime=58797 [ns] vruntime=18698193176 [ns]
     kworker/0:2-1499    [000] d.h1.  1696.016796: irq_handler_entry: irq=37 name=mmc1
     kworker/0:2-1499    [000] d.h1.  1696.016800: irq_handler_exit: irq=37 ret=handled
     kworker/0:2-1499    [000] d.h1.  1696.016801: irq_handler_entry: irq=37 name=mmc0
     kworker/0:2-1499    [000] d.h1.  1696.016803: irq_handler_exit: irq=37 ret=unhandled
     kworker/0:2-1499    [000] d.h1.  1696.016805: irq_handler_entry: irq=37 name=mmc1
     kworker/0:2-1499    [000] d.h1.  1696.016808: irq_handler_exit: irq=37 ret=handled
     kworker/0:2-1499    [000] d.h1.  1696.016809: irq_handler_entry: irq=37 name=mmc0
     kworker/0:2-1499    [000] d.h1.  1696.016811: irq_handler_exit: irq=37 ret=unhandled
     kworker/0:2-1499    [000] d.s3.  1696.016820: sched_wakeup: comm=kworker/0:2 pid=1499 prio=120 target_cpu=000
     kworker/0:2-1499    [000] d..2.  1696.016827: sched_stat_runtime: comm=kworker/0:2 pid=1499 runtime=54907 [ns] vruntime=18698248083 [ns]
     kworker/0:2-1499    [000] d..4.  1696.016838: sched_stat_runtime: comm=kworker/0:2 pid=1499 runtime=11074 [ns] vruntime=18698259157 [ns]
     kworker/0:2-1499    [000] dN.4.  1696.016844: sched_wakeup: comm=kworker/u9:2 pid=809 prio=100 target_cpu=000
     kworker/0:2-1499    [000] d..2.  1696.016857: sched_switch: prev_comm=kworker/0:2 prev_pid=1499 prev_prio=120 prev_state=R+ ==> next_comm=kworker/u9:2 next_pid=809 next_prio=100
    kworker/u9:2-809     [000] d..2.  1696.016873: sched_stat_runtime: comm=kworker/u9:2 pid=809 runtime=35241 [ns] vruntime=18689259563 [ns]
    kworker/u9:2-809     [000] d..2.  1696.016877: sched_switch: prev_comm=kworker/u9:2 prev_pid=809 prev_prio=100 prev_state=D ==> next_comm=kworker/0:2 next_pid=1499 next_prio=120
     kworker/0:2-1499    [000] d..4.  1696.016887: sched_stat_runtime: comm=kworker/0:2 pid=1499 runtime=13648 [ns] vruntime=18698272805 [ns]
     kworker/0:2-1499    [000] dN.4.  1696.016890: sched_wakeup: comm=kworker/u9:2 pid=809 prio=100 target_cpu=000
     kworker/0:2-1499    [000] d..2.  1696.016897: sched_switch: prev_comm=kworker/0:2 prev_pid=1499 prev_prio=120 prev_state=R+ ==> next_comm=kworker/u9:2 next_pid=809 next_prio=100
    kworker/u9:2-809     [000] d.h1.  1696.016922: irq_handler_entry: irq=37 name=mmc1
    kworker/u9:2-809     [000] d.h1.  1696.016926: irq_handler_exit: irq=37 ret=handled
    kworker/u9:2-809     [000] d.h1.  1696.016927: irq_handler_entry: irq=37 name=mmc0
    kworker/u9:2-809     [000] d.h1.  1696.016929: irq_handler_exit: irq=37 ret=unhandled
    kworker/u9:2-809     [000] d.s3.  1696.016939: sched_wakeup: comm=kworker/u9:2 pid=809 prio=100 target_cpu=000
    kworker/u9:2-809     [000] d..2.  1696.016947: sched_stat_runtime: comm=kworker/u9:2 pid=809 runtime=59833 [ns] vruntime=18689273495 [ns]
    kworker/u9:2-809     [000] d.h1.  1696.016963: irq_handler_entry: irq=37 name=mmc1
    kworker/u9:2-809     [000] d.h1.  1696.016967: irq_handler_exit: irq=37 ret=handled
    kworker/u9:2-809     [000] d.h1.  1696.016968: irq_handler_entry: irq=37 name=mmc0
    kworker/u9:2-809     [000] d.h1.  1696.016970: irq_handler_exit: irq=37 ret=unhandled
    kworker/u9:2-809     [000] d.s3.  1696.016979: sched_wakeup: comm=kworker/u9:2 pid=809 prio=100 target_cpu=000
    kworker/u9:2-809     [000] d..2.  1696.016986: sched_stat_runtime: comm=kworker/u9:2 pid=809 runtime=39037 [ns] vruntime=18689273945 [ns]
    kworker/u9:2-809     [000] d.h1.  1696.017038: irq_handler_entry: irq=37 name=mmc1
    kworker/u9:2-809     [000] d.h1.  1696.017048: irq_handler_exit: irq=37 ret=handled
    kworker/u9:2-809     [000] d.h1.  1696.017049: irq_handler_entry: irq=37 name=mmc0
    kworker/u9:2-809     [000] d.h1.  1696.017050: irq_handler_exit: irq=37 ret=unhandled
    kworker/u9:2-809     [000] d.s3.  1696.017061: sched_wakeup: comm=kworker/u9:2 pid=809 prio=100 target_cpu=000
    kworker/u9:2-809     [000] d..2.  1696.017068: sched_stat_runtime: comm=kworker/u9:2 pid=809 runtime=81982 [ns] vruntime=18689274890 [ns]
    kworker/u9:2-809     [000] d.h1.  1696.017101: irq_handler_entry: irq=37 name=mmc1
    kworker/u9:2-809     [000] d.h1.  1696.017110: irq_handler_exit: irq=37 ret=handled
    kworker/u9:2-809     [000] d.h1.  1696.017111: irq_handler_entry: irq=37 name=mmc0
    kworker/u9:2-809     [000] d.h1.  1696.017113: irq_handler_exit: irq=37 ret=unhandled
    kworker/u9:2-809     [000] d.s3.  1696.017123: sched_wakeup: comm=kworker/u9:2 pid=809 prio=100 target_cpu=000
    kworker/u9:2-809     [000] d..2.  1696.017130: sched_stat_runtime: comm=kworker/u9:2 pid=809 runtime=62148 [ns] vruntime=18689275606 [ns]
          <idle>-0       [002] d.h1.  1696.017204: irq_handler_entry: irq=2 name=IPI
          <idle>-0       [002] dNh2.  1696.017212: sched_wakeup: comm=sshd pid=1487 prio=120 target_cpu=002
          <idle>-0       [002] dNh1.  1696.017214: irq_handler_exit: irq=2 ret=handled
          <idle>-0       [002] d..2.  1696.017228: sched_switch: prev_comm=swapper/2 prev_pid=0 prev_prio=120 prev_state=R ==> next_comm=sshd next_pid=1487 next_prio=120
    kworker/u9:2-809     [000] d.h1.  1696.017246: irq_handler_entry: irq=37 name=mmc1
    kworker/u9:2-809     [000] d.h1.  1696.017256: irq_handler_exit: irq=37 ret=handled
    kworker/u9:2-809     [000] d.h1.  1696.017257: irq_handler_entry: irq=37 name=mmc0
    kworker/u9:2-809     [000] d.h1.  1696.017259: irq_handler_exit: irq=37 ret=unhandled
    kworker/u9:2-809     [000] d.s3.  1696.017269: sched_wakeup: comm=kworker/u9:2 pid=809 prio=100 target_cpu=000
    kworker/u9:2-809     [000] d..2.  1696.017277: sched_stat_runtime: comm=kworker/u9:2 pid=809 runtime=146907 [ns] vruntime=18689277300 [ns]
            sshd-1487    [002] d.h..  1696.017280: irq_handler_entry: irq=11 name=arch_timer
    kworker/u9:2-809     [000] d.h1.  1696.017281: irq_handler_entry: irq=11 name=arch_timer
    kworker/u9:2-809     [000] d.h2.  1696.017289: sched_stat_runtime: comm=kworker/u9:2 pid=809 runtime=12667 [ns] vruntime=18689277446 [ns]
            sshd-1487    [002] d.h1.  1696.017292: sched_stat_runtime: comm=sshd pid=1487 runtime=84037 [ns] vruntime=376711427 [ns]
    kworker/u9:2-809     [000] d.h1.  1696.017299: irq_handler_exit: irq=11 ret=handled
            sshd-1487    [002] d.h..  1696.017301: irq_handler_exit: irq=11 ret=handled
          <idle>-0       [001] d.h1.  1696.017304: irq_handler_entry: irq=2 name=IPI
          <idle>-0       [001] d.h1.  1696.017312: irq_handler_exit: irq=2 ret=handled
    kworker/u9:2-809     [000] d..2.  1696.017384: sched_stat_runtime: comm=kworker/u9:2 pid=809 runtime=94111 [ns] vruntime=18689278531 [ns]
    kworker/u9:2-809     [000] d..2.  1696.017390: sched_switch: prev_comm=kworker/u9:2 prev_pid=809 prev_prio=100 prev_state=I ==> next_comm=kworker/0:2 next_pid=1499 next_prio=120
     kworker/0:2-1499    [000] d..2.  1696.017418: sched_stat_runtime: comm=kworker/0:2 pid=1499 runtime=33982 [ns] vruntime=18698306787 [ns]
     kworker/0:2-1499    [000] d..2.  1696.017427: sched_switch: prev_comm=kworker/0:2 prev_pid=1499 prev_prio=120 prev_state=I ==> next_comm=swapper/0 next_pid=0 next_prio=120
          <idle>-0       [003] d.h1.  1696.017541: irq_handler_entry: irq=2 name=IPI
          <idle>-0       [003] dNh2.  1696.017549: sched_wakeup: comm=kworker/u8:3 pid=1583 prio=120 target_cpu=003
          <idle>-0       [003] dNh1.  1696.017551: irq_handler_exit: irq=2 ret=handled
          <idle>-0       [003] d..2.  1696.017564: sched_switch: prev_comm=swapper/3 prev_pid=0 prev_prio=120 prev_state=R ==> next_comm=kworker/u8:3 next_pid=1583 next_prio=120
          <idle>-0       [000] d.h1.  1696.017587: irq_handler_entry: irq=2 name=IPI
            sshd-1487    [002] d..2.  1696.017588: sched_stat_runtime: comm=sshd pid=1487 runtime=295092 [ns] vruntime=377006519 [ns]
    kworker/u8:3-1583    [003] d..2.  1696.017591: sched_stat_runtime: comm=kworker/u8:3 pid=1583 runtime=46056 [ns] vruntime=18827413870 [ns]
    kworker/u8:3-1583    [003] d..2.  1696.017596: sched_switch: prev_comm=kworker/u8:3 prev_pid=1583 prev_prio=120 prev_state=I ==> next_comm=swapper/3 next_pid=0 next_prio=120
            sshd-1487    [002] d..2.  1696.017596: sched_switch: prev_comm=sshd prev_pid=1487 prev_prio=120 prev_state=S ==> next_comm=swapper/2 next_pid=0 next_prio=120
          <idle>-0       [000] dNh2.  1696.017597: sched_wakeup: comm=bash pid=1577 prio=120 target_cpu=000
          <idle>-0       [000] dNh1.  1696.017598: irq_handler_exit: irq=2 ret=handled
          <idle>-0       [000] d..2.  1696.017612: sched_switch: prev_comm=swapper/0 prev_pid=0 prev_prio=120 prev_state=R ==> next_comm=bash next_pid=1577 next_prio=120
          <idle>-0       [003] d.h1.  1696.017761: irq_handler_entry: irq=2 name=IPI
          <idle>-0       [003] dNh2.  1696.017766: sched_wakeup: comm=kworker/u8:3 pid=1583 prio=120 target_cpu=003
          <idle>-0       [003] dNh1.  1696.017768: irq_handler_exit: irq=2 ret=handled
          <idle>-0       [003] d..2.  1696.017780: sched_switch: prev_comm=swapper/3 prev_pid=0 prev_prio=120 prev_state=R ==> next_comm=kworker/u8:3 next_pid=1583 next_prio=120
            bash-1577    [000] d..2.  1696.017792: sched_stat_runtime: comm=bash pid=1577 runtime=199241 [ns] vruntime=205731066 [ns]
          <idle>-0       [002] d.h1.  1696.017799: irq_handler_entry: irq=2 name=IPI
    kworker/u8:3-1583    [003] d..2.  1696.017801: sched_stat_runtime: comm=kworker/u8:3 pid=1583 runtime=37500 [ns] vruntime=18827451370 [ns]
            bash-1577    [000] d..2.  1696.017803: sched_switch: prev_comm=bash prev_pid=1577 prev_prio=120 prev_state=S ==> next_comm=swapper/0 next_pid=0 next_prio=120
    kworker/u8:3-1583    [003] d..2.  1696.017805: sched_switch: prev_comm=kworker/u8:3 prev_pid=1583 prev_prio=120 prev_state=I ==> next_comm=swapper/3 next_pid=0 next_prio=120
          <idle>-0       [002] dNh2.  1696.017806: sched_wakeup: comm=sshd pid=1487 prio=120 target_cpu=002
          <idle>-0       [002] dNh1.  1696.017808: irq_handler_exit: irq=2 ret=handled
          <idle>-0       [002] d..2.  1696.017823: sched_switch: prev_comm=swapper/2 prev_pid=0 prev_prio=120 prev_state=R ==> next_comm=sshd next_pid=1487 next_prio=120
          <idle>-0       [000] d.h1.  1696.018038: irq_handler_entry: irq=2 name=IPI
          <idle>-0       [000] dNh2.  1696.018045: sched_wakeup: comm=kworker/u9:2 pid=809 prio=100 target_cpu=000
          <idle>-0       [000] dNh1.  1696.018047: irq_handler_exit: irq=2 ret=handled
          <idle>-0       [000] d..2.  1696.018061: sched_switch: prev_comm=swapper/0 prev_pid=0 prev_prio=120 prev_state=R ==> next_comm=kworker/u9:2 next_pid=809 next_prio=100
            sshd-1487    [002] d..2.  1696.018085: sched_stat_runtime: comm=sshd pid=1487 runtime=281389 [ns] vruntime=377287908 [ns]
            sshd-1487    [002] d..2.  1696.018094: sched_switch: prev_comm=sshd prev_pid=1487 prev_prio=120 prev_state=S ==> next_comm=swapper/2 next_pid=0 next_prio=120
    kworker/u9:2-809     [000] d.h1.  1696.018134: irq_handler_entry: irq=37 name=mmc1
    kworker/u9:2-809     [000] d.h1.  1696.018145: irq_handler_exit: irq=37 ret=handled
    kworker/u9:2-809     [000] d.h1.  1696.018147: irq_handler_entry: irq=37 name=mmc0
    kworker/u9:2-809     [000] d.h1.  1696.018149: irq_handler_exit: irq=37 ret=unhandled
    kworker/u9:2-809     [000] d.h..  1696.018155: irq_handler_entry: irq=37 name=mmc1
    kworker/u9:2-809     [000] d.h..  1696.018159: irq_handler_exit: irq=37 ret=handled
    kworker/u9:2-809     [000] d.h..  1696.018160: irq_handler_entry: irq=37 name=mmc0
    kworker/u9:2-809     [000] d.h..  1696.018162: irq_handler_exit: irq=37 ret=unhandled
    kworker/u9:2-809     [000] d.s2.  1696.018174: sched_wakeup: comm=kworker/u9:2 pid=809 prio=100 target_cpu=000
    kworker/u9:2-809     [000] d..2.  1696.018184: sched_stat_runtime: comm=kworker/u9:2 pid=809 runtime=140481 [ns] vruntime=18689308407 [ns]
    kworker/u9:2-809     [000] d..2.  1696.018213: sched_stat_runtime: comm=kworker/u9:2 pid=809 runtime=31056 [ns] vruntime=18689308765 [ns]
    kworker/u9:2-809     [000] d..2.  1696.018218: sched_switch: prev_comm=kworker/u9:2 prev_pid=809 prev_prio=100 prev_state=I ==> next_comm=swapper/0 next_pid=0 next_prio=120
          <idle>-0       [000] d.h1.  1696.033282: irq_handler_entry: irq=11 name=arch_timer
          <idle>-0       [000] d.h1.  1696.033292: irq_handler_exit: irq=11 ret=handled
          <idle>-0       [000] dNs5.  1696.033307: sched_wakeup: comm=brcmf_wdog/mmc1 pid=336 prio=120 target_cpu=000
          <idle>-0       [000] d..2.  1696.033338: sched_switch: prev_comm=swapper/0 prev_pid=0 prev_prio=120 prev_state=R ==> next_comm=brcmf_wdog/mmc1 next_pid=336 next_prio=120
 brcmf_wdog/mmc1-336     [000] d..2.  1696.033354: sched_stat_runtime: comm=brcmf_wdog/mmc1 pid=336 runtime=36000 [ns] vruntime=18689342787 [ns]
 brcmf_wdog/mmc1-336     [000] d..2.  1696.033358: sched_switch: prev_comm=brcmf_wdog/mmc1 prev_pid=336 prev_prio=120 prev_state=S ==> next_comm=swapper/0 next_pid=0 next_prio=120
          <idle>-0       [000] d.h1.  1696.049281: irq_handler_entry: irq=11 name=arch_timer
          <idle>-0       [000] d.h1.  1696.049289: irq_handler_exit: irq=11 ret=handled
          <idle>-0       [000] dNs5.  1696.049302: sched_wakeup: comm=brcmf_wdog/mmc1 pid=336 prio=120 target_cpu=000
          <idle>-0       [000] d..2.  1696.049328: sched_switch: prev_comm=swapper/0 prev_pid=0 prev_prio=120 prev_state=R ==> next_comm=brcmf_wdog/mmc1 next_pid=336 next_prio=120
 brcmf_wdog/mmc1-336     [000] d.h1.  1696.049363: irq_handler_entry: irq=37 name=mmc1
 brcmf_wdog/mmc1-336     [000] d.h1.  1696.049367: irq_handler_exit: irq=37 ret=handled
 brcmf_wdog/mmc1-336     [000] d.h1.  1696.049368: irq_handler_entry: irq=37 name=mmc0
 brcmf_wdog/mmc1-336     [000] d.h1.  1696.049370: irq_handler_exit: irq=37 ret=unhandled
 brcmf_wdog/mmc1-336     [000] d.s3.  1696.049381: sched_wakeup: comm=brcmf_wdog/mmc1 pid=336 prio=120 target_cpu=000
 brcmf_wdog/mmc1-336     [000] d..2.  1696.049389: sched_stat_runtime: comm=brcmf_wdog/mmc1 pid=336 runtime=77315 [ns] vruntime=18689420102 [ns]
 brcmf_wdog/mmc1-336     [000] d..2.  1696.049405: sched_stat_runtime: comm=brcmf_wdog/mmc1 pid=336 runtime=16833 [ns] vruntime=18689436935 [ns]
 brcmf_wdog/mmc1-336     [000] d..2.  1696.049409: sched_switch: prev_comm=brcmf_wdog/mmc1 prev_pid=336 prev_prio=120 prev_state=S ==> next_comm=swapper/0 next_pid=0 next_prio=120
          <idle>-0       [000] d.h1.  1696.057281: irq_handler_entry: irq=11 name=arch_timer
          <idle>-0       [000] d.h1.  1696.057289: irq_handler_exit: irq=11 ret=handled
          <idle>-0       [000] d.h1.  1696.061847: irq_handler_entry: irq=37 name=mmc1
          <idle>-0       [000] dNh6.  1696.061859: sched_wakeup: comm=kworker/0:2 pid=1499 prio=120 target_cpu=000
          <idle>-0       [000] dNh1.  1696.061862: irq_handler_exit: irq=37 ret=handled
          <idle>-0       [000] dNh1.  1696.061863: irq_handler_entry: irq=37 name=mmc0
          <idle>-0       [000] dNh1.  1696.061864: irq_handler_exit: irq=37 ret=unhandled
          <idle>-0       [000] d..2.  1696.061878: sched_switch: prev_comm=swapper/0 prev_pid=0 prev_prio=120 prev_state=R ==> next_comm=kworker/0:2 next_pid=1499 next_prio=120
     kworker/0:2-1499    [000] d.h1.  1696.061909: irq_handler_entry: irq=37 name=mmc1
     kworker/0:2-1499    [000] d.h1.  1696.061913: irq_handler_exit: irq=37 ret=handled
     kworker/0:2-1499    [000] d.h1.  1696.061914: irq_handler_entry: irq=37 name=mmc0
     kworker/0:2-1499    [000] d.h1.  1696.061916: irq_handler_exit: irq=37 ret=unhandled
     kworker/0:2-1499    [000] d.s3.  1696.061926: sched_wakeup: comm=kworker/0:2 pid=1499 prio=120 target_cpu=000
     kworker/0:2-1499    [000] d..2.  1696.061934: sched_stat_runtime: comm=kworker/0:2 pid=1499 runtime=77555 [ns] vruntime=18698384342 [ns]
     kworker/0:2-1499    [000] d.h1.  1696.061960: irq_handler_entry: irq=37 name=mmc1
     kworker/0:2-1499    [000] d.h1.  1696.061967: irq_handler_exit: irq=37 ret=handled
     kworker/0:2-1499    [000] d.h1.  1696.061968: irq_handler_entry: irq=37 name=mmc0
     kworker/0:2-1499    [000] d.h1.  1696.061969: irq_handler_exit: irq=37 ret=unhandled
     kworker/0:2-1499    [000] d.s3.  1696.061979: sched_wakeup: comm=kworker/0:2 pid=1499 prio=120 target_cpu=000
     kworker/0:2-1499    [000] d..2.  1696.061985: sched_stat_runtime: comm=kworker/0:2 pid=1499 runtime=52056 [ns] vruntime=18698436398 [ns]
     kworker/0:2-1499    [000] d.h1.  1696.062009: irq_handler_entry: irq=37 name=mmc1
     kworker/0:2-1499    [000] d.h1.  1696.062013: irq_handler_exit: irq=37 ret=handled
     kworker/0:2-1499    [000] d.h1.  1696.062014: irq_handler_entry: irq=37 name=mmc0
     kworker/0:2-1499    [000] d.h1.  1696.062016: irq_handler_exit: irq=37 ret=unhandled
     kworker/0:2-1499    [000] d.h1.  1696.062018: irq_handler_entry: irq=37 name=mmc1
     kworker/0:2-1499    [000] d.h1.  1696.062022: irq_handler_exit: irq=37 ret=handled
     kworker/0:2-1499    [000] d.h1.  1696.062023: irq_handler_entry: irq=37 name=mmc0
     kworker/0:2-1499    [000] d.h1.  1696.062024: irq_handler_exit: irq=37 ret=unhandled
     kworker/0:2-1499    [000] d.s3.  1696.062033: sched_wakeup: comm=kworker/0:2 pid=1499 prio=120 target_cpu=000
     kworker/0:2-1499    [000] d..2.  1696.062040: sched_stat_runtime: comm=kworker/0:2 pid=1499 runtime=54315 [ns] vruntime=18698490713 [ns]
     kworker/0:2-1499    [000] d..4.  1696.062050: sched_stat_runtime: comm=kworker/0:2 pid=1499 runtime=9814 [ns] vruntime=18698500527 [ns]
     kworker/0:2-1499    [000] dN.4.  1696.062055: sched_wakeup: comm=kworker/u9:2 pid=809 prio=100 target_cpu=000
     kworker/0:2-1499    [000] d..2.  1696.062069: sched_switch: prev_comm=kworker/0:2 prev_pid=1499 prev_prio=120 prev_state=R+ ==> next_comm=kworker/u9:2 next_pid=809 next_prio=100
    kworker/u9:2-809     [000] d..2.  1696.062084: sched_stat_runtime: comm=kworker/u9:2 pid=809 runtime=33593 [ns] vruntime=18689500914 [ns]
    kworker/u9:2-809     [000] d..2.  1696.062088: sched_switch: prev_comm=kworker/u9:2 prev_pid=809 prev_prio=100 prev_state=D ==> next_comm=kworker/0:2 next_pid=1499 next_prio=120
     kworker/0:2-1499    [000] d..4.  1696.062096: sched_stat_runtime: comm=kworker/0:2 pid=1499 runtime=13148 [ns] vruntime=18698513675 [ns]
     kworker/0:2-1499    [000] dN.4.  1696.062100: sched_wakeup: comm=kworker/u9:2 pid=809 prio=100 target_cpu=000
     kworker/0:2-1499    [000] d..2.  1696.062106: sched_switch: prev_comm=kworker/0:2 prev_pid=1499 prev_prio=120 prev_state=R+ ==> next_comm=kworker/u9:2 next_pid=809 next_prio=100
    kworker/u9:2-809     [000] d.h1.  1696.062129: irq_handler_entry: irq=37 name=mmc1
    kworker/u9:2-809     [000] d.h1.  1696.062133: irq_handler_exit: irq=37 ret=handled
    kworker/u9:2-809     [000] d.h1.  1696.062134: irq_handler_entry: irq=37 name=mmc0
    kworker/u9:2-809     [000] d.h1.  1696.062136: irq_handler_exit: irq=37 ret=unhandled
    kworker/u9:2-809     [000] d.s3.  1696.062146: sched_wakeup: comm=kworker/u9:2 pid=809 prio=100 target_cpu=000
    kworker/u9:2-809     [000] d..2.  1696.062153: sched_stat_runtime: comm=kworker/u9:2 pid=809 runtime=56722 [ns] vruntime=18689514329 [ns]
    kworker/u9:2-809     [000] d.h1.  1696.062170: irq_handler_entry: irq=37 name=mmc1
    kworker/u9:2-809     [000] d.h1.  1696.062173: irq_handler_exit: irq=37 ret=handled
    kworker/u9:2-809     [000] d.h1.  1696.062174: irq_handler_entry: irq=37 name=mmc0
    kworker/u9:2-809     [000] d.h1.  1696.062176: irq_handler_exit: irq=37 ret=unhandled
    kworker/u9:2-809     [000] d.s3.  1696.062185: sched_wakeup: comm=kworker/u9:2 pid=809 prio=100 target_cpu=000
    kworker/u9:2-809     [000] d..2.  1696.062192: sched_stat_runtime: comm=kworker/u9:2 pid=809 runtime=38741 [ns] vruntime=18689514775 [ns]
    kworker/u9:2-809     [000] d.h1.  1696.062238: irq_handler_entry: irq=37 name=mmc1
    kworker/u9:2-809     [000] d.h1.  1696.062248: irq_handler_exit: irq=37 ret=handled
    kworker/u9:2-809     [000] d.h1.  1696.062249: irq_handler_entry: irq=37 name=mmc0
    kworker/u9:2-809     [000] d.h1.  1696.062250: irq_handler_exit: irq=37 ret=unhandled
    kworker/u9:2-809     [000] d.s3.  1696.062260: sched_wakeup: comm=kworker/u9:2 pid=809 prio=100 target_cpu=000
    kworker/u9:2-809     [000] d..2.  1696.062268: sched_stat_runtime: comm=kworker/u9:2 pid=809 runtime=75611 [ns] vruntime=18689515647 [ns]
    kworker/u9:2-809     [000] d.h1.  1696.062297: irq_handler_entry: irq=37 name=mmc1
    kworker/u9:2-809     [000] d.h1.  1696.062303: irq_handler_exit: irq=37 ret=handled
    kworker/u9:2-809     [000] d.h1.  1696.062304: irq_handler_entry: irq=37 name=mmc0
    kworker/u9:2-809     [000] d.h1.  1696.062306: irq_handler_exit: irq=37 ret=unhandled
    kworker/u9:2-809     [000] d.s3.  1696.062316: sched_wakeup: comm=kworker/u9:2 pid=809 prio=100 target_cpu=000
    kworker/u9:2-809     [000] d..2.  1696.062323: sched_stat_runtime: comm=kworker/u9:2 pid=809 runtime=55408 [ns] vruntime=18689516286 [ns]
    kworker/u9:2-809     [000] d.h1.  1696.062418: irq_handler_entry: irq=37 name=mmc1
    kworker/u9:2-809     [000] d.h1.  1696.062428: irq_handler_exit: irq=37 ret=handled
    kworker/u9:2-809     [000] d.h1.  1696.062429: irq_handler_entry: irq=37 name=mmc0
    kworker/u9:2-809     [000] d.h1.  1696.062431: irq_handler_exit: irq=37 ret=unhandled
    kworker/u9:2-809     [000] d.s3.  1696.062441: sched_wakeup: comm=kworker/u9:2 pid=809 prio=100 target_cpu=000
    kworker/u9:2-809     [000] d..2.  1696.062449: sched_stat_runtime: comm=kworker/u9:2 pid=809 runtime=125574 [ns] vruntime=18689517734 [ns]
    kworker/u9:2-809     [000] d..2.  1696.062468: sched_stat_runtime: comm=kworker/u9:2 pid=809 runtime=19277 [ns] vruntime=18689517956 [ns]
    kworker/u9:2-809     [000] d..2.  1696.062473: sched_switch: prev_comm=kworker/u9:2 prev_pid=809 prev_prio=100 prev_state=I ==> next_comm=kworker/0:2 next_pid=1499 next_prio=120
     kworker/0:2-1499    [000] d..2.  1696.062482: sched_stat_runtime: comm=kworker/0:2 pid=1499 runtime=14241 [ns] vruntime=18698527916 [ns]
     kworker/0:2-1499    [000] d..2.  1696.062492: sched_switch: prev_comm=kworker/0:2 prev_pid=1499 prev_prio=120 prev_state=I ==> next_comm=swapper/0 next_pid=0 next_prio=120
          <idle>-0       [003] d.h1.  1696.074510: irq_handler_entry: irq=11 name=arch_timer
          <idle>-0       [003] dNh4.  1696.074520: sched_wakeup: comm=gvfs-afc-volume pid=895 prio=120 target_cpu=003
          <idle>-0       [003] dNh1.  1696.074523: irq_handler_exit: irq=11 ret=handled
          <idle>-0       [003] d..2.  1696.074537: sched_switch: prev_comm=swapper/3 prev_pid=0 prev_prio=120 prev_state=R ==> next_comm=gvfs-afc-volume next_pid=895 next_prio=120
 gvfs-afc-volume-895     [003] d..2.  1696.074586: sched_stat_runtime: comm=gvfs-afc-volume pid=895 runtime=70444 [ns] vruntime=97827613 [ns]
 gvfs-afc-volume-895     [003] d..2.  1696.074596: sched_switch: prev_comm=gvfs-afc-volume prev_pid=895 prev_prio=120 prev_state=S ==> next_comm=swapper/3 next_pid=0 next_prio=120
          <idle>-0       [000] d.h1.  1696.077280: irq_handler_entry: irq=11 name=arch_timer
          <idle>-0       [000] d.h1.  1696.077289: irq_handler_exit: irq=11 ret=handled
          <idle>-0       [000] dNs5.  1696.077303: sched_wakeup: comm=brcmf_wdog/mmc1 pid=336 prio=120 target_cpu=000
          <idle>-0       [000] d..2.  1696.077330: sched_switch: prev_comm=swapper/0 prev_pid=0 prev_prio=120 prev_state=R ==> next_comm=brcmf_wdog/mmc1 next_pid=336 next_prio=120
 brcmf_wdog/mmc1-336     [000] d..2.  1696.077342: sched_stat_runtime: comm=brcmf_wdog/mmc1 pid=336 runtime=29278 [ns] vruntime=18689557194 [ns]
 brcmf_wdog/mmc1-336     [000] d..2.  1696.077346: sched_switch: prev_comm=brcmf_wdog/mmc1 prev_pid=336 prev_prio=120 prev_state=S ==> next_comm=swapper/0 next_pid=0 next_prio=120
          <idle>-0       [000] d.h1.  1696.093282: irq_handler_entry: irq=11 name=arch_timer
          <idle>-0       [000] d.h1.  1696.093289: irq_handler_exit: irq=11 ret=handled
          <idle>-0       [000] dNs5.  1696.093302: sched_wakeup: comm=brcmf_wdog/mmc1 pid=336 prio=120 target_cpu=000
          <idle>-0       [000] d..2.  1696.093328: sched_switch: prev_comm=swapper/0 prev_pid=0 prev_prio=120 prev_state=R ==> next_comm=brcmf_wdog/mmc1 next_pid=336 next_prio=120
 brcmf_wdog/mmc1-336     [000] d.h1.  1696.093362: irq_handler_entry: irq=37 name=mmc1
 brcmf_wdog/mmc1-336     [000] d.h1.  1696.093366: irq_handler_exit: irq=37 ret=handled
 brcmf_wdog/mmc1-336     [000] d.h1.  1696.093367: irq_handler_entry: irq=37 name=mmc0
 brcmf_wdog/mmc1-336     [000] d.h1.  1696.093369: irq_handler_exit: irq=37 ret=unhandled
 brcmf_wdog/mmc1-336     [000] d.s3.  1696.093380: sched_wakeup: comm=brcmf_wdog/mmc1 pid=336 prio=120 target_cpu=000
 brcmf_wdog/mmc1-336     [000] d..2.  1696.093389: sched_stat_runtime: comm=brcmf_wdog/mmc1 pid=336 runtime=75704 [ns] vruntime=18689632898 [ns]
 brcmf_wdog/mmc1-336     [000] d..2.  1696.093406: sched_stat_runtime: comm=brcmf_wdog/mmc1 pid=336 runtime=18426 [ns] vruntime=18689651324 [ns]
 brcmf_wdog/mmc1-336     [000] d..2.  1696.093410: sched_switch: prev_comm=brcmf_wdog/mmc1 prev_pid=336 prev_prio=120 prev_state=S ==> next_comm=swapper/0 next_pid=0 next_prio=120
          <idle>-0       [000] d.h1.  1696.202111: irq_handler_entry: irq=37 name=mmc1
          <idle>-0       [000] dNh6.  1696.202124: sched_wakeup: comm=kworker/0:2 pid=1499 prio=120 target_cpu=000
          <idle>-0       [000] dNh1.  1696.202126: irq_handler_exit: irq=37 ret=handled
          <idle>-0       [000] dNh1.  1696.202127: irq_handler_entry: irq=37 name=mmc0
          <idle>-0       [000] dNh1.  1696.202129: irq_handler_exit: irq=37 ret=unhandled
          <idle>-0       [000] dNh1.  1696.202132: irq_handler_entry: irq=6 name=IPI
          <idle>-0       [000] dNh1.  1696.202135: irq_handler_exit: irq=6 ret=handled
          <idle>-0       [000] d..2.  1696.202149: sched_switch: prev_comm=swapper/0 prev_pid=0 prev_prio=120 prev_state=R ==> next_comm=kworker/0:2 next_pid=1499 next_prio=120
     kworker/0:2-1499    [000] d.h1.  1696.202179: irq_handler_entry: irq=37 name=mmc1
     kworker/0:2-1499    [000] d.h1.  1696.202183: irq_handler_exit: irq=37 ret=handled
     kworker/0:2-1499    [000] d.h1.  1696.202184: irq_handler_entry: irq=37 name=mmc0
     kworker/0:2-1499    [000] d.h1.  1696.202186: irq_handler_exit: irq=37 ret=unhandled
     kworker/0:2-1499    [000] d.s3.  1696.202196: sched_wakeup: comm=kworker/0:2 pid=1499 prio=120 target_cpu=000
     kworker/0:2-1499    [000] d..2.  1696.202204: sched_stat_runtime: comm=kworker/0:2 pid=1499 runtime=84037 [ns] vruntime=18698611953 [ns]
     kworker/0:2-1499    [000] d.h1.  1696.202229: irq_handler_entry: irq=37 name=mmc1
     kworker/0:2-1499    [000] d.h1.  1696.202235: irq_handler_exit: irq=37 ret=handled
     kworker/0:2-1499    [000] d.h1.  1696.202237: irq_handler_entry: irq=37 name=mmc0
     kworker/0:2-1499    [000] d.h1.  1696.202238: irq_handler_exit: irq=37 ret=unhandled
     kworker/0:2-1499    [000] d.s3.  1696.202248: sched_wakeup: comm=kworker/0:2 pid=1499 prio=120 target_cpu=000
     kworker/0:2-1499    [000] d..2.  1696.202254: sched_stat_runtime: comm=kworker/0:2 pid=1499 runtime=50778 [ns] vruntime=18698662731 [ns]
     kworker/0:2-1499    [000] d.h1.  1696.202278: irq_handler_entry: irq=37 name=mmc1
     kworker/0:2-1499    [000] d.h1.  1696.202282: irq_handler_exit: irq=37 ret=handled
     kworker/0:2-1499    [000] d.h1.  1696.202283: irq_handler_entry: irq=37 name=mmc0
     kworker/0:2-1499    [000] d.h1.  1696.202284: irq_handler_exit: irq=37 ret=unhandled
     kworker/0:2-1499    [000] d.h1.  1696.202287: irq_handler_entry: irq=37 name=mmc1
     kworker/0:2-1499    [000] d.h1.  1696.202290: irq_handler_exit: irq=37 ret=handled
     kworker/0:2-1499    [000] d.h1.  1696.202291: irq_handler_entry: irq=37 name=mmc0
     kworker/0:2-1499    [000] d.h1.  1696.202292: irq_handler_exit: irq=37 ret=unhandled
     kworker/0:2-1499    [000] d.s3.  1696.202302: sched_wakeup: comm=kworker/0:2 pid=1499 prio=120 target_cpu=000
     kworker/0:2-1499    [000] d..2.  1696.202308: sched_stat_runtime: comm=kworker/0:2 pid=1499 runtime=54241 [ns] vruntime=18698716972 [ns]
     kworker/0:2-1499    [000] d..4.  1696.202318: sched_stat_runtime: comm=kworker/0:2 pid=1499 runtime=9407 [ns] vruntime=18698726379 [ns]
     kworker/0:2-1499    [000] dN.4.  1696.202323: sched_wakeup: comm=kworker/u9:2 pid=809 prio=100 target_cpu=000
     kworker/0:2-1499    [000] d..2.  1696.202336: sched_switch: prev_comm=kworker/0:2 prev_pid=1499 prev_prio=120 prev_state=R+ ==> next_comm=kworker/u9:2 next_pid=809 next_prio=100
    kworker/u9:2-809     [000] d..2.  1696.202351: sched_stat_runtime: comm=kworker/u9:2 pid=809 runtime=32444 [ns] vruntime=18689726753 [ns]
    kworker/u9:2-809     [000] d..2.  1696.202355: sched_switch: prev_comm=kworker/u9:2 prev_pid=809 prev_prio=100 prev_state=D ==> next_comm=kworker/0:2 next_pid=1499 next_prio=120
     kworker/0:2-1499    [000] d..4.  1696.202363: sched_stat_runtime: comm=kworker/0:2 pid=1499 runtime=13186 [ns] vruntime=18698739565 [ns]
     kworker/0:2-1499    [000] dN.4.  1696.202367: sched_wakeup: comm=kworker/u9:2 pid=809 prio=100 target_cpu=000
     kworker/0:2-1499    [000] d..2.  1696.202373: sched_switch: prev_comm=kworker/0:2 prev_pid=1499 prev_prio=120 prev_state=R+ ==> next_comm=kworker/u9:2 next_pid=809 next_prio=100
    kworker/u9:2-809     [000] d.h1.  1696.202396: irq_handler_entry: irq=37 name=mmc1
    kworker/u9:2-809     [000] d.h1.  1696.202400: irq_handler_exit: irq=37 ret=handled
    kworker/u9:2-809     [000] d.h1.  1696.202401: irq_handler_entry: irq=37 name=mmc0
    kworker/u9:2-809     [000] d.h1.  1696.202403: irq_handler_exit: irq=37 ret=unhandled
    kworker/u9:2-809     [000] d.s3.  1696.202413: sched_wakeup: comm=kworker/u9:2 pid=809 prio=100 target_cpu=000
    kworker/u9:2-809     [000] d..2.  1696.202421: sched_stat_runtime: comm=kworker/u9:2 pid=809 runtime=56944 [ns] vruntime=18689740221 [ns]
    kworker/u9:2-809     [000] d.h1.  1696.202437: irq_handler_entry: irq=37 name=mmc1
    kworker/u9:2-809     [000] d.h1.  1696.202441: irq_handler_exit: irq=37 ret=handled
    kworker/u9:2-809     [000] d.h1.  1696.202442: irq_handler_entry: irq=37 name=mmc0
    kworker/u9:2-809     [000] d.h1.  1696.202443: irq_handler_exit: irq=37 ret=unhandled
    kworker/u9:2-809     [000] d.s3.  1696.202453: sched_wakeup: comm=kworker/u9:2 pid=809 prio=100 target_cpu=000
    kworker/u9:2-809     [000] d..2.  1696.202459: sched_stat_runtime: comm=kworker/u9:2 pid=809 runtime=38815 [ns] vruntime=18689740668 [ns]
    kworker/u9:2-809     [000] d.h1.  1696.202505: irq_handler_entry: irq=37 name=mmc1
    kworker/u9:2-809     [000] d.h1.  1696.202514: irq_handler_exit: irq=37 ret=handled
    kworker/u9:2-809     [000] d.h1.  1696.202515: irq_handler_entry: irq=37 name=mmc0
    kworker/u9:2-809     [000] d.h1.  1696.202517: irq_handler_exit: irq=37 ret=unhandled
    kworker/u9:2-809     [000] d.s3.  1696.202527: sched_wakeup: comm=kworker/u9:2 pid=809 prio=100 target_cpu=000
    kworker/u9:2-809     [000] d..2.  1696.202534: sched_stat_runtime: comm=kworker/u9:2 pid=809 runtime=74648 [ns] vruntime=18689741529 [ns]
    kworker/u9:2-809     [000] d.h1.  1696.202563: irq_handler_entry: irq=37 name=mmc1
    kworker/u9:2-809     [000] d.h1.  1696.202572: irq_handler_exit: irq=37 ret=handled
    kworker/u9:2-809     [000] d.h1.  1696.202573: irq_handler_entry: irq=37 name=mmc0
    kworker/u9:2-809     [000] d.h1.  1696.202575: irq_handler_exit: irq=37 ret=unhandled
    kworker/u9:2-809     [000] d.s3.  1696.202585: sched_wakeup: comm=kworker/u9:2 pid=809 prio=100 target_cpu=000
    kworker/u9:2-809     [000] d..2.  1696.202592: sched_stat_runtime: comm=kworker/u9:2 pid=809 runtime=58111 [ns] vruntime=18689742199 [ns]
          <idle>-0       [002] d.h1.  1696.202636: irq_handler_entry: irq=2 name=IPI
          <idle>-0       [002] dNh2.  1696.202645: sched_wakeup: comm=sshd pid=1487 prio=120 target_cpu=002
          <idle>-0       [002] dNh1.  1696.202647: irq_handler_exit: irq=2 ret=handled
          <idle>-0       [002] d..2.  1696.202662: sched_switch: prev_comm=swapper/2 prev_pid=0 prev_prio=120 prev_state=R ==> next_comm=sshd next_pid=1487 next_prio=120
    kworker/u9:2-809     [000] d.h1.  1696.202673: irq_handler_entry: irq=37 name=mmc1
    kworker/u9:2-809     [000] d.h1.  1696.202683: irq_handler_exit: irq=37 ret=handled
    kworker/u9:2-809     [000] d.h1.  1696.202684: irq_handler_entry: irq=37 name=mmc0
    kworker/u9:2-809     [000] d.h1.  1696.202686: irq_handler_exit: irq=37 ret=unhandled
    kworker/u9:2-809     [000] d.s3.  1696.202697: sched_wakeup: comm=kworker/u9:2 pid=809 prio=100 target_cpu=000
    kworker/u9:2-809     [000] d..2.  1696.202704: sched_stat_runtime: comm=kworker/u9:2 pid=809 runtime=111667 [ns] vruntime=18689743487 [ns]
    kworker/u9:2-809     [000] d..2.  1696.202724: sched_stat_runtime: comm=kworker/u9:2 pid=809 runtime=19407 [ns] vruntime=18689743710 [ns]
    kworker/u9:2-809     [000] d..2.  1696.202729: sched_switch: prev_comm=kworker/u9:2 prev_pid=809 prev_prio=100 prev_state=I ==> next_comm=kworker/0:2 next_pid=1499 next_prio=120
     kworker/0:2-1499    [000] d..2.  1696.202747: sched_stat_runtime: comm=kworker/0:2 pid=1499 runtime=24204 [ns] vruntime=18698763769 [ns]
     kworker/0:2-1499    [000] d..2.  1696.202758: sched_switch: prev_comm=kworker/0:2 prev_pid=1499 prev_prio=120 prev_state=I ==> next_comm=swapper/0 next_pid=0 next_prio=120
          <idle>-0       [003] d.h1.  1696.202819: irq_handler_entry: irq=2 name=IPI
          <idle>-0       [003] dNh2.  1696.202827: sched_wakeup: comm=kworker/u8:3 pid=1583 prio=120 target_cpu=003
          <idle>-0       [003] dNh1.  1696.202829: irq_handler_exit: irq=2 ret=handled
          <idle>-0       [003] d..2.  1696.202844: sched_switch: prev_comm=swapper/3 prev_pid=0 prev_prio=120 prev_state=R ==> next_comm=kworker/u8:3 next_pid=1583 next_prio=120
            sshd-1487    [002] d..2.  1696.202860: sched_stat_runtime: comm=sshd pid=1487 runtime=219778 [ns] vruntime=377507686 [ns]
          <idle>-0       [000] d.h1.  1696.202864: irq_handler_entry: irq=2 name=IPI
            sshd-1487    [002] d..2.  1696.202868: sched_switch: prev_comm=sshd prev_pid=1487 prev_prio=120 prev_state=S ==> next_comm=swapper/2 next_pid=0 next_prio=120
    kworker/u8:3-1583    [003] d..2.  1696.202868: sched_stat_runtime: comm=kworker/u8:3 pid=1583 runtime=44481 [ns] vruntime=18827495851 [ns]
          <idle>-0       [000] dNh2.  1696.202872: sched_wakeup: comm=bash pid=1577 prio=120 target_cpu=000
    kworker/u8:3-1583    [003] d..2.  1696.202873: sched_switch: prev_comm=kworker/u8:3 prev_pid=1583 prev_prio=120 prev_state=I ==> next_comm=swapper/3 next_pid=0 next_prio=120
          <idle>-0       [000] dNh1.  1696.202874: irq_handler_exit: irq=2 ret=handled
          <idle>-0       [000] d..2.  1696.202887: sched_switch: prev_comm=swapper/0 prev_pid=0 prev_prio=120 prev_state=R ==> next_comm=bash next_pid=1577 next_prio=120
          <idle>-0       [003] d.h1.  1696.202978: irq_handler_entry: irq=2 name=IPI
          <idle>-0       [003] dNh2.  1696.202984: sched_wakeup: comm=kworker/u8:3 pid=1583 prio=120 target_cpu=003
          <idle>-0       [003] dNh1.  1696.202986: irq_handler_exit: irq=2 ret=handled
          <idle>-0       [003] d..2.  1696.202999: sched_switch: prev_comm=swapper/3 prev_pid=0 prev_prio=120 prev_state=R ==> next_comm=kworker/u8:3 next_pid=1583 next_prio=120
            bash-1577    [000] d..2.  1696.203003: sched_stat_runtime: comm=bash pid=1577 runtime=135426 [ns] vruntime=205866492 [ns]
            bash-1577    [000] d..2.  1696.203011: sched_switch: prev_comm=bash prev_pid=1577 prev_prio=120 prev_state=S ==> next_comm=swapper/0 next_pid=0 next_prio=120
          <idle>-0       [002] d.h1.  1696.203017: irq_handler_entry: irq=2 name=IPI
    kworker/u8:3-1583    [003] d..2.  1696.203020: sched_stat_runtime: comm=kworker/u8:3 pid=1583 runtime=38111 [ns] vruntime=18827533962 [ns]
    kworker/u8:3-1583    [003] d..2.  1696.203024: sched_switch: prev_comm=kworker/u8:3 prev_pid=1583 prev_prio=120 prev_state=I ==> next_comm=swapper/3 next_pid=0 next_prio=120
          <idle>-0       [002] dNh2.  1696.203024: sched_wakeup: comm=sshd pid=1487 prio=120 target_cpu=002
          <idle>-0       [002] dNh1.  1696.203026: irq_handler_exit: irq=2 ret=handled
          <idle>-0       [002] d..2.  1696.203039: sched_switch: prev_comm=swapper/2 prev_pid=0 prev_prio=120 prev_state=R ==> next_comm=sshd next_pid=1487 next_prio=120
          <idle>-0       [000] d.h1.  1696.203203: irq_handler_entry: irq=2 name=IPI
          <idle>-0       [000] dNh2.  1696.203209: sched_wakeup: comm=kworker/u9:2 pid=809 prio=100 target_cpu=000
          <idle>-0       [000] dNh1.  1696.203211: irq_handler_exit: irq=2 ret=handled
          <idle>-0       [000] d..2.  1696.203224: sched_switch: prev_comm=swapper/0 prev_pid=0 prev_prio=120 prev_state=R ==> next_comm=kworker/u9:2 next_pid=809 next_prio=100
            sshd-1487    [002] d..2.  1696.203246: sched_stat_runtime: comm=sshd pid=1487 runtime=224222 [ns] vruntime=377731908 [ns]
            sshd-1487    [002] d..2.  1696.203254: sched_switch: prev_comm=sshd prev_pid=1487 prev_prio=120 prev_state=S ==> next_comm=swapper/2 next_pid=0 next_prio=120
    kworker/u9:2-809     [000] d.h1.  1696.203302: irq_handler_entry: irq=37 name=mmc1
    kworker/u9:2-809     [000] d.h1.  1696.203314: irq_handler_exit: irq=37 ret=handled
    kworker/u9:2-809     [000] d.h1.  1696.203315: irq_handler_entry: irq=37 name=mmc0
    kworker/u9:2-809     [000] d.h1.  1696.203316: irq_handler_exit: irq=37 ret=unhandled
    kworker/u9:2-809     [000] d..2.  1696.203323: sched_stat_runtime: comm=kworker/u9:2 pid=809 runtime=116852 [ns] vruntime=18689765117 [ns]
    kworker/u9:2-809     [000] d..2.  1696.203328: sched_switch: prev_comm=kworker/u9:2 prev_pid=809 prev_prio=100 prev_state=D ==> next_comm=swapper/0 next_pid=0 next_prio=120
          <idle>-0       [000] d.h1.  1696.203334: irq_handler_entry: irq=37 name=mmc1
          <idle>-0       [000] d.h1.  1696.203337: irq_handler_exit: irq=37 ret=handled
          <idle>-0       [000] d.h1.  1696.203338: irq_handler_entry: irq=37 name=mmc0
          <idle>-0       [000] d.h1.  1696.203340: irq_handler_exit: irq=37 ret=unhandled
          <idle>-0       [000] dNs5.  1696.203354: sched_wakeup: comm=kworker/u9:2 pid=809 prio=100 target_cpu=000
          <idle>-0       [000] d..2.  1696.203364: sched_switch: prev_comm=swapper/0 prev_pid=0 prev_prio=120 prev_state=R ==> next_comm=kworker/u9:2 next_pid=809 next_prio=100
    kworker/u9:2-809     [000] d..2.  1696.203390: sched_stat_runtime: comm=kworker/u9:2 pid=809 runtime=37167 [ns] vruntime=18689765545 [ns]
    kworker/u9:2-809     [000] d..2.  1696.203394: sched_switch: prev_comm=kworker/u9:2 prev_pid=809 prev_prio=100 prev_state=I ==> next_comm=swapper/0 next_pid=0 next_prio=120
          <idle>-0       [000] d.h1.  1696.217284: irq_handler_entry: irq=11 name=arch_timer
          <idle>-0       [000] d.h1.  1696.217294: irq_handler_exit: irq=11 ret=handled
          <idle>-0       [000] dNs5.  1696.217306: sched_wakeup: comm=brcmf_wdog/mmc1 pid=336 prio=120 target_cpu=000
          <idle>-0       [000] d..2.  1696.217335: sched_switch: prev_comm=swapper/0 prev_pid=0 prev_prio=120 prev_state=R ==> next_comm=brcmf_wdog/mmc1 next_pid=336 next_prio=120
 brcmf_wdog/mmc1-336     [000] d..2.  1696.217348: sched_stat_runtime: comm=brcmf_wdog/mmc1 pid=336 runtime=30759 [ns] vruntime=18689794528 [ns]
 brcmf_wdog/mmc1-336     [000] d..2.  1696.217352: sched_switch: prev_comm=brcmf_wdog/mmc1 prev_pid=336 prev_prio=120 prev_state=S ==> next_comm=swapper/0 next_pid=0 next_prio=120
          <idle>-0       [000] d.h1.  1696.233284: irq_handler_entry: irq=11 name=arch_timer
          <idle>-0       [000] d.h1.  1696.233291: irq_handler_exit: irq=11 ret=handled
          <idle>-0       [000] dNs5.  1696.233304: sched_wakeup: comm=brcmf_wdog/mmc1 pid=336 prio=120 target_cpu=000
          <idle>-0       [000] d..2.  1696.233331: sched_switch: prev_comm=swapper/0 prev_pid=0 prev_prio=120 prev_state=R ==> next_comm=brcmf_wdog/mmc1 next_pid=336 next_prio=120
 brcmf_wdog/mmc1-336     [000] d.h1.  1696.233365: irq_handler_entry: irq=37 name=mmc1
 brcmf_wdog/mmc1-336     [000] d.h1.  1696.233370: irq_handler_exit: irq=37 ret=handled
 brcmf_wdog/mmc1-336     [000] d.h1.  1696.233371: irq_handler_entry: irq=37 name=mmc0
 brcmf_wdog/mmc1-336     [000] d.h1.  1696.233372: irq_handler_exit: irq=37 ret=unhandled
 brcmf_wdog/mmc1-336     [000] d.s3.  1696.233383: sched_wakeup: comm=brcmf_wdog/mmc1 pid=336 prio=120 target_cpu=000
 brcmf_wdog/mmc1-336     [000] d..2.  1696.233391: sched_stat_runtime: comm=brcmf_wdog/mmc1 pid=336 runtime=77389 [ns] vruntime=18689871917 [ns]
 brcmf_wdog/mmc1-336     [000] d..2.  1696.233407: sched_stat_runtime: comm=brcmf_wdog/mmc1 pid=336 runtime=16296 [ns] vruntime=18689888213 [ns]
 brcmf_wdog/mmc1-336     [000] d..2.  1696.233411: sched_switch: prev_comm=brcmf_wdog/mmc1 prev_pid=336 prev_prio=120 prev_state=S ==> next_comm=swapper/0 next_pid=0 next_prio=120
          <idle>-0       [000] d.h1.  1696.245284: irq_handler_entry: irq=11 name=arch_timer
          <idle>-0       [000] d.h1.  1696.245292: irq_handler_exit: irq=11 ret=handled
          <idle>-0       [000] d.h1.  1696.251494: irq_handler_entry: irq=37 name=mmc1
          <idle>-0       [000] dNh6.  1696.251506: sched_wakeup: comm=kworker/0:2 pid=1499 prio=120 target_cpu=000
          <idle>-0       [000] dNh1.  1696.251509: irq_handler_exit: irq=37 ret=handled
          <idle>-0       [000] dNh1.  1696.251510: irq_handler_entry: irq=37 name=mmc0
          <idle>-0       [000] dNh1.  1696.251512: irq_handler_exit: irq=37 ret=unhandled
          <idle>-0       [000] d..2.  1696.251525: sched_switch: prev_comm=swapper/0 prev_pid=0 prev_prio=120 prev_state=R ==> next_comm=kworker/0:2 next_pid=1499 next_prio=120
     kworker/0:2-1499    [000] d.h1.  1696.251555: irq_handler_entry: irq=37 name=mmc1
     kworker/0:2-1499    [000] d.h1.  1696.251559: irq_handler_exit: irq=37 ret=handled
     kworker/0:2-1499    [000] d.h1.  1696.251560: irq_handler_entry: irq=37 name=mmc0
     kworker/0:2-1499    [000] d.h1.  1696.251561: irq_handler_exit: irq=37 ret=unhandled
     kworker/0:2-1499    [000] d.s3.  1696.251571: sched_wakeup: comm=kworker/0:2 pid=1499 prio=120 target_cpu=000
     kworker/0:2-1499    [000] d..2.  1696.251579: sched_stat_runtime: comm=kworker/0:2 pid=1499 runtime=75500 [ns] vruntime=18698839269 [ns]
     kworker/0:2-1499    [000] d.h1.  1696.251604: irq_handler_entry: irq=37 name=mmc1
     kworker/0:2-1499    [000] d.h1.  1696.251610: irq_handler_exit: irq=37 ret=handled
     kworker/0:2-1499    [000] d.h1.  1696.251611: irq_handler_entry: irq=37 name=mmc0
     kworker/0:2-1499    [000] d.h1.  1696.251613: irq_handler_exit: irq=37 ret=unhandled
     kworker/0:2-1499    [000] d.s3.  1696.251622: sched_wakeup: comm=kworker/0:2 pid=1499 prio=120 target_cpu=000
     kworker/0:2-1499    [000] d..2.  1696.251629: sched_stat_runtime: comm=kworker/0:2 pid=1499 runtime=50463 [ns] vruntime=18698889732 [ns]
     kworker/0:2-1499    [000] d.h1.  1696.251652: irq_handler_entry: irq=37 name=mmc1
     kworker/0:2-1499    [000] d.h1.  1696.251657: irq_handler_exit: irq=37 ret=handled
     kworker/0:2-1499    [000] d.h1.  1696.251658: irq_handler_entry: irq=37 name=mmc0
     kworker/0:2-1499    [000] d.h1.  1696.251659: irq_handler_exit: irq=37 ret=unhandled
     kworker/0:2-1499    [000] d.h1.  1696.251662: irq_handler_entry: irq=37 name=mmc1
     kworker/0:2-1499    [000] d.h1.  1696.251665: irq_handler_exit: irq=37 ret=handled
     kworker/0:2-1499    [000] d.h1.  1696.251666: irq_handler_entry: irq=37 name=mmc0
     kworker/0:2-1499    [000] d.h1.  1696.251667: irq_handler_exit: irq=37 ret=unhandled
     kworker/0:2-1499    [000] d.s3.  1696.251677: sched_wakeup: comm=kworker/0:2 pid=1499 prio=120 target_cpu=000
     kworker/0:2-1499    [000] d..2.  1696.251683: sched_stat_runtime: comm=kworker/0:2 pid=1499 runtime=54611 [ns] vruntime=18698944343 [ns]
     kworker/0:2-1499    [000] d..4.  1696.251693: sched_stat_runtime: comm=kworker/0:2 pid=1499 runtime=9963 [ns] vruntime=18698954306 [ns]
     kworker/0:2-1499    [000] dN.4.  1696.251699: sched_wakeup: comm=kworker/u9:2 pid=809 prio=100 target_cpu=000
     kworker/0:2-1499    [000] d..2.  1696.251712: sched_switch: prev_comm=kworker/0:2 prev_pid=1499 prev_prio=120 prev_state=R+ ==> next_comm=kworker/u9:2 next_pid=809 next_prio=100
    kworker/u9:2-809     [000] d..2.  1696.251727: sched_stat_runtime: comm=kworker/u9:2 pid=809 runtime=32704 [ns] vruntime=18689954683 [ns]
    kworker/u9:2-809     [000] d..2.  1696.251731: sched_switch: prev_comm=kworker/u9:2 prev_pid=809 prev_prio=100 prev_state=D ==> next_comm=kworker/0:2 next_pid=1499 next_prio=120
     kworker/0:2-1499    [000] d..4.  1696.251739: sched_stat_runtime: comm=kworker/0:2 pid=1499 runtime=13370 [ns] vruntime=18698967676 [ns]
     kworker/0:2-1499    [000] dN.4.  1696.251743: sched_wakeup: comm=kworker/u9:2 pid=809 prio=100 target_cpu=000
     kworker/0:2-1499    [000] d..2.  1696.251749: sched_switch: prev_comm=kworker/0:2 prev_pid=1499 prev_prio=120 prev_state=R+ ==> next_comm=kworker/u9:2 next_pid=809 next_prio=100
    kworker/u9:2-809     [000] d.h1.  1696.251772: irq_handler_entry: irq=37 name=mmc1
    kworker/u9:2-809     [000] d.h1.  1696.251776: irq_handler_exit: irq=37 ret=handled
    kworker/u9:2-809     [000] d.h1.  1696.251777: irq_handler_entry: irq=37 name=mmc0
    kworker/u9:2-809     [000] d.h1.  1696.251779: irq_handler_exit: irq=37 ret=unhandled
    kworker/u9:2-809     [000] d.s3.  1696.251789: sched_wakeup: comm=kworker/u9:2 pid=809 prio=100 target_cpu=000
    kworker/u9:2-809     [000] d..2.  1696.251796: sched_stat_runtime: comm=kworker/u9:2 pid=809 runtime=56500 [ns] vruntime=18689968327 [ns]
    kworker/u9:2-809     [000] d.h1.  1696.251812: irq_handler_entry: irq=37 name=mmc1
    kworker/u9:2-809     [000] d.h1.  1696.251816: irq_handler_exit: irq=37 ret=handled
    kworker/u9:2-809     [000] d.h1.  1696.251817: irq_handler_entry: irq=37 name=mmc0
    kworker/u9:2-809     [000] d.h1.  1696.251819: irq_handler_exit: irq=37 ret=unhandled
    kworker/u9:2-809     [000] d.s3.  1696.251828: sched_wakeup: comm=kworker/u9:2 pid=809 prio=100 target_cpu=000
    kworker/u9:2-809     [000] d..2.  1696.251835: sched_stat_runtime: comm=kworker/u9:2 pid=809 runtime=38648 [ns] vruntime=18689968772 [ns]
    kworker/u9:2-809     [000] d.h1.  1696.251880: irq_handler_entry: irq=37 name=mmc1
    kworker/u9:2-809     [000] d.h1.  1696.251889: irq_handler_exit: irq=37 ret=handled
    kworker/u9:2-809     [000] d.h1.  1696.251890: irq_handler_entry: irq=37 name=mmc0
    kworker/u9:2-809     [000] d.h1.  1696.251892: irq_handler_exit: irq=37 ret=unhandled
    kworker/u9:2-809     [000] d.s3.  1696.251902: sched_wakeup: comm=kworker/u9:2 pid=809 prio=100 target_cpu=000
    kworker/u9:2-809     [000] d..2.  1696.251909: sched_stat_runtime: comm=kworker/u9:2 pid=809 runtime=74222 [ns] vruntime=18689969628 [ns]
    kworker/u9:2-809     [000] d.h1.  1696.251938: irq_handler_entry: irq=37 name=mmc1
    kworker/u9:2-809     [000] d.h1.  1696.251944: irq_handler_exit: irq=37 ret=handled
    kworker/u9:2-809     [000] d.h1.  1696.251945: irq_handler_entry: irq=37 name=mmc0
    kworker/u9:2-809     [000] d.h1.  1696.251947: irq_handler_exit: irq=37 ret=unhandled
    kworker/u9:2-809     [000] d.s3.  1696.251957: sched_wakeup: comm=kworker/u9:2 pid=809 prio=100 target_cpu=000
    kworker/u9:2-809     [000] d..2.  1696.251964: sched_stat_runtime: comm=kworker/u9:2 pid=809 runtime=54741 [ns] vruntime=18689970259 [ns]
    kworker/u9:2-809     [000] d.h1.  1696.252043: irq_handler_entry: irq=37 name=mmc1
    kworker/u9:2-809     [000] d.h1.  1696.252053: irq_handler_exit: irq=37 ret=handled
    kworker/u9:2-809     [000] d.h1.  1696.252054: irq_handler_entry: irq=37 name=mmc0
    kworker/u9:2-809     [000] d.h1.  1696.252056: irq_handler_exit: irq=37 ret=unhandled
    kworker/u9:2-809     [000] d.s3.  1696.252066: sched_wakeup: comm=kworker/u9:2 pid=809 prio=100 target_cpu=000
    kworker/u9:2-809     [000] d..2.  1696.252074: sched_stat_runtime: comm=kworker/u9:2 pid=809 runtime=109815 [ns] vruntime=18689971525 [ns]
    kworker/u9:2-809     [000] d..2.  1696.252093: sched_stat_runtime: comm=kworker/u9:2 pid=809 runtime=19000 [ns] vruntime=18689971744 [ns]
    kworker/u9:2-809     [000] d..2.  1696.252098: sched_switch: prev_comm=kworker/u9:2 prev_pid=809 prev_prio=100 prev_state=I ==> next_comm=kworker/0:2 next_pid=1499 next_prio=120
     kworker/0:2-1499    [000] d..2.  1696.252107: sched_stat_runtime: comm=kworker/0:2 pid=1499 runtime=14741 [ns] vruntime=18698982417 [ns]
     kworker/0:2-1499    [000] d..2.  1696.252116: sched_switch: prev_comm=kworker/0:2 prev_pid=1499 prev_prio=120 prev_state=I ==> next_comm=swapper/0 next_pid=0 next_prio=120
          <idle>-0       [000] d.h1.  1696.253426: irq_handler_entry: irq=11 name=arch_timer
          <idle>-0       [000] d.h1.  1696.253433: irq_handler_exit: irq=11 ret=handled
          <idle>-0       [000] d.h1.  1696.265284: irq_handler_entry: irq=11 name=arch_timer
          <idle>-0       [000] d.h1.  1696.265292: irq_handler_exit: irq=11 ret=handled
