          <idle>-0       [002] d..2.  1696.766960: sched_switch: prev_comm=swapper/2 prev_pid=0 prev_prio=120 prev_state=R ==> next_comm=sshd next_pid=1487 next_prio=120
    kworker/u9:2-809     [000] d.h1.  1696.766986: irq_handler_entry: irq=37 name=mmc1
    kworker/u9:2-809     [000] d.h1.  1696.766996: irq_handler_exit: irq=37 ret=handled
    kworker/u9:2-809     [000] d.h1.  1696.766997: irq_handler_entry: irq=37 name=mmc0
    kworker/u9:2-809     [000] d.h1.  1696.766999: irq_handler_exit: irq=37 ret=unhandled
    kworker/u9:2-809     [000] d.s3.  1696.767009: sched_wakeup: comm=kworker/u9:2 pid=809 prio=100 target_cpu=000
    kworker/u9:2-809     [000] d..2.  1696.767017: sched_stat_runtime: comm=kworker/u9:2 pid=809 runtime=117389 [ns] vruntime=18691578502 [ns]
    kworker/u9:2-809     [000] d..2.  1696.767037: sched_stat_runtime: comm=kworker/u9:2 pid=809 runtime=19593 [ns] vruntime=18691578728 [ns]
    kworker/u9:2-809     [000] d..2.  1696.767042: sched_switch: prev_comm=kworker/u9:2 prev_pid=809 prev_prio=100 prev_state=I ==> next_comm=kworker/0:2 next_pid=1499 next_prio=120
     kworker/0:2-1499    [000] d..2.  1696.767051: sched_stat_runtime: comm=kworker/0:2 pid=1499 runtime=14278 [ns] vruntime=18700588786 [ns]
     kworker/0:2-1499    [000] d..2.  1696.767061: sched_switch: prev_comm=kworker/0:2 prev_pid=1499 prev_prio=120 prev_state=I ==> next_comm=swapper/0 next_pid=0 next_prio=120
          <idle>-0       [003] d.h1.  1696.767137: irq_handler_entry: irq=2 name=IPI
          <idle>-0       [003] dNh2.  1696.767143: sched_wakeup: comm=kworker/u8:3 pid=1583 prio=120 target_cpu=003
          <idle>-0       [003] dNh1.  1696.767144: irq_handler_exit: irq=2 ret=handled
          <idle>-0       [003] d..2.  1696.767157: sched_switch: prev_comm=swapper/3 prev_pid=0 prev_prio=120 prev_state=R ==> next_comm=kworker/u8:3 next_pid=1583 next_prio=120
          <idle>-0       [000] d.h1.  1696.767174: irq_handler_entry: irq=2 name=IPI
    kworker/u8:3-1583    [003] d..2.  1696.767178: sched_stat_runtime: comm=kworker/u8:3 pid=1583 runtime=37704 [ns] vruntime=18827851815 [ns]
            sshd-1487    [002] d..2.  1696.767179: sched_stat_runtime: comm=sshd pid=1487 runtime=232389 [ns] vruntime=379264371 [ns]
    kworker/u8:3-1583    [003] d..2.  1696.767182: sched_switch: prev_comm=kworker/u8:3 prev_pid=1583 prev_prio=120 prev_state=I ==> next_comm=swapper/3 next_pid=0 next_prio=120
          <idle>-0       [000] dNh2.  1696.767182: sched_wakeup: comm=bash pid=1577 prio=120 target_cpu=000
          <idle>-0       [000] dNh1.  1696.767184: irq_handler_exit: irq=2 ret=handled
            sshd-1487    [002] d..2.  1696.767187: sched_switch: prev_comm=sshd prev_pid=1487 prev_prio=120 prev_state=S ==> next_comm=swapper/2 next_pid=0 next_prio=120
          <idle>-0       [000] d..2.  1696.767194: sched_switch: prev_comm=swapper/0 prev_pid=0 prev_prio=120 prev_state=R ==> next_comm=bash next_pid=1577 next_prio=120
          <idle>-0       [003] d.h1.  1696.767772: irq_handler_entry: irq=2 name=IPI
          <idle>-0       [003] dNh2.  1696.767777: sched_wakeup: comm=kworker/u8:3 pid=1583 prio=120 target_cpu=003
          <idle>-0       [003] dNh1.  1696.767779: irq_handler_exit: irq=2 ret=handled
          <idle>-0       [003] d..2.  1696.767790: sched_switch: prev_comm=swapper/3 prev_pid=0 prev_prio=120 prev_state=R ==> next_comm=kworker/u8:3 next_pid=1583 next_prio=120
            bash-1577    [000] d..2.  1696.767802: sched_stat_runtime: comm=bash pid=1577 runtime=622167 [ns] vruntime=206882455 [ns]
          <idle>-0       [002] d.h1.  1696.767808: irq_handler_entry: irq=2 name=IPI
    kworker/u8:3-1583    [003] d..2.  1696.767811: sched_stat_runtime: comm=kworker/u8:3 pid=1583 runtime=35426 [ns] vruntime=18827887241 [ns]
            bash-1577    [000] d..2.  1696.767811: sched_switch: prev_comm=bash prev_pid=1577 prev_prio=120 prev_state=S ==> next_comm=swapper/0 next_pid=0 next_prio=120
    kworker/u8:3-1583    [003] d..2.  1696.767815: sched_switch: prev_comm=kworker/u8:3 prev_pid=1583 prev_prio=120 prev_state=I ==> next_comm=swapper/3 next_pid=0 next_prio=120
          <idle>-0       [002] dNh2.  1696.767817: sched_wakeup: comm=sshd pid=1487 prio=120 target_cpu=002
          <idle>-0       [002] dNh1.  1696.767819: irq_handler_exit: irq=2 ret=handled
          <idle>-0       [002] d..2.  1696.767829: sched_switch: prev_comm=swapper/2 prev_pid=0 prev_prio=120 prev_state=R ==> next_comm=sshd next_pid=1487 next_prio=120
          <idle>-0       [000] d.h1.  1696.768008: irq_handler_entry: irq=2 name=IPI
          <idle>-0       [000] dNh2.  1696.768015: sched_wakeup: comm=kworker/u9:2 pid=809 prio=100 target_cpu=000
          <idle>-0       [000] dNh1.  1696.768016: irq_handler_exit: irq=2 ret=handled
          <idle>-0       [000] d..2.  1696.768026: sched_switch: prev_comm=swapper/0 prev_pid=0 prev_prio=120 prev_state=R ==> next_comm=kworker/u9:2 next_pid=809 next_prio=100
            sshd-1487    [002] d..2.  1696.768052: sched_stat_runtime: comm=sshd pid=1487 runtime=239500 [ns] vruntime=379503871 [ns]
            sshd-1487    [002] d..2.  1696.768060: sched_switch: prev_comm=sshd prev_pid=1487 prev_prio=120 prev_state=S ==> next_comm=swapper/2 next_pid=0 next_prio=120
    kworker/u9:2-809     [000] d.h1.  1696.768092: irq_handler_entry: irq=37 name=mmc1
    kworker/u9:2-809     [000] d.h1.  1696.768104: irq_handler_exit: irq=37 ret=handled
    kworker/u9:2-809     [000] d.h1.  1696.768105: irq_handler_entry: irq=37 name=mmc0
    kworker/u9:2-809     [000] d.h1.  1696.768107: irq_handler_exit: irq=37 ret=unhandled
    kworker/u9:2-809     [000] d.h1.  1696.768114: irq_handler_entry: irq=37 name=mmc1
    kworker/u9:2-809     [000] d.h1.  1696.768118: irq_handler_exit: irq=37 ret=handled
    kworker/u9:2-809     [000] d.h1.  1696.768119: irq_handler_entry: irq=37 name=mmc0
    kworker/u9:2-809     [000] d.h1.  1696.768120: irq_handler_exit: irq=37 ret=unhandled
    kworker/u9:2-809     [000] d.s3.  1696.768132: sched_wakeup: comm=kworker/u9:2 pid=809 prio=100 target_cpu=000
    kworker/u9:2-809     [000] d..2.  1696.768140: sched_stat_runtime: comm=kworker/u9:2 pid=809 runtime=128259 [ns] vruntime=18691590265 [ns]
    kworker/u9:2-809     [000] d..2.  1696.768165: sched_stat_runtime: comm=kworker/u9:2 pid=809 runtime=25592 [ns] vruntime=18691590560 [ns]
    kworker/u9:2-809     [000] d..2.  1696.768170: sched_switch: prev_comm=kworker/u9:2 prev_pid=809 prev_prio=100 prev_state=I ==> next_comm=swapper/0 next_pid=0 next_prio=120
          <idle>-0       [000] d.h1.  1696.769290: irq_handler_entry: irq=11 name=arch_timer
          <idle>-0       [002] d.h1.  1696.769291: irq_handler_entry: irq=11 name=arch_timer
          <idle>-0       [002] d.h1.  1696.769304: irq_handler_exit: irq=11 ret=handled
          <idle>-0       [000] d.h1.  1696.769305: irq_handler_exit: irq=11 ret=handled
          <idle>-0       [000] dNs4.  1696.769318: sched_wakeup: comm=rcu_preempt pid=15 prio=120 target_cpu=000
          <idle>-0       [000] d..2.  1696.769331: sched_switch: prev_comm=swapper/0 prev_pid=0 prev_prio=120 prev_state=R ==> next_comm=rcu_preempt next_pid=15 next_prio=120
     rcu_preempt-15      [000] d..2.  1696.769379: sched_stat_runtime: comm=rcu_preempt pid=15 runtime=64944 [ns] vruntime=18691653730 [ns]
     rcu_preempt-15      [000] d..2.  1696.769383: sched_switch: prev_comm=rcu_preempt prev_pid=15 prev_prio=120 prev_state=I ==> next_comm=swapper/0 next_pid=0 next_prio=120
          <idle>-0       [002] d.h1.  1696.773290: irq_handler_entry: irq=11 name=arch_timer
          <idle>-0       [000] d.h1.  1696.773290: irq_handler_entry: irq=11 name=arch_timer
          <idle>-0       [002] d.h1.  1696.773297: irq_handler_exit: irq=11 ret=handled
          <idle>-0       [000] d.h1.  1696.773301: irq_handler_exit: irq=11 ret=handled
          <idle>-0       [002] dNs5.  1696.773324: sched_wakeup: comm=kworker/2:3 pid=168 prio=120 target_cpu=002
          <idle>-0       [000] dNs5.  1696.773328: sched_wakeup: comm=kworker/0:2 pid=1499 prio=120 target_cpu=000
          <idle>-0       [002] d..2.  1696.773339: sched_switch: prev_comm=swapper/2 prev_pid=0 prev_prio=120 prev_state=R ==> next_comm=kworker/2:3 next_pid=168 next_prio=120
          <idle>-0       [000] d..2.  1696.773342: sched_switch: prev_comm=swapper/0 prev_pid=0 prev_prio=120 prev_state=R ==> next_comm=kworker/0:2 next_pid=1499 next_prio=120
     kworker/0:2-1499    [000] d..2.  1696.773361: sched_stat_runtime: comm=kworker/0:2 pid=1499 runtime=36203 [ns] vruntime=18700624989 [ns]
     kworker/2:3-168     [002] d..2.  1696.773362: sched_stat_runtime: comm=kworker/2:3 pid=168 runtime=40278 [ns] vruntime=19371164285 [ns]
     kworker/0:2-1499    [000] d..2.  1696.773366: sched_switch: prev_comm=kworker/0:2 prev_pid=1499 prev_prio=120 prev_state=I ==> next_comm=swapper/0 next_pid=0 next_prio=120
     kworker/2:3-168     [002] d..2.  1696.773366: sched_switch: prev_comm=kworker/2:3 prev_pid=168 prev_prio=120 prev_state=I ==> next_comm=swapper/2 next_pid=0 next_prio=120
          <idle>-0       [000] d.h1.  1696.777290: irq_handler_entry: irq=11 name=arch_timer
          <idle>-0       [000] d.h1.  1696.777301: irq_handler_exit: irq=11 ret=handled
          <idle>-0       [000] dNs4.  1696.777312: sched_wakeup: comm=rcu_preempt pid=15 prio=120 target_cpu=000
          <idle>-0       [000] d..2.  1696.777325: sched_switch: prev_comm=swapper/0 prev_pid=0 prev_prio=120 prev_state=R ==> next_comm=rcu_preempt next_pid=15 next_prio=120
     rcu_preempt-15      [000] d..2.  1696.777354: sched_stat_runtime: comm=rcu_preempt pid=15 runtime=44574 [ns] vruntime=18691698304 [ns]
     rcu_preempt-15      [000] d..2.  1696.777358: sched_switch: prev_comm=rcu_preempt prev_pid=15 prev_prio=120 prev_state=I ==> next_comm=swapper/0 next_pid=0 next_prio=120
          <idle>-0       [000] d.h1.  1696.781290: irq_handler_entry: irq=11 name=arch_timer
          <idle>-0       [000] d.h1.  1696.781300: irq_handler_exit: irq=11 ret=handled
          <idle>-0       [000] dNs5.  1696.781313: sched_wakeup: comm=brcmf_wdog/mmc1 pid=336 prio=120 target_cpu=000
          <idle>-0       [000] d..2.  1696.781346: sched_switch: prev_comm=swapper/0 prev_pid=0 prev_prio=120 prev_state=R ==> next_comm=brcmf_wdog/mmc1 next_pid=336 next_prio=120
 brcmf_wdog/mmc1-336     [000] d..2.  1696.781360: sched_stat_runtime: comm=brcmf_wdog/mmc1 pid=336 runtime=36778 [ns] vruntime=18691661767 [ns]
 brcmf_wdog/mmc1-336     [000] d..2.  1696.781363: sched_switch: prev_comm=brcmf_wdog/mmc1 prev_pid=336 prev_prio=120 prev_state=S ==> next_comm=swapper/0 next_pid=0 next_prio=120
          <idle>-0       [000] d.h1.  1696.797293: irq_handler_entry: irq=11 name=arch_timer
          <idle>-0       [000] d.h1.  1696.797300: irq_handler_exit: irq=11 ret=handled
          <idle>-0       [000] dNs5.  1696.797312: sched_wakeup: comm=brcmf_wdog/mmc1 pid=336 prio=120 target_cpu=000
          <idle>-0       [000] d..2.  1696.797339: sched_switch: prev_comm=swapper/0 prev_pid=0 prev_prio=120 prev_state=R ==> next_comm=brcmf_wdog/mmc1 next_pid=336 next_prio=120
 brcmf_wdog/mmc1-336     [000] d.h1.  1696.797374: irq_handler_entry: irq=37 name=mmc1
 brcmf_wdog/mmc1-336     [000] d.h1.  1696.797378: irq_handler_exit: irq=37 ret=handled
 brcmf_wdog/mmc1-336     [000] d.h1.  1696.797379: irq_handler_entry: irq=37 name=mmc0
 brcmf_wdog/mmc1-336     [000] d.h1.  1696.797381: irq_handler_exit: irq=37 ret=unhandled
 brcmf_wdog/mmc1-336     [000] d.s3.  1696.797392: sched_wakeup: comm=brcmf_wdog/mmc1 pid=336 prio=120 target_cpu=000
 brcmf_wdog/mmc1-336     [000] d..2.  1696.797399: sched_stat_runtime: comm=brcmf_wdog/mmc1 pid=336 runtime=77297 [ns] vruntime=18691739064 [ns]
 brcmf_wdog/mmc1-336     [000] d..2.  1696.797416: sched_stat_runtime: comm=brcmf_wdog/mmc1 pid=336 runtime=16907 [ns] vruntime=18691755971 [ns]
 brcmf_wdog/mmc1-336     [000] d..2.  1696.797420: sched_switch: prev_comm=brcmf_wdog/mmc1 prev_pid=336 prev_prio=120 prev_state=S ==> next_comm=swapper/0 next_pid=0 next_prio=120
          <idle>-0       [000] d.h1.  1696.809293: irq_handler_entry: irq=11 name=arch_timer
          <idle>-0       [000] d.h1.  1696.809300: irq_handler_exit: irq=11 ret=handled
          <idle>-0       [000] d.h1.  1696.812481: irq_handler_entry: irq=37 name=mmc1
          <idle>-0       [000] dNh6.  1696.812493: sched_wakeup: comm=kworker/0:2 pid=1499 prio=120 target_cpu=000
          <idle>-0       [000] dNh1.  1696.812495: irq_handler_exit: irq=37 ret=handled
          <idle>-0       [000] dNh1.  1696.812496: irq_handler_entry: irq=37 name=mmc0
          <idle>-0       [000] dNh1.  1696.812498: irq_handler_exit: irq=37 ret=unhandled
          <idle>-0       [000] d..2.  1696.812512: sched_switch: prev_comm=swapper/0 prev_pid=0 prev_prio=120 prev_state=R ==> next_comm=kworker/0:2 next_pid=1499 next_prio=120
     kworker/0:2-1499    [000] d.h1.  1696.812543: irq_handler_entry: irq=37 name=mmc1
     kworker/0:2-1499    [000] d.h1.  1696.812546: irq_handler_exit: irq=37 ret=handled
     kworker/0:2-1499    [000] d.h1.  1696.812549: irq_handler_entry: irq=37 name=mmc0
     kworker/0:2-1499    [000] d.h1.  1696.812551: irq_handler_exit: irq=37 ret=unhandled
     kworker/0:2-1499    [000] d.s3.  1696.812561: sched_wakeup: comm=kworker/0:2 pid=1499 prio=120 target_cpu=000
     kworker/0:2-1499    [000] d..2.  1696.812569: sched_stat_runtime: comm=kworker/0:2 pid=1499 runtime=78740 [ns] vruntime=18700703729 [ns]
     kworker/0:2-1499    [000] d.h1.  1696.812594: irq_handler_entry: irq=37 name=mmc1
     kworker/0:2-1499    [000] d.h1.  1696.812600: irq_handler_exit: irq=37 ret=handled
     kworker/0:2-1499    [000] d.h1.  1696.812601: irq_handler_entry: irq=37 name=mmc0
     kworker/0:2-1499    [000] d.h1.  1696.812603: irq_handler_exit: irq=37 ret=unhandled
     kworker/0:2-1499    [000] d.s3.  1696.812613: sched_wakeup: comm=kworker/0:2 pid=1499 prio=120 target_cpu=000
     kworker/0:2-1499    [000] d..2.  1696.812619: sched_stat_runtime: comm=kworker/0:2 pid=1499 runtime=50574 [ns] vruntime=18700754303 [ns]
     kworker/0:2-1499    [000] d.h1.  1696.812643: irq_handler_entry: irq=37 name=mmc1
     kworker/0:2-1499    [000] d.h1.  1696.812647: irq_handler_exit: irq=37 ret=handled
     kworker/0:2-1499    [000] d.h1.  1696.812648: irq_handler_entry: irq=37 name=mmc0
     kworker/0:2-1499    [000] d.h1.  1696.812649: irq_handler_exit: irq=37 ret=unhandled
     kworker/0:2-1499    [000] d.h1.  1696.812652: irq_handler_entry: irq=37 name=mmc1
     kworker/0:2-1499    [000] d.h1.  1696.812655: irq_handler_exit: irq=37 ret=handled
     kworker/0:2-1499    [000] d.h1.  1696.812656: irq_handler_entry: irq=37 name=mmc0
     kworker/0:2-1499    [000] d.h1.  1696.812657: irq_handler_exit: irq=37 ret=unhandled
     kworker/0:2-1499    [000] d.s3.  1696.812667: sched_wakeup: comm=kworker/0:2 pid=1499 prio=120 target_cpu=000
     kworker/0:2-1499    [000] d..2.  1696.812673: sched_stat_runtime: comm=kworker/0:2 pid=1499 runtime=54037 [ns] vruntime=18700808340 [ns]
     kworker/0:2-1499    [000] d..4.  1696.812683: sched_stat_runtime: comm=kworker/0:2 pid=1499 runtime=9871 [ns] vruntime=18700818211 [ns]
     kworker/0:2-1499    [000] dN.4.  1696.812688: sched_wakeup: comm=kworker/u9:2 pid=809 prio=100 target_cpu=000
     kworker/0:2-1499    [000] d..2.  1696.812701: sched_switch: prev_comm=kworker/0:2 prev_pid=1499 prev_prio=120 prev_state=R+ ==> next_comm=kworker/u9:2 next_pid=809 next_prio=100
    kworker/u9:2-809     [000] d..2.  1696.812716: sched_stat_runtime: comm=kworker/u9:2 pid=809 runtime=32352 [ns] vruntime=18691818584 [ns]
    kworker/u9:2-809     [000] d..2.  1696.812720: sched_switch: prev_comm=kworker/u9:2 prev_pid=809 prev_prio=100 prev_state=D ==> next_comm=kworker/0:2 next_pid=1499 next_prio=120
     kworker/0:2-1499    [000] d..4.  1696.812728: sched_stat_runtime: comm=kworker/0:2 pid=1499 runtime=13148 [ns] vruntime=18700831359 [ns]
     kworker/0:2-1499    [000] dN.4.  1696.812732: sched_wakeup: comm=kworker/u9:2 pid=809 prio=100 target_cpu=000
     kworker/0:2-1499    [000] d..2.  1696.812738: sched_switch: prev_comm=kworker/0:2 prev_pid=1499 prev_prio=120 prev_state=R+ ==> next_comm=kworker/u9:2 next_pid=809 next_prio=100
    kworker/u9:2-809     [000] d.h1.  1696.812762: irq_handler_entry: irq=37 name=mmc1
    kworker/u9:2-809     [000] d.h1.  1696.812766: irq_handler_exit: irq=37 ret=handled
    kworker/u9:2-809     [000] d.h1.  1696.812767: irq_handler_entry: irq=37 name=mmc0
    kworker/u9:2-809     [000] d.h1.  1696.812768: irq_handler_exit: irq=37 ret=unhandled
    kworker/u9:2-809     [000] d.s3.  1696.812779: sched_wakeup: comm=kworker/u9:2 pid=809 prio=100 target_cpu=000
    kworker/u9:2-809     [000] d..2.  1696.812786: sched_stat_runtime: comm=kworker/u9:2 pid=809 runtime=57055 [ns] vruntime=18691832017 [ns]
    kworker/u9:2-809     [000] d.h1.  1696.812802: irq_handler_entry: irq=37 name=mmc1
    kworker/u9:2-809     [000] d.h1.  1696.812806: irq_handler_exit: irq=37 ret=handled
    kworker/u9:2-809     [000] d.h1.  1696.812807: irq_handler_entry: irq=37 name=mmc0
    kworker/u9:2-809     [000] d.h1.  1696.812808: irq_handler_exit: irq=37 ret=unhandled
    kworker/u9:2-809     [000] d.s3.  1696.812817: sched_wakeup: comm=kworker/u9:2 pid=809 prio=100 target_cpu=000
    kworker/u9:2-809     [000] d..2.  1696.812824: sched_stat_runtime: comm=kworker/u9:2 pid=809 runtime=38556 [ns] vruntime=18691832461 [ns]
    kworker/u9:2-809     [000] d.h1.  1696.812870: irq_handler_entry: irq=37 name=mmc1
    kworker/u9:2-809     [000] d.h1.  1696.812880: irq_handler_exit: irq=37 ret=handled
    kworker/u9:2-809     [000] d.h1.  1696.812881: irq_handler_entry: irq=37 name=mmc0
    kworker/u9:2-809     [000] d.h1.  1696.812883: irq_handler_exit: irq=37 ret=unhandled
    kworker/u9:2-809     [000] d.s3.  1696.812893: sched_wakeup: comm=kworker/u9:2 pid=809 prio=100 target_cpu=000
    kworker/u9:2-809     [000] d..2.  1696.812900: sched_stat_runtime: comm=kworker/u9:2 pid=809 runtime=75370 [ns] vruntime=18691833330 [ns]
    kworker/u9:2-809     [000] d.h1.  1696.812928: irq_handler_entry: irq=37 name=mmc1
    kworker/u9:2-809     [000] d.h1.  1696.812934: irq_handler_exit: irq=37 ret=handled
    kworker/u9:2-809     [000] d.h1.  1696.812936: irq_handler_entry: irq=37 name=mmc0
    kworker/u9:2-809     [000] d.h1.  1696.812937: irq_handler_exit: irq=37 ret=unhandled
    kworker/u9:2-809     [000] d.s3.  1696.812947: sched_wakeup: comm=kworker/u9:2 pid=809 prio=100 target_cpu=000
    kworker/u9:2-809     [000] d..2.  1696.812954: sched_stat_runtime: comm=kworker/u9:2 pid=809 runtime=54463 [ns] vruntime=18691833958 [ns]
    kworker/u9:2-809     [000] d.h1.  1696.813044: irq_handler_entry: irq=37 name=mmc1
    kworker/u9:2-809     [000] d.h1.  1696.813054: irq_handler_exit: irq=37 ret=handled
    kworker/u9:2-809     [000] d.h1.  1696.813055: irq_handler_entry: irq=37 name=mmc0
    kworker/u9:2-809     [000] d.h1.  1696.813056: irq_handler_exit: irq=37 ret=unhandled
    kworker/u9:2-809     [000] d.s3.  1696.813067: sched_wakeup: comm=kworker/u9:2 pid=809 prio=100 target_cpu=000
    kworker/u9:2-809     [000] d..2.  1696.813074: sched_stat_runtime: comm=kworker/u9:2 pid=809 runtime=120056 [ns] vruntime=18691835343 [ns]
    kworker/u9:2-809     [000] d..2.  1696.813093: sched_stat_runtime: comm=kworker/u9:2 pid=809 runtime=18981 [ns] vruntime=18691835561 [ns]
    kworker/u9:2-809     [000] d..2.  1696.813098: sched_switch: prev_comm=kworker/u9:2 prev_pid=809 prev_prio=100 prev_state=I ==> next_comm=kworker/0:2 next_pid=1499 next_prio=120
     kworker/0:2-1499    [000] d..2.  1696.813107: sched_stat_runtime: comm=kworker/0:2 pid=1499 runtime=14426 [ns] vruntime=18700845785 [ns]
     kworker/0:2-1499    [000] d..2.  1696.813117: sched_switch: prev_comm=kworker/0:2 prev_pid=1499 prev_prio=120 prev_state=I ==> next_comm=swapper/0 next_pid=0 next_prio=120
          <idle>-0       [000] d.h1.  1696.825293: irq_handler_entry: irq=11 name=arch_timer
          <idle>-0       [000] d.h1.  1696.825302: irq_handler_exit: irq=11 ret=handled
          <idle>-0       [000] dNs5.  1696.825315: sched_wakeup: comm=brcmf_wdog/mmc1 pid=336 prio=120 target_cpu=000
          <idle>-0       [000] d..2.  1696.825341: sched_switch: prev_comm=swapper/0 prev_pid=0 prev_prio=120 prev_state=R ==> next_comm=brcmf_wdog/mmc1 next_pid=336 next_prio=120
 brcmf_wdog/mmc1-336     [000] d..2.  1696.825354: sched_stat_runtime: comm=brcmf_wdog/mmc1 pid=336 runtime=29019 [ns] vruntime=18691874804 [ns]
 brcmf_wdog/mmc1-336     [000] d..2.  1696.825358: sched_switch: prev_comm=brcmf_wdog/mmc1 prev_pid=336 prev_prio=120 prev_state=S ==> next_comm=swapper/0 next_pid=0 next_prio=120
          <idle>-0       [000] d.h1.  1696.841295: irq_handler_entry: irq=11 name=arch_timer
          <idle>-0       [000] d.h1.  1696.841302: irq_handler_exit: irq=11 ret=handled
          <idle>-0       [000] dNs5.  1696.841315: sched_wakeup: comm=brcmf_wdog/mmc1 pid=336 prio=120 target_cpu=000
          <idle>-0       [000] d..2.  1696.841341: sched_switch: prev_comm=swapper/0 prev_pid=0 prev_prio=120 prev_state=R ==> next_comm=brcmf_wdog/mmc1 next_pid=336 next_prio=120
 brcmf_wdog/mmc1-336     [000] d.h1.  1696.841374: irq_handler_entry: irq=37 name=mmc1
 brcmf_wdog/mmc1-336     [000] d.h1.  1696.841378: irq_handler_exit: irq=37 ret=handled
 brcmf_wdog/mmc1-336     [000] d.h1.  1696.841379: irq_handler_entry: irq=37 name=mmc0
 brcmf_wdog/mmc1-336     [000] d.h1.  1696.841381: irq_handler_exit: irq=37 ret=unhandled
 brcmf_wdog/mmc1-336     [000] d.s3.  1696.841391: sched_wakeup: comm=brcmf_wdog/mmc1 pid=336 prio=120 target_cpu=000
 brcmf_wdog/mmc1-336     [000] d..2.  1696.841399: sched_stat_runtime: comm=brcmf_wdog/mmc1 pid=336 runtime=74852 [ns] vruntime=18691949656 [ns]
 brcmf_wdog/mmc1-336     [000] d..2.  1696.841415: sched_stat_runtime: comm=brcmf_wdog/mmc1 pid=336 runtime=16204 [ns] vruntime=18691965860 [ns]
 brcmf_wdog/mmc1-336     [000] d..2.  1696.841420: sched_switch: prev_comm=brcmf_wdog/mmc1 prev_pid=336 prev_prio=120 prev_state=S ==> next_comm=swapper/0 next_pid=0 next_prio=120
          <idle>-0       [000] d.h1.  1696.853294: irq_handler_entry: irq=11 name=arch_timer
          <idle>-0       [000] d.h1.  1696.853301: irq_handler_exit: irq=11 ret=handled
          <idle>-0       [000] dNs5.  1696.853312: sched_wakeup: comm=kworker/0:2 pid=1499 prio=120 target_cpu=000
          <idle>-0       [000] d..2.  1696.853339: sched_switch: prev_comm=swapper/0 prev_pid=0 prev_prio=120 prev_state=R ==> next_comm=kworker/0:2 next_pid=1499 next_prio=120
     kworker/0:2-1499    [000] d.h1.  1696.853385: irq_handler_entry: irq=37 name=mmc1
     kworker/0:2-1499    [000] d.h1.  1696.853387: irq_handler_exit: irq=37 ret=unhandled
     kworker/0:2-1499    [000] d.h1.  1696.853388: irq_handler_entry: irq=37 name=mmc0
     kworker/0:2-1499    [000] d.h3.  1696.853398: sched_wakeup: comm=kworker/0:2 pid=1499 prio=120 target_cpu=000
     kworker/0:2-1499    [000] d.h1.  1696.853399: irq_handler_exit: irq=37 ret=handled
     kworker/0:2-1499    [000] d..2.  1696.853406: sched_stat_runtime: comm=kworker/0:2 pid=1499 runtime=83889 [ns] vruntime=18700929674 [ns]
     kworker/0:2-1499    [000] d..2.  1696.853444: sched_stat_runtime: comm=kworker/0:2 pid=1499 runtime=37778 [ns] vruntime=18700967452 [ns]
     kworker/0:2-1499    [000] d..2.  1696.853448: sched_switch: prev_comm=kworker/0:2 prev_pid=1499 prev_prio=120 prev_state=I ==> next_comm=swapper/0 next_pid=0 next_prio=120
          <idle>-0       [002] d.h1.  1696.917294: irq_handler_entry: irq=11 name=arch_timer
          <idle>-0       [002] d.h1.  1696.917302: irq_handler_exit: irq=11 ret=handled
          <idle>-0       [002] dNs4.  1696.917318: sched_wakeup: comm=kcompactd0 pid=42 prio=120 target_cpu=002
          <idle>-0       [002] dNH3.  1696.917326: irq_handler_entry: irq=6 name=IPI
          <idle>-0       [002] dNH7.  1696.917332: sched_wakeup: comm=kworker/2:3 pid=168 prio=120 target_cpu=002
          <idle>-0       [002] dNH3.  1696.917334: irq_handler_exit: irq=6 ret=handled
          <idle>-0       [002] d..2.  1696.917366: sched_switch: prev_comm=swapper/2 prev_pid=0 prev_prio=120 prev_state=R ==> next_comm=kcompactd0 next_pid=42 next_prio=120
      kcompactd0-42      [002] d..2.  1696.917392: sched_stat_runtime: comm=kcompactd0 pid=42 runtime=49056 [ns] vruntime=19371183988 [ns]
      kcompactd0-42      [002] d..2.  1696.917396: sched_switch: prev_comm=kcompactd0 prev_pid=42 prev_prio=120 prev_state=S ==> next_comm=kworker/2:3 next_pid=168 next_prio=120
     kworker/2:3-168     [002] d..2.  1696.917414: sched_stat_runtime: comm=kworker/2:3 pid=168 runtime=22537 [ns] vruntime=19371186822 [ns]
     kworker/2:3-168     [002] d..2.  1696.917422: sched_switch: prev_comm=kworker/2:3 prev_pid=168 prev_prio=120 prev_state=I ==> next_comm=swapper/2 next_pid=0 next_prio=120
          <idle>-0       [002] d.h1.  1697.013295: irq_handler_entry: irq=11 name=arch_timer
          <idle>-0       [002] d.h1.  1697.013303: irq_handler_exit: irq=11 ret=handled
          <idle>-0       [002] d.h1.  1697.026807: irq_handler_entry: irq=11 name=arch_timer
          <idle>-0       [002] dNh4.  1697.026818: sched_wakeup: comm=lxpanel pid=766 prio=120 target_cpu=002
          <idle>-0       [002] dNh1.  1697.026821: irq_handler_exit: irq=11 ret=handled
          <idle>-0       [002] dNh1.  1697.026822: irq_handler_entry: irq=6 name=IPI
          <idle>-0       [002] dNh5.  1697.026828: sched_wakeup: comm=kworker/2:3 pid=168 prio=120 target_cpu=002
          <idle>-0       [002] dNh1.  1697.026830: irq_handler_exit: irq=6 ret=handled
          <idle>-0       [002] d..2.  1697.026845: sched_switch: prev_comm=swapper/2 prev_pid=0 prev_prio=120 prev_state=R ==> next_comm=kworker/2:3 next_pid=168 next_prio=120
     kworker/2:3-168     [002] d..2.  1697.026861: sched_stat_runtime: comm=kworker/2:3 pid=168 runtime=34038 [ns] vruntime=19371220860 [ns]
     kworker/2:3-168     [002] d..2.  1697.026866: sched_switch: prev_comm=kworker/2:3 prev_pid=168 prev_prio=120 prev_state=I ==> next_comm=lxpanel next_pid=766 next_prio=120
          <idle>-0       [001] d.h1.  1697.026958: irq_handler_entry: irq=2 name=IPI
          <idle>-0       [001] dNh2.  1697.026968: sched_wakeup: comm=wpa_supplicant pid=606 prio=120 target_cpu=001
          <idle>-0       [001] dNh1.  1697.026970: irq_handler_exit: irq=2 ret=handled
         lxpanel-766     [002] d..2.  1697.026977: sched_stat_runtime: comm=lxpanel pid=766 runtime=115481 [ns] vruntime=2604221360 [ns]
          <idle>-0       [001] d..2.  1697.026985: sched_switch: prev_comm=swapper/1 prev_pid=0 prev_prio=120 prev_state=R ==> next_comm=wpa_supplicant next_pid=606 next_prio=120
         lxpanel-766     [002] d..2.  1697.026993: sched_switch: prev_comm=lxpanel prev_pid=766 prev_prio=120 prev_state=S ==> next_comm=swapper/2 next_pid=0 next_prio=120
          <idle>-0       [002] d.h1.  1697.027264: irq_handler_entry: irq=2 name=IPI
          <idle>-0       [002] dNh2.  1697.027271: sched_wakeup: comm=lxpanel pid=766 prio=120 target_cpu=002
          <idle>-0       [002] dNh1.  1697.027273: irq_handler_exit: irq=2 ret=handled
          <idle>-0       [002] d..2.  1697.027288: sched_switch: prev_comm=swapper/2 prev_pid=0 prev_prio=120 prev_state=R ==> next_comm=lxpanel next_pid=766 next_prio=120
         lxpanel-766     [002] d..2.  1697.027392: sched_stat_runtime: comm=lxpanel pid=766 runtime=123703 [ns] vruntime=2604345063 [ns]
         lxpanel-766     [002] d..2.  1697.027400: sched_switch: prev_comm=lxpanel prev_pid=766 prev_prio=120 prev_state=S ==> next_comm=swapper/2 next_pid=0 next_prio=120
          <idle>-0       [000] d.h1.  1697.027592: irq_handler_entry: irq=2 name=IPI
          <idle>-0       [000] dNh2.  1697.027599: sched_wakeup: comm=kworker/u9:2 pid=809 prio=100 target_cpu=000
          <idle>-0       [000] dNh1.  1697.027601: irq_handler_exit: irq=2 ret=handled
  wpa_supplicant-606     [001] d..2.  1697.027603: sched_stat_runtime: comm=wpa_supplicant pid=606 runtime=638000 [ns] vruntime=23515407 [ns]
          <idle>-0       [000] d..2.  1697.027614: sched_switch: prev_comm=swapper/0 prev_pid=0 prev_prio=120 prev_state=R ==> next_comm=kworker/u9:2 next_pid=809 next_prio=100
  wpa_supplicant-606     [001] d..2.  1697.027614: sched_switch: prev_comm=wpa_supplicant prev_pid=606 prev_prio=120 prev_state=S ==> next_comm=swapper/1 next_pid=0 next_prio=120
    kworker/u9:2-809     [000] d.h1.  1697.027648: irq_handler_entry: irq=37 name=mmc1
    kworker/u9:2-809     [000] d.h1.  1697.027651: irq_handler_exit: irq=37 ret=handled
    kworker/u9:2-809     [000] d.h1.  1697.027653: irq_handler_entry: irq=37 name=mmc0
    kworker/u9:2-809     [000] d.h1.  1697.027655: irq_handler_exit: irq=37 ret=unhandled
    kworker/u9:2-809     [000] d.s3.  1697.027667: sched_wakeup: comm=kworker/u9:2 pid=809 prio=100 target_cpu=000
    kworker/u9:2-809     [000] d..2.  1697.027674: sched_stat_runtime: comm=kworker/u9:2 pid=809 runtime=78148 [ns] vruntime=18691968353 [ns]
    kworker/u9:2-809     [000] d.h1.  1697.027691: irq_handler_entry: irq=37 name=mmc1
    kworker/u9:2-809     [000] d.h1.  1697.027694: irq_handler_exit: irq=37 ret=handled
    kworker/u9:2-809     [000] d.h1.  1697.027696: irq_handler_entry: irq=37 name=mmc0
    kworker/u9:2-809     [000] d.h1.  1697.027697: irq_handler_exit: irq=37 ret=unhandled
    kworker/u9:2-809     [000] d.s3.  1697.027707: sched_wakeup: comm=kworker/u9:2 pid=809 prio=100 target_cpu=000
    kworker/u9:2-809     [000] d..2.  1697.027713: sched_stat_runtime: comm=kworker/u9:2 pid=809 runtime=39759 [ns] vruntime=18691968811 [ns]
    kworker/u9:2-809     [000] d.h1.  1697.027763: irq_handler_entry: irq=37 name=mmc1
    kworker/u9:2-809     [000] d.h1.  1697.027778: irq_handler_exit: irq=37 ret=handled
    kworker/u9:2-809     [000] d.h1.  1697.027779: irq_handler_entry: irq=37 name=mmc0
    kworker/u9:2-809     [000] d.h1.  1697.027781: irq_handler_exit: irq=37 ret=unhandled
    kworker/u9:2-809     [000] d..2.  1697.027789: sched_stat_runtime: comm=kworker/u9:2 pid=809 runtime=73481 [ns] vruntime=18691969658 [ns]
    kworker/u9:2-809     [000] d..2.  1697.027793: sched_switch: prev_comm=kworker/u9:2 prev_pid=809 prev_prio=100 prev_state=D ==> next_comm=swapper/0 next_pid=0 next_prio=120
          <idle>-0       [000] d.h1.  1697.027800: irq_handler_entry: irq=37 name=mmc1
          <idle>-0       [000] d.h1.  1697.027804: irq_handler_exit: irq=37 ret=handled
          <idle>-0       [000] d.h1.  1697.027805: irq_handler_entry: irq=37 name=mmc0
          <idle>-0       [000] d.h1.  1697.027806: irq_handler_exit: irq=37 ret=unhandled
          <idle>-0       [000] dNs5.  1697.027820: sched_wakeup: comm=kworker/u9:2 pid=809 prio=100 target_cpu=000
          <idle>-0       [000] d..2.  1697.027830: sched_switch: prev_comm=swapper/0 prev_pid=0 prev_prio=120 prev_state=R ==> next_comm=kworker/u9:2 next_pid=809 next_prio=100
          <idle>-0       [001] d.h1.  1697.027854: irq_handler_entry: irq=2 name=IPI
    kworker/u9:2-809     [000] d..2.  1697.027856: sched_stat_runtime: comm=kworker/u9:2 pid=809 runtime=38148 [ns] vruntime=18691970098 [ns]
    kworker/u9:2-809     [000] d..2.  1697.027860: sched_switch: prev_comm=kworker/u9:2 prev_pid=809 prev_prio=100 prev_state=I ==> next_comm=swapper/0 next_pid=0 next_prio=120
          <idle>-0       [001] dNh2.  1697.027864: sched_wakeup: comm=wpa_supplicant pid=606 prio=120 target_cpu=001
          <idle>-0       [001] dNh1.  1697.027866: irq_handler_exit: irq=2 ret=handled
          <idle>-0       [001] d..2.  1697.027881: sched_switch: prev_comm=swapper/1 prev_pid=0 prev_prio=120 prev_state=R ==> next_comm=wpa_supplicant next_pid=606 next_prio=120
  wpa_supplicant-606     [001] d..2.  1697.027903: sched_stat_runtime: comm=wpa_supplicant pid=606 runtime=45203 [ns] vruntime=23560610 [ns]
  wpa_supplicant-606     [001] d..2.  1697.027908: sched_switch: prev_comm=wpa_supplicant prev_pid=606 prev_prio=120 prev_state=S ==> next_comm=swapper/1 next_pid=0 next_prio=120
          <idle>-0       [000] d.h1.  1697.028372: irq_handler_entry: irq=37 name=mmc1
          <idle>-0       [000] dNh6.  1697.028384: sched_wakeup: comm=kworker/0:2 pid=1499 prio=120 target_cpu=000
          <idle>-0       [000] dNh1.  1697.028386: irq_handler_exit: irq=37 ret=handled
          <idle>-0       [000] dNh1.  1697.028387: irq_handler_entry: irq=37 name=mmc0
          <idle>-0       [000] dNh1.  1697.028388: irq_handler_exit: irq=37 ret=unhandled
          <idle>-0       [000] d..2.  1697.028403: sched_switch: prev_comm=swapper/0 prev_pid=0 prev_prio=120 prev_state=R ==> next_comm=kworker/0:2 next_pid=1499 next_prio=120
     kworker/0:2-1499    [000] d.h1.  1697.028432: irq_handler_entry: irq=37 name=mmc1
     kworker/0:2-1499    [000] d.h1.  1697.028436: irq_handler_exit: irq=37 ret=handled
     kworker/0:2-1499    [000] d.h1.  1697.028437: irq_handler_entry: irq=37 name=mmc0
     kworker/0:2-1499    [000] d.h1.  1697.028438: irq_handler_exit: irq=37 ret=unhandled
     kworker/0:2-1499    [000] d.s3.  1697.028448: sched_wakeup: comm=kworker/0:2 pid=1499 prio=120 target_cpu=000
     kworker/0:2-1499    [000] d..2.  1697.028456: sched_stat_runtime: comm=kworker/0:2 pid=1499 runtime=75074 [ns] vruntime=18701042526 [ns]
     kworker/0:2-1499    [000] d.h1.  1697.028480: irq_handler_entry: irq=37 name=mmc1
     kworker/0:2-1499    [000] d.h1.  1697.028486: irq_handler_exit: irq=37 ret=handled
     kworker/0:2-1499    [000] d.h1.  1697.028487: irq_handler_entry: irq=37 name=mmc0
     kworker/0:2-1499    [000] d.h1.  1697.028489: irq_handler_exit: irq=37 ret=unhandled
     kworker/0:2-1499    [000] d.s3.  1697.028498: sched_wakeup: comm=kworker/0:2 pid=1499 prio=120 target_cpu=000
     kworker/0:2-1499    [000] d..2.  1697.028505: sched_stat_runtime: comm=kworker/0:2 pid=1499 runtime=49575 [ns] vruntime=18701092101 [ns]
     kworker/0:2-1499    [000] d.h1.  1697.028528: irq_handler_entry: irq=37 name=mmc1
     kworker/0:2-1499    [000] d.h1.  1697.028532: irq_handler_exit: irq=37 ret=handled
     kworker/0:2-1499    [000] d.h1.  1697.028533: irq_handler_entry: irq=37 name=mmc0
     kworker/0:2-1499    [000] d.h1.  1697.028535: irq_handler_exit: irq=37 ret=unhandled
     kworker/0:2-1499    [000] d.h1.  1697.028537: irq_handler_entry: irq=37 name=mmc1
     kworker/0:2-1499    [000] d.h1.  1697.028541: irq_handler_exit: irq=37 ret=handled
     kworker/0:2-1499    [000] d.h1.  1697.028542: irq_handler_entry: irq=37 name=mmc0
     kworker/0:2-1499    [000] d.h1.  1697.028543: irq_handler_exit: irq=37 ret=unhandled
     kworker/0:2-1499    [000] d.s3.  1697.028552: sched_wakeup: comm=kworker/0:2 pid=1499 prio=120 target_cpu=000
     kworker/0:2-1499    [000] d..2.  1697.028559: sched_stat_runtime: comm=kworker/0:2 pid=1499 runtime=53907 [ns] vruntime=18701146008 [ns]
     kworker/0:2-1499    [000] d..4.  1697.028569: sched_stat_runtime: comm=kworker/0:2 pid=1499 runtime=9667 [ns] vruntime=18701155675 [ns]
     kworker/0:2-1499    [000] dN.4.  1697.028574: sched_wakeup: comm=kworker/u9:2 pid=809 prio=100 target_cpu=000
     kworker/0:2-1499    [000] d..2.  1697.028587: sched_switch: prev_comm=kworker/0:2 prev_pid=1499 prev_prio=120 prev_state=R+ ==> next_comm=kworker/u9:2 next_pid=809 next_prio=100
    kworker/u9:2-809     [000] d..2.  1697.028601: sched_stat_runtime: comm=kworker/u9:2 pid=809 runtime=32426 [ns] vruntime=18692156049 [ns]
    kworker/u9:2-809     [000] d..2.  1697.028605: sched_switch: prev_comm=kworker/u9:2 prev_pid=809 prev_prio=100 prev_state=D ==> next_comm=kworker/0:2 next_pid=1499 next_prio=120
     kworker/0:2-1499    [000] d..4.  1697.028614: sched_stat_runtime: comm=kworker/0:2 pid=1499 runtime=13259 [ns] vruntime=18701168934 [ns]
     kworker/0:2-1499    [000] dN.4.  1697.028617: sched_wakeup: comm=kworker/u9:2 pid=809 prio=100 target_cpu=000
     kworker/0:2-1499    [000] d..2.  1697.028624: sched_switch: prev_comm=kworker/0:2 prev_pid=1499 prev_prio=120 prev_state=R+ ==> next_comm=kworker/u9:2 next_pid=809 next_prio=100
    kworker/u9:2-809     [000] d.h1.  1697.028672: irq_handler_entry: irq=37 name=mmc1
    kworker/u9:2-809     [000] d.h1.  1697.028681: irq_handler_exit: irq=37 ret=handled
    kworker/u9:2-809     [000] d.h1.  1697.028683: irq_handler_entry: irq=37 name=mmc0
    kworker/u9:2-809     [000] d.h1.  1697.028684: irq_handler_exit: irq=37 ret=unhandled
    kworker/u9:2-809     [000] d.s3.  1697.028695: sched_wakeup: comm=kworker/u9:2 pid=809 prio=100 target_cpu=000
    kworker/u9:2-809     [000] d..2.  1697.028702: sched_stat_runtime: comm=kworker/u9:2 pid=809 runtime=87352 [ns] vruntime=18692169941 [ns]
    kworker/u9:2-809     [000] d.h1.  1697.028769: irq_handler_entry: irq=37 name=mmc1
    kworker/u9:2-809     [000] d.h1.  1697.028785: irq_handler_exit: irq=37 ret=handled
    kworker/u9:2-809     [000] d.h1.  1697.028786: irq_handler_entry: irq=37 name=mmc0
    kworker/u9:2-809     [000] d.h1.  1697.028787: irq_handler_exit: irq=37 ret=unhandled
    kworker/u9:2-809     [000] d.s3.  1697.028798: sched_wakeup: comm=kworker/u9:2 pid=809 prio=100 target_cpu=000
    kworker/u9:2-809     [000] d..2.  1697.028805: sched_stat_runtime: comm=kworker/u9:2 pid=809 runtime=103185 [ns] vruntime=18692171131 [ns]
          <idle>-0       [001] d.h1.  1697.028824: irq_handler_entry: irq=2 name=IPI
          <idle>-0       [001] dNh2.  1697.028830: sched_wakeup: comm=wpa_supplicant pid=606 prio=120 target_cpu=001
          <idle>-0       [001] dNh1.  1697.028832: irq_handler_exit: irq=2 ret=handled
          <idle>-0       [001] d..2.  1697.028845: sched_switch: prev_comm=swapper/1 prev_pid=0 prev_prio=120 prev_state=R ==> next_comm=wpa_supplicant next_pid=606 next_prio=120
    kworker/u9:2-809     [000] d.h1.  1697.028857: irq_handler_entry: irq=37 name=mmc1
    kworker/u9:2-809     [000] d.h1.  1697.028867: irq_handler_exit: irq=37 ret=handled
    kworker/u9:2-809     [000] d.h1.  1697.028868: irq_handler_entry: irq=37 name=mmc0
    kworker/u9:2-809     [000] d.h1.  1697.028869: irq_handler_exit: irq=37 ret=unhandled
    kworker/u9:2-809     [000] d.s3.  1697.028880: sched_wakeup: comm=kworker/u9:2 pid=809 prio=100 target_cpu=000
    kworker/u9:2-809     [000] d..2.  1697.028887: sched_stat_runtime: comm=kworker/u9:2 pid=809 runtime=81852 [ns] vruntime=18692172075 [ns]
    kworker/u9:2-809     [000] d..2.  1697.028906: sched_stat_runtime: comm=kworker/u9:2 pid=809 runtime=18889 [ns] vruntime=18692172292 [ns]
    kworker/u9:2-809     [000] d..2.  1697.028910: sched_switch: prev_comm=kworker/u9:2 prev_pid=809 prev_prio=100 prev_state=I ==> next_comm=kworker/0:2 next_pid=1499 next_prio=120
     kworker/0:2-1499    [000] d..2.  1697.028920: sched_stat_runtime: comm=kworker/0:2 pid=1499 runtime=13944 [ns] vruntime=18701182878 [ns]
     kworker/0:2-1499    [000] d..2.  1697.028931: sched_switch: prev_comm=kworker/0:2 prev_pid=1499 prev_prio=120 prev_state=I ==> next_comm=swapper/0 next_pid=0 next_prio=120
          <idle>-0       [002] d.h1.  1697.029185: irq_handler_entry: irq=2 name=IPI
          <idle>-0       [002] dNh2.  1697.029193: sched_wakeup: comm=lxpanel pid=766 prio=120 target_cpu=002
          <idle>-0       [002] dNh1.  1697.029195: irq_handler_exit: irq=2 ret=handled
          <idle>-0       [002] d..2.  1697.029208: sched_switch: prev_comm=swapper/2 prev_pid=0 prev_prio=120 prev_state=R ==> next_comm=lxpanel next_pid=766 next_prio=120
  wpa_supplicant-606     [001] d..2.  1697.029259: sched_stat_runtime: comm=wpa_supplicant pid=606 runtime=431574 [ns] vruntime=23992184 [ns]
  wpa_supplicant-606     [001] d..2.  1697.029267: sched_switch: prev_comm=wpa_supplicant prev_pid=606 prev_prio=120 prev_state=S ==> next_comm=swapper/1 next_pid=0 next_prio=120
         lxpanel-766     [002] d.h..  1697.029295: irq_handler_entry: irq=11 name=arch_timer
         lxpanel-766     [002] d.h1.  1697.029307: sched_stat_runtime: comm=lxpanel pid=766 runtime=118241 [ns] vruntime=2604463304 [ns]
         lxpanel-766     [002] d.h..  1697.029320: irq_handler_exit: irq=11 ret=handled
          <idle>-0       [000] d.h1.  1697.029321: irq_handler_entry: irq=2 name=IPI
          <idle>-0       [000] d.h1.  1697.029324: irq_handler_exit: irq=2 ret=handled
         lxpanel-766     [002] d..2.  1697.029439: sched_stat_runtime: comm=lxpanel pid=766 runtime=131204 [ns] vruntime=2604594508 [ns]
         lxpanel-766     [002] d..2.  1697.029446: sched_switch: prev_comm=lxpanel prev_pid=766 prev_prio=120 prev_state=S ==> next_comm=swapper/2 next_pid=0 next_prio=120
          <idle>-0       [000] d.h1.  1697.029951: irq_handler_entry: irq=37 name=mmc1
          <idle>-0       [000] dNh6.  1697.029963: sched_wakeup: comm=kworker/0:2 pid=1499 prio=120 target_cpu=000
          <idle>-0       [000] dNh1.  1697.029966: irq_handler_exit: irq=37 ret=handled
          <idle>-0       [000] dNh1.  1697.029967: irq_handler_entry: irq=37 name=mmc0
          <idle>-0       [000] dNh1.  1697.029968: irq_handler_exit: irq=37 ret=unhandled
          <idle>-0       [000] d..2.  1697.029983: sched_switch: prev_comm=swapper/0 prev_pid=0 prev_prio=120 prev_state=R ==> next_comm=kworker/0:2 next_pid=1499 next_prio=120
     kworker/0:2-1499    [000] d.h1.  1697.030012: irq_handler_entry: irq=37 name=mmc1
     kworker/0:2-1499    [000] d.h1.  1697.030016: irq_handler_exit: irq=37 ret=handled
     kworker/0:2-1499    [000] d.h1.  1697.030017: irq_handler_entry: irq=37 name=mmc0
     kworker/0:2-1499    [000] d.h1.  1697.030019: irq_handler_exit: irq=37 ret=unhandled
     kworker/0:2-1499    [000] d.s3.  1697.030029: sched_wakeup: comm=kworker/0:2 pid=1499 prio=120 target_cpu=000
     kworker/0:2-1499    [000] d..2.  1697.030036: sched_stat_runtime: comm=kworker/0:2 pid=1499 runtime=75907 [ns] vruntime=18701258785 [ns]
     kworker/0:2-1499    [000] d.h1.  1697.030061: irq_handler_entry: irq=37 name=mmc1
     kworker/0:2-1499    [000] d.h1.  1697.030067: irq_handler_exit: irq=37 ret=handled
     kworker/0:2-1499    [000] d.h1.  1697.030068: irq_handler_entry: irq=37 name=mmc0
     kworker/0:2-1499    [000] d.h1.  1697.030070: irq_handler_exit: irq=37 ret=unhandled
     kworker/0:2-1499    [000] d.s3.  1697.030079: sched_wakeup: comm=kworker/0:2 pid=1499 prio=120 target_cpu=000
     kworker/0:2-1499    [000] d..2.  1697.030086: sched_stat_runtime: comm=kworker/0:2 pid=1499 runtime=50093 [ns] vruntime=18701308878 [ns]
     kworker/0:2-1499    [000] d.h1.  1697.030109: irq_handler_entry: irq=37 name=mmc1
     kworker/0:2-1499    [000] d.h1.  1697.030113: irq_handler_exit: irq=37 ret=handled
     kworker/0:2-1499    [000] d.h1.  1697.030114: irq_handler_entry: irq=37 name=mmc0
     kworker/0:2-1499    [000] d.h1.  1697.030115: irq_handler_exit: irq=37 ret=unhandled
     kworker/0:2-1499    [000] d.h1.  1697.030118: irq_handler_entry: irq=37 name=mmc1
     kworker/0:2-1499    [000] d.h1.  1697.030121: irq_handler_exit: irq=37 ret=handled
     kworker/0:2-1499    [000] d.h1.  1697.030122: irq_handler_entry: irq=37 name=mmc0
     kworker/0:2-1499    [000] d.h1.  1697.030123: irq_handler_exit: irq=37 ret=unhandled
     kworker/0:2-1499    [000] d.s3.  1697.030133: sched_wakeup: comm=kworker/0:2 pid=1499 prio=120 target_cpu=000
     kworker/0:2-1499    [000] d..2.  1697.030139: sched_stat_runtime: comm=kworker/0:2 pid=1499 runtime=53333 [ns] vruntime=18701362211 [ns]
     kworker/0:2-1499    [000] d..4.  1697.030149: sched_stat_runtime: comm=kworker/0:2 pid=1499 runtime=9611 [ns] vruntime=18701371822 [ns]
     kworker/0:2-1499    [000] dN.4.  1697.030154: sched_wakeup: comm=kworker/u9:2 pid=809 prio=100 target_cpu=000
     kworker/0:2-1499    [000] d..2.  1697.030166: sched_switch: prev_comm=kworker/0:2 prev_pid=1499 prev_prio=120 prev_state=R+ ==> next_comm=kworker/u9:2 next_pid=809 next_prio=100
    kworker/u9:2-809     [000] d..2.  1697.030180: sched_stat_runtime: comm=kworker/u9:2 pid=809 runtime=31445 [ns] vruntime=18692372184 [ns]
    kworker/u9:2-809     [000] d..2.  1697.030184: sched_switch: prev_comm=kworker/u9:2 prev_pid=809 prev_prio=100 prev_state=D ==> next_comm=kworker/0:2 next_pid=1499 next_prio=120
     kworker/0:2-1499    [000] d..4.  1697.030193: sched_stat_runtime: comm=kworker/0:2 pid=1499 runtime=12685 [ns] vruntime=18701384507 [ns]
     kworker/0:2-1499    [000] dN.4.  1697.030196: sched_wakeup: comm=kworker/u9:2 pid=809 prio=100 target_cpu=000
     kworker/0:2-1499    [000] d..2.  1697.030202: sched_switch: prev_comm=kworker/0:2 prev_pid=1499 prev_prio=120 prev_state=R+ ==> next_comm=kworker/u9:2 next_pid=809 next_prio=100
    kworker/u9:2-809     [000] d.h1.  1697.030259: irq_handler_entry: irq=37 name=mmc1
    kworker/u9:2-809     [000] d.h1.  1697.030268: irq_handler_exit: irq=37 ret=handled
    kworker/u9:2-809     [000] d.h1.  1697.030269: irq_handler_entry: irq=37 name=mmc0
    kworker/u9:2-809     [000] d.h1.  1697.030270: irq_handler_exit: irq=37 ret=unhandled
    kworker/u9:2-809     [000] d.s3.  1697.030281: sched_wakeup: comm=kworker/u9:2 pid=809 prio=100 target_cpu=000
    kworker/u9:2-809     [000] d..2.  1697.030289: sched_stat_runtime: comm=kworker/u9:2 pid=809 runtime=94833 [ns] vruntime=18692385601 [ns]
    kworker/u9:2-809     [000] d.h1.  1697.030318: irq_handler_entry: irq=37 name=mmc1
    kworker/u9:2-809     [000] d.h1.  1697.030321: irq_handler_exit: irq=37 ret=handled
    kworker/u9:2-809     [000] d.h1.  1697.030322: irq_handler_entry: irq=37 name=mmc0
    kworker/u9:2-809     [000] d.h1.  1697.030324: irq_handler_exit: irq=37 ret=unhandled
    kworker/u9:2-809     [000] d..2.  1697.030330: sched_stat_runtime: comm=kworker/u9:2 pid=809 runtime=41982 [ns] vruntime=18692386085 [ns]
    kworker/u9:2-809     [000] d..2.  1697.030335: sched_switch: prev_comm=kworker/u9:2 prev_pid=809 prev_prio=100 prev_state=D ==> next_comm=kworker/0:2 next_pid=1499 next_prio=120
     kworker/0:2-1499    [000] d.h1.  1697.030341: irq_handler_entry: irq=37 name=mmc1
     kworker/0:2-1499    [000] d.h1.  1697.030363: irq_handler_exit: irq=37 ret=handled
     kworker/0:2-1499    [000] d.h1.  1697.030364: irq_handler_entry: irq=37 name=mmc0
     kworker/0:2-1499    [000] d.h1.  1697.030366: irq_handler_exit: irq=37 ret=unhandled
     kworker/0:2-1499    [000] d.s5.  1697.030377: sched_stat_runtime: comm=kworker/0:2 pid=1499 runtime=47500 [ns] vruntime=18701432007 [ns]
     kworker/0:2-1499    [000] dNs5.  1697.030382: sched_wakeup: comm=kworker/u9:2 pid=809 prio=100 target_cpu=000
     kworker/0:2-1499    [000] d..2.  1697.030391: sched_switch: prev_comm=kworker/0:2 prev_pid=1499 prev_prio=120 prev_state=R+ ==> next_comm=kworker/u9:2 next_pid=809 next_prio=100
    kworker/u9:2-809     [000] d.h1.  1697.030448: irq_handler_entry: irq=37 name=mmc1
    kworker/u9:2-809     [000] d.h1.  1697.030457: irq_handler_exit: irq=37 ret=handled
    kworker/u9:2-809     [000] d.h1.  1697.030458: irq_handler_entry: irq=37 name=mmc0
    kworker/u9:2-809     [000] d.h1.  1697.030460: irq_handler_exit: irq=37 ret=unhandled
    kworker/u9:2-809     [000] d.s3.  1697.030470: sched_wakeup: comm=kworker/u9:2 pid=809 prio=100 target_cpu=000
    kworker/u9:2-809     [000] d..2.  1697.030478: sched_stat_runtime: comm=kworker/u9:2 pid=809 runtime=100111 [ns] vruntime=18692433161 [ns]
    kworker/u9:2-809     [000] d..2.  1697.030496: sched_stat_runtime: comm=kworker/u9:2 pid=809 runtime=18333 [ns] vruntime=18692433372 [ns]
    kworker/u9:2-809     [000] d..2.  1697.030500: sched_switch: prev_comm=kworker/u9:2 prev_pid=809 prev_prio=100 prev_state=I ==> next_comm=kworker/0:2 next_pid=1499 next_prio=120
     kworker/0:2-1499    [000] d..2.  1697.030522: sched_stat_runtime: comm=kworker/0:2 pid=1499 runtime=26815 [ns] vruntime=18701458822 [ns]
     kworker/0:2-1499    [000] d..2.  1697.030533: sched_switch: prev_comm=kworker/0:2 prev_pid=1499 prev_prio=120 prev_state=I ==> next_comm=swapper/0 next_pid=0 next_prio=120
          <idle>-0       [000] d.h1.  1697.033991: irq_handler_entry: irq=37 name=mmc1
          <idle>-0       [000] dNh6.  1697.034003: sched_wakeup: comm=kworker/0:2 pid=1499 prio=120 target_cpu=000
          <idle>-0       [000] dNh1.  1697.034005: irq_handler_exit: irq=37 ret=handled
          <idle>-0       [000] dNh1.  1697.034006: irq_handler_entry: irq=37 name=mmc0
          <idle>-0       [000] dNh1.  1697.034008: irq_handler_exit: irq=37 ret=unhandled
          <idle>-0       [000] d..2.  1697.034022: sched_switch: prev_comm=swapper/0 prev_pid=0 prev_prio=120 prev_state=R ==> next_comm=kworker/0:2 next_pid=1499 next_prio=120
     kworker/0:2-1499    [000] d.h1.  1697.034051: irq_handler_entry: irq=37 name=mmc1
     kworker/0:2-1499    [000] d.h1.  1697.034055: irq_handler_exit: irq=37 ret=handled
     kworker/0:2-1499    [000] d.h1.  1697.034056: irq_handler_entry: irq=37 name=mmc0
     kworker/0:2-1499    [000] d.h1.  1697.034058: irq_handler_exit: irq=37 ret=unhandled
     kworker/0:2-1499    [000] d.s3.  1697.034068: sched_wakeup: comm=kworker/0:2 pid=1499 prio=120 target_cpu=000
     kworker/0:2-1499    [000] d..2.  1697.034075: sched_stat_runtime: comm=kworker/0:2 pid=1499 runtime=75407 [ns] vruntime=18701534229 [ns]
     kworker/0:2-1499    [000] d.h1.  1697.034100: irq_handler_entry: irq=37 name=mmc1
     kworker/0:2-1499    [000] d.h1.  1697.034107: irq_handler_exit: irq=37 ret=handled
     kworker/0:2-1499    [000] d.h1.  1697.034108: irq_handler_entry: irq=37 name=mmc0
     kworker/0:2-1499    [000] d.h1.  1697.034109: irq_handler_exit: irq=37 ret=unhandled
     kworker/0:2-1499    [000] d.s3.  1697.034119: sched_wakeup: comm=kworker/0:2 pid=1499 prio=120 target_cpu=000
     kworker/0:2-1499    [000] d..2.  1697.034125: sched_stat_runtime: comm=kworker/0:2 pid=1499 runtime=50037 [ns] vruntime=18701584266 [ns]
