     irq/51-mmc0-94      [000] d....   461.430920: sched_stat_runtime: comm=irq/51-mmc0 pid=94 runtime=95407 [ns] vruntime=0 [ns]
     irq/51-mmc0-94      [000] d....   461.430925: sched_switch: prev_comm=irq/51-mmc0 prev_pid=94 prev_prio=49 prev_state=S ==> next_comm=kworker/0:4 next_pid=452 next_prio=120
     kworker/0:4-452     [000] d....   461.430981: sched_stat_runtime: comm=kworker/0:4 pid=452 runtime=60519 [ns] vruntime=13338820712 [ns]
     kworker/0:4-452     [000] d....   461.430988: sched_switch: prev_comm=kworker/0:4 prev_pid=452 prev_prio=120 prev_state=D ==> next_comm=swapper/0 next_pid=0 next_prio=120
          <idle>-0       [000] d.h..   461.431360: irq_handler_entry: irq=51 name=mmc1
          <idle>-0       [000] d.h..   461.431362: irq_handler_exit: irq=51 ret=unhandled
          <idle>-0       [000] d.h..   461.431363: irq_handler_entry: irq=51 name=mmc0
          <idle>-0       [000] d.h..   461.431380: irq_handler_exit: irq=51 ret=handled
          <idle>-0       [000] dnh..   461.431384: sched_wakeup: comm=irq/51-mmc0 pid=94 prio=49 target_cpu=000
          <idle>-0       [000] d....   461.431395: sched_switch: prev_comm=swapper/0 prev_pid=0 prev_prio=120 prev_state=R ==> next_comm=irq/51-mmc0 next_pid=94 next_prio=49
     irq/51-mmc0-94      [000] d....   461.431472: sched_wakeup: comm=kworker/0:4 pid=452 prio=120 target_cpu=000
     irq/51-mmc0-94      [000] d....   461.431479: sched_stat_runtime: comm=irq/51-mmc0 pid=94 runtime=96815 [ns] vruntime=0 [ns]
     irq/51-mmc0-94      [000] d....   461.431484: sched_switch: prev_comm=irq/51-mmc0 prev_pid=94 prev_prio=49 prev_state=S ==> next_comm=kworker/0:4 next_pid=452 next_prio=120
     kworker/0:4-452     [000] d....   461.431676: sched_stat_runtime: comm=kworker/0:4 pid=452 runtime=196704 [ns] vruntime=13339017416 [ns]
     kworker/0:4-452     [000] d....   461.431685: sched_switch: prev_comm=kworker/0:4 prev_pid=452 prev_prio=120 prev_state=D ==> next_comm=swapper/0 next_pid=0 next_prio=120
          <idle>-0       [000] d.h..   461.432058: irq_handler_entry: irq=51 name=mmc1
          <idle>-0       [000] d.h..   461.432059: irq_handler_exit: irq=51 ret=unhandled
          <idle>-0       [000] d.h..   461.432061: irq_handler_entry: irq=51 name=mmc0
          <idle>-0       [000] d.h..   461.432078: irq_handler_exit: irq=51 ret=handled
          <idle>-0       [000] dnh..   461.432083: sched_wakeup: comm=irq/51-mmc0 pid=94 prio=49 target_cpu=000
          <idle>-0       [000] d....   461.432093: sched_switch: prev_comm=swapper/0 prev_pid=0 prev_prio=120 prev_state=R ==> next_comm=irq/51-mmc0 next_pid=94 next_prio=49
     irq/51-mmc0-94      [000] d....   461.432170: sched_wakeup: comm=kworker/0:4 pid=452 prio=120 target_cpu=000
     irq/51-mmc0-94      [000] d....   461.432177: sched_stat_runtime: comm=irq/51-mmc0 pid=94 runtime=96648 [ns] vruntime=0 [ns]
     irq/51-mmc0-94      [000] d....   461.432183: sched_switch: prev_comm=irq/51-mmc0 prev_pid=94 prev_prio=49 prev_state=S ==> next_comm=kworker/0:4 next_pid=452 next_prio=120
     kworker/0:4-452     [000] d.h..   461.432276: irq_handler_entry: irq=26 name=arch_timer
     kworker/0:4-452     [000] d.h..   461.432281: sched_wakeup: comm=kworker/0:4 pid=452 prio=120 target_cpu=000
     kworker/0:4-452     [000] d.h..   461.432284: irq_handler_exit: irq=26 ret=handled
     kworker/0:4-452     [000] d....   461.432289: sched_stat_runtime: comm=kworker/0:4 pid=452 runtime=111260 [ns] vruntime=13339128676 [ns]
     kworker/0:4-452     [000] d....   461.432298: sched_stat_runtime: comm=kworker/0:4 pid=452 runtime=9296 [ns] vruntime=13339137972 [ns]
     kworker/0:4-452     [000] d....   461.432307: sched_switch: prev_comm=kworker/0:4 prev_pid=452 prev_prio=120 prev_state=D ==> next_comm=swapper/0 next_pid=0 next_prio=120
          <idle>-0       [000] d.h..   461.432604: irq_handler_entry: irq=29 name=fe00b880.mailbox
          <idle>-0       [000] dnh..   461.432610: sched_wakeup: comm=kworker/0:4 pid=452 prio=120 target_cpu=000
          <idle>-0       [000] dnh..   461.432612: irq_handler_exit: irq=29 ret=handled
          <idle>-0       [000] d....   461.432622: sched_switch: prev_comm=swapper/0 prev_pid=0 prev_prio=120 prev_state=R ==> next_comm=kworker/0:4 next_pid=452 next_prio=120
     kworker/0:4-452     [000] d....   461.432712: sched_stat_runtime: comm=kworker/0:4 pid=452 runtime=104685 [ns] vruntime=13339242657 [ns]
     kworker/0:4-452     [000] d....   461.432716: sched_switch: prev_comm=kworker/0:4 prev_pid=452 prev_prio=120 prev_state=D ==> next_comm=swapper/0 next_pid=0 next_prio=120
          <idle>-0       [000] d.h..   461.433960: irq_handler_entry: irq=26 name=arch_timer
          <idle>-0       [000] dnh..   461.433966: sched_wakeup: comm=kworker/0:4 pid=452 prio=120 target_cpu=000
          <idle>-0       [000] dnh..   461.433969: irq_handler_exit: irq=26 ret=handled
          <idle>-0       [000] d....   461.433977: sched_switch: prev_comm=swapper/0 prev_pid=0 prev_prio=120 prev_state=R ==> next_comm=kworker/0:4 next_pid=452 next_prio=120
     kworker/0:4-452     [000] d.h..   461.434010: irq_handler_entry: irq=26 name=arch_timer
     kworker/0:4-452     [000] d.h..   461.434015: sched_wakeup: comm=kworker/0:4 pid=452 prio=120 target_cpu=000
     kworker/0:4-452     [000] d.h..   461.434018: irq_handler_exit: irq=26 ret=handled
     kworker/0:4-452     [000] d....   461.434022: sched_stat_runtime: comm=kworker/0:4 pid=452 runtime=59241 [ns] vruntime=13339301898 [ns]
     kworker/0:4-452     [000] d....   461.434032: sched_stat_runtime: comm=kworker/0:4 pid=452 runtime=9296 [ns] vruntime=13339311194 [ns]
     kworker/0:4-452     [000] d....   461.434035: sched_switch: prev_comm=kworker/0:4 prev_pid=452 prev_prio=120 prev_state=D ==> next_comm=swapper/0 next_pid=0 next_prio=120
          <idle>-0       [000] d.h..   461.434333: irq_handler_entry: irq=29 name=fe00b880.mailbox
          <idle>-0       [000] dnh..   461.434339: sched_wakeup: comm=kworker/0:4 pid=452 prio=120 target_cpu=000
          <idle>-0       [000] dnh..   461.434342: irq_handler_exit: irq=29 ret=handled
          <idle>-0       [000] d....   461.434351: sched_switch: prev_comm=swapper/0 prev_pid=0 prev_prio=120 prev_state=R ==> next_comm=kworker/0:4 next_pid=452 next_prio=120
     kworker/0:4-452     [000] d....   461.434466: sched_stat_runtime: comm=kworker/0:4 pid=452 runtime=129185 [ns] vruntime=13339440379 [ns]
     kworker/0:4-452     [000] d....   461.434469: sched_switch: prev_comm=kworker/0:4 prev_pid=452 prev_prio=120 prev_state=D ==> next_comm=swapper/0 next_pid=0 next_prio=120
          <idle>-0       [000] d.h..   461.439967: irq_handler_entry: irq=26 name=arch_timer
          <idle>-0       [000] dnh..   461.439974: sched_wakeup: comm=kworker/0:4 pid=452 prio=120 target_cpu=000
          <idle>-0       [000] dnh..   461.439977: irq_handler_exit: irq=26 ret=handled
          <idle>-0       [000] d....   461.439986: sched_switch: prev_comm=swapper/0 prev_pid=0 prev_prio=120 prev_state=R ==> next_comm=kworker/0:4 next_pid=452 next_prio=120
     kworker/0:4-452     [000] d....   461.439993: sched_stat_runtime: comm=kworker/0:4 pid=452 runtime=22575 [ns] vruntime=13339462954 [ns]
     kworker/0:4-452     [000] d....   461.439996: sched_switch: prev_comm=kworker/0:4 prev_pid=452 prev_prio=120 prev_state=D ==> next_comm=swapper/0 next_pid=0 next_prio=120
          <idle>-0       [000] d.h..   461.452494: irq_handler_entry: irq=26 name=arch_timer
          <idle>-0       [000] dnh..   461.452501: sched_wakeup: comm=kworker/0:4 pid=452 prio=120 target_cpu=000
          <idle>-0       [000] dnh..   461.452504: irq_handler_exit: irq=26 ret=handled
          <idle>-0       [000] dnh..   461.452506: irq_handler_entry: irq=21 name=IPI
          <idle>-0       [000] dnh..   461.452512: sched_wakeup: comm=kworker/0:3 pid=162 prio=120 target_cpu=000
          <idle>-0       [000] dnh..   461.452514: irq_handler_exit: irq=21 ret=handled
          <idle>-0       [000] d....   461.452523: sched_switch: prev_comm=swapper/0 prev_pid=0 prev_prio=120 prev_state=R ==> next_comm=kworker/0:4 next_pid=452 next_prio=120
     kworker/0:4-452     [000] d....   461.452601: sched_stat_runtime: comm=kworker/0:4 pid=452 runtime=90685 [ns] vruntime=13339553639 [ns]
     kworker/0:4-452     [000] d....   461.452605: sched_switch: prev_comm=kworker/0:4 prev_pid=452 prev_prio=120 prev_state=D ==> next_comm=kworker/0:3 next_pid=162 next_prio=120
     kworker/0:3-162     [000] d.h..   461.452648: irq_handler_entry: irq=26 name=arch_timer
     kworker/0:3-162     [000] d.h..   461.452654: sched_wakeup: comm=kworker/0:3 pid=162 prio=120 target_cpu=000
     kworker/0:3-162     [000] d.h..   461.452656: irq_handler_exit: irq=26 ret=handled
     kworker/0:3-162     [000] d....   461.452662: sched_stat_runtime: comm=kworker/0:3 pid=162 runtime=60352 [ns] vruntime=13344408027 [ns]
     kworker/0:3-162     [000] d....   461.452671: sched_stat_runtime: comm=kworker/0:3 pid=162 runtime=9278 [ns] vruntime=13344417305 [ns]
     kworker/0:3-162     [000] d....   461.452681: sched_switch: prev_comm=kworker/0:3 prev_pid=162 prev_prio=120 prev_state=D ==> next_comm=swapper/0 next_pid=0 next_prio=120
          <idle>-0       [000] d.h..   461.455978: irq_handler_entry: irq=29 name=fe00b880.mailbox
          <idle>-0       [000] dnh..   461.455983: sched_wakeup: comm=kworker/0:3 pid=162 prio=120 target_cpu=000
          <idle>-0       [000] dnh..   461.455985: irq_handler_exit: irq=29 ret=handled
          <idle>-0       [000] d....   461.455993: sched_switch: prev_comm=swapper/0 prev_pid=0 prev_prio=120 prev_state=R ==> next_comm=kworker/0:3 next_pid=162 next_prio=120
     kworker/0:3-162     [000] d.h..   461.456010: irq_handler_entry: irq=26 name=arch_timer
     kworker/0:3-162     [000] d.h..   461.456014: sched_wakeup: comm=kworker/0:3 pid=162 prio=120 target_cpu=000
     kworker/0:3-162     [000] d.h..   461.456017: irq_handler_exit: irq=26 ret=handled
     kworker/0:3-162     [000] d....   461.456021: sched_stat_runtime: comm=kworker/0:3 pid=162 runtime=39777 [ns] vruntime=13344457082 [ns]
     kworker/0:3-162     [000] d....   461.456028: sched_stat_runtime: comm=kworker/0:3 pid=162 runtime=8000 [ns] vruntime=13344465082 [ns]
     kworker/0:3-162     [000] d....   461.456032: sched_switch: prev_comm=kworker/0:3 prev_pid=162 prev_prio=120 prev_state=D ==> next_comm=swapper/0 next_pid=0 next_prio=120
          <idle>-0       [000] d.h..   461.456035: irq_handler_entry: irq=29 name=fe00b880.mailbox
          <idle>-0       [000] dnh..   461.456039: sched_wakeup: comm=kworker/0:3 pid=162 prio=120 target_cpu=000
          <idle>-0       [000] dnh..   461.456041: irq_handler_exit: irq=29 ret=handled
          <idle>-0       [000] d....   461.456045: sched_switch: prev_comm=swapper/0 prev_pid=0 prev_prio=120 prev_state=R ==> next_comm=kworker/0:3 next_pid=162 next_prio=120
     kworker/0:3-162     [000] d....   461.456059: sched_stat_runtime: comm=kworker/0:3 pid=162 runtime=21852 [ns] vruntime=13344486934 [ns]
     kworker/0:3-162     [000] d....   461.456062: sched_switch: prev_comm=kworker/0:3 prev_pid=162 prev_prio=120 prev_state=I ==> next_comm=swapper/0 next_pid=0 next_prio=120
          <idle>-0       [000] d.h..   461.465098: irq_handler_entry: irq=26 name=arch_timer
          <idle>-0       [000] dnh..   461.465103: sched_wakeup: comm=kworker/0:4 pid=452 prio=120 target_cpu=000
          <idle>-0       [000] dnh..   461.465106: irq_handler_exit: irq=26 ret=handled
          <idle>-0       [000] d....   461.465111: sched_switch: prev_comm=swapper/0 prev_pid=0 prev_prio=120 prev_state=R ==> next_comm=kworker/0:4 next_pid=452 next_prio=120
     kworker/0:4-452     [000] d....   461.465184: sched_stat_runtime: comm=kworker/0:4 pid=452 runtime=82611 [ns] vruntime=13339636250 [ns]
     kworker/0:4-452     [000] d....   461.465187: sched_switch: prev_comm=kworker/0:4 prev_pid=452 prev_prio=120 prev_state=D ==> next_comm=swapper/0 next_pid=0 next_prio=120
          <idle>-0       [000] d.h..   461.465754: irq_handler_entry: irq=51 name=mmc1
          <idle>-0       [000] d.h..   461.465756: irq_handler_exit: irq=51 ret=unhandled
          <idle>-0       [000] d.h..   461.465757: irq_handler_entry: irq=51 name=mmc0
          <idle>-0       [000] d.h..   461.465780: irq_handler_exit: irq=51 ret=handled
          <idle>-0       [000] dnh..   461.465785: sched_wakeup: comm=irq/51-mmc0 pid=94 prio=49 target_cpu=000
          <idle>-0       [000] d....   461.465791: sched_switch: prev_comm=swapper/0 prev_pid=0 prev_prio=120 prev_state=R ==> next_comm=irq/51-mmc0 next_pid=94 next_prio=49
     irq/51-mmc0-94      [000] d....   461.465863: sched_wakeup: comm=kworker/0:4 pid=452 prio=120 target_cpu=000
     irq/51-mmc0-94      [000] d....   461.465869: sched_stat_runtime: comm=irq/51-mmc0 pid=94 runtime=86833 [ns] vruntime=0 [ns]
     irq/51-mmc0-94      [000] d....   461.465874: sched_switch: prev_comm=irq/51-mmc0 prev_pid=94 prev_prio=49 prev_state=S ==> next_comm=kworker/0:4 next_pid=452 next_prio=120
     kworker/0:4-452     [000] d.h..   461.465944: irq_handler_entry: irq=26 name=arch_timer
     kworker/0:4-452     [000] d.h..   461.465953: sched_stat_runtime: comm=kworker/0:4 pid=452 runtime=83167 [ns] vruntime=13339719417 [ns]
     kworker/0:4-452     [000] d.h..   461.465959: irq_handler_exit: irq=26 ret=handled
          <idle>-0       [001] d.h..   461.465959: irq_handler_entry: irq=19 name=IPI
          <idle>-0       [001] d.h..   461.465960: irq_handler_exit: irq=19 ret=handled
     kworker/0:4-452     [000] d.s..   461.465965: sched_stat_runtime: comm=kworker/0:4 pid=452 runtime=12111 [ns] vruntime=13339731528 [ns]
     kworker/0:4-452     [000] dns..   461.465969: sched_wakeup: comm=kcompactd0 pid=40 prio=120 target_cpu=000
     kworker/0:4-452     [000] dn...   461.465978: sched_stat_runtime: comm=kworker/0:4 pid=452 runtime=8704 [ns] vruntime=13339740232 [ns]
     kworker/0:4-452     [000] d....   461.465982: sched_switch: prev_comm=kworker/0:4 prev_pid=452 prev_prio=120 prev_state=R+ ==> next_comm=kcompactd0 next_pid=40 next_prio=120
      kcompactd0-40      [000] d....   461.465992: sched_stat_runtime: comm=kcompactd0 pid=40 runtime=18889 [ns] vruntime=13335505823 [ns]
      kcompactd0-40      [000] d....   461.465996: sched_switch: prev_comm=kcompactd0 prev_pid=40 prev_prio=120 prev_state=S ==> next_comm=kworker/0:4 next_pid=452 next_prio=120
     kworker/0:4-452     [000] d....   461.466001: sched_stat_runtime: comm=kworker/0:4 pid=452 runtime=8555 [ns] vruntime=13339748787 [ns]
     kworker/0:4-452     [000] d....   461.466008: sched_switch: prev_comm=kworker/0:4 prev_pid=452 prev_prio=120 prev_state=D ==> next_comm=swapper/0 next_pid=0 next_prio=120
          <idle>-0       [000] d.h..   461.466515: irq_handler_entry: irq=51 name=mmc1
          <idle>-0       [000] d.h..   461.466517: irq_handler_exit: irq=51 ret=unhandled
          <idle>-0       [000] d.h..   461.466518: irq_handler_entry: irq=51 name=mmc0
          <idle>-0       [000] d.h..   461.466541: irq_handler_exit: irq=51 ret=handled
          <idle>-0       [000] dnh..   461.466545: sched_wakeup: comm=irq/51-mmc0 pid=94 prio=49 target_cpu=000
          <idle>-0       [000] d....   461.466554: sched_switch: prev_comm=swapper/0 prev_pid=0 prev_prio=120 prev_state=R ==> next_comm=irq/51-mmc0 next_pid=94 next_prio=49
     irq/51-mmc0-94      [000] d....   461.466627: sched_wakeup: comm=kworker/0:4 pid=452 prio=120 target_cpu=000
     irq/51-mmc0-94      [000] d....   461.466633: sched_stat_runtime: comm=irq/51-mmc0 pid=94 runtime=89963 [ns] vruntime=0 [ns]
     irq/51-mmc0-94      [000] d....   461.466638: sched_switch: prev_comm=irq/51-mmc0 prev_pid=94 prev_prio=49 prev_state=S ==> next_comm=kworker/0:4 next_pid=452 next_prio=120
     kworker/0:4-452     [000] d....   461.466818: sched_stat_runtime: comm=kworker/0:4 pid=452 runtime=185000 [ns] vruntime=13339933787 [ns]
     kworker/0:4-452     [000] d....   461.466826: sched_switch: prev_comm=kworker/0:4 prev_pid=452 prev_prio=120 prev_state=D ==> next_comm=swapper/0 next_pid=0 next_prio=120
          <idle>-0       [000] d.h..   461.468066: irq_handler_entry: irq=26 name=arch_timer
          <idle>-0       [000] dnh..   461.468072: sched_wakeup: comm=kworker/0:4 pid=452 prio=120 target_cpu=000
          <idle>-0       [000] dnh..   461.468075: irq_handler_exit: irq=26 ret=handled
          <idle>-0       [000] d....   461.468082: sched_switch: prev_comm=swapper/0 prev_pid=0 prev_prio=120 prev_state=R ==> next_comm=kworker/0:4 next_pid=452 next_prio=120
     kworker/0:4-452     [000] d....   461.468154: sched_stat_runtime: comm=kworker/0:4 pid=452 runtime=84796 [ns] vruntime=13340018583 [ns]
     kworker/0:4-452     [000] d....   461.468157: sched_switch: prev_comm=kworker/0:4 prev_pid=452 prev_prio=120 prev_state=D ==> next_comm=swapper/0 next_pid=0 next_prio=120
          <idle>-0       [000] d.h..   461.468400: irq_handler_entry: irq=51 name=mmc1
          <idle>-0       [000] d.h..   461.468403: irq_handler_exit: irq=51 ret=unhandled
          <idle>-0       [000] d.h..   461.468404: irq_handler_entry: irq=51 name=mmc0
          <idle>-0       [000] dnh..   461.468453: sched_wakeup: comm=kworker/0:4 pid=452 prio=120 target_cpu=000
          <idle>-0       [000] dnh..   461.468455: irq_handler_exit: irq=51 ret=handled
          <idle>-0       [000] d....   461.468463: sched_switch: prev_comm=swapper/0 prev_pid=0 prev_prio=120 prev_state=R ==> next_comm=kworker/0:4 next_pid=452 next_prio=120
     kworker/0:4-452     [000] d....   461.468470: sched_stat_runtime: comm=kworker/0:4 pid=452 runtime=19204 [ns] vruntime=13340037787 [ns]
     kworker/0:4-452     [000] d....   461.468473: sched_switch: prev_comm=kworker/0:4 prev_pid=452 prev_prio=120 prev_state=D ==> next_comm=swapper/0 next_pid=0 next_prio=120
          <idle>-0       [000] d.h..   461.469718: irq_handler_entry: irq=26 name=arch_timer
          <idle>-0       [000] dnh..   461.469723: sched_wakeup: comm=kworker/0:4 pid=452 prio=120 target_cpu=000
          <idle>-0       [000] dnh..   461.469726: irq_handler_exit: irq=26 ret=handled
          <idle>-0       [000] d....   461.469733: sched_switch: prev_comm=swapper/0 prev_pid=0 prev_prio=120 prev_state=R ==> next_comm=kworker/0:4 next_pid=452 next_prio=120
     kworker/0:4-452     [000] d....   461.469910: sched_stat_runtime: comm=kworker/0:4 pid=452 runtime=189315 [ns] vruntime=13340227102 [ns]
     kworker/0:4-452     [000] d....   461.469913: sched_switch: prev_comm=kworker/0:4 prev_pid=452 prev_prio=120 prev_state=D ==> next_comm=swapper/0 next_pid=0 next_prio=120
          <idle>-0       [000] d.h..   461.471158: irq_handler_entry: irq=26 name=arch_timer
          <idle>-0       [000] dnh..   461.471163: sched_wakeup: comm=kworker/0:4 pid=452 prio=120 target_cpu=000
          <idle>-0       [000] dnh..   461.471166: irq_handler_exit: irq=26 ret=handled
          <idle>-0       [000] d....   461.471172: sched_switch: prev_comm=swapper/0 prev_pid=0 prev_prio=120 prev_state=R ==> next_comm=kworker/0:4 next_pid=452 next_prio=120
     kworker/0:4-452     [000] d....   461.471244: sched_stat_runtime: comm=kworker/0:4 pid=452 runtime=83260 [ns] vruntime=13340310362 [ns]
     kworker/0:4-452     [000] d....   461.471247: sched_switch: prev_comm=kworker/0:4 prev_pid=452 prev_prio=120 prev_state=D ==> next_comm=swapper/0 next_pid=0 next_prio=120
          <idle>-0       [000] d.h..   461.471813: irq_handler_entry: irq=51 name=mmc1
          <idle>-0       [000] d.h..   461.471815: irq_handler_exit: irq=51 ret=unhandled
          <idle>-0       [000] d.h..   461.471816: irq_handler_entry: irq=51 name=mmc0
          <idle>-0       [000] d.h..   461.471839: irq_handler_exit: irq=51 ret=handled
          <idle>-0       [000] dnh..   461.471843: sched_wakeup: comm=irq/51-mmc0 pid=94 prio=49 target_cpu=000
          <idle>-0       [000] d....   461.471851: sched_switch: prev_comm=swapper/0 prev_pid=0 prev_prio=120 prev_state=R ==> next_comm=irq/51-mmc0 next_pid=94 next_prio=49
     irq/51-mmc0-94      [000] d....   461.471923: sched_wakeup: comm=kworker/0:4 pid=452 prio=120 target_cpu=000
     irq/51-mmc0-94      [000] d....   461.471929: sched_stat_runtime: comm=irq/51-mmc0 pid=94 runtime=88315 [ns] vruntime=0 [ns]
     irq/51-mmc0-94      [000] d....   461.471934: sched_switch: prev_comm=irq/51-mmc0 prev_pid=94 prev_prio=49 prev_state=S ==> next_comm=kworker/0:4 next_pid=452 next_prio=120
     kworker/0:4-452     [000] d....   461.472006: sched_stat_runtime: comm=kworker/0:4 pid=452 runtime=76481 [ns] vruntime=13340386843 [ns]
     kworker/0:4-452     [000] d....   461.472013: sched_switch: prev_comm=kworker/0:4 prev_pid=452 prev_prio=120 prev_state=D ==> next_comm=swapper/0 next_pid=0 next_prio=120
          <idle>-0       [000] d.h..   461.472578: irq_handler_entry: irq=51 name=mmc1
          <idle>-0       [000] d.h..   461.472580: irq_handler_exit: irq=51 ret=unhandled
          <idle>-0       [000] d.h..   461.472584: irq_handler_entry: irq=51 name=mmc0
          <idle>-0       [000] d.h..   461.472607: irq_handler_exit: irq=51 ret=handled
          <idle>-0       [000] dnh..   461.472611: sched_wakeup: comm=irq/51-mmc0 pid=94 prio=49 target_cpu=000
          <idle>-0       [000] d....   461.472619: sched_switch: prev_comm=swapper/0 prev_pid=0 prev_prio=120 prev_state=R ==> next_comm=irq/51-mmc0 next_pid=94 next_prio=49
     irq/51-mmc0-94      [000] d....   461.472668: sched_wakeup: comm=kworker/0:4 pid=452 prio=120 target_cpu=000
     irq/51-mmc0-94      [000] d....   461.472674: sched_stat_runtime: comm=irq/51-mmc0 pid=94 runtime=64926 [ns] vruntime=0 [ns]
     irq/51-mmc0-94      [000] d....   461.472679: sched_switch: prev_comm=irq/51-mmc0 prev_pid=94 prev_prio=49 prev_state=S ==> next_comm=kworker/0:4 next_pid=452 next_prio=120
     kworker/0:4-452     [000] d....   461.472728: sched_stat_runtime: comm=kworker/0:4 pid=452 runtime=53407 [ns] vruntime=13340440250 [ns]
     kworker/0:4-452     [000] d....   461.472734: sched_switch: prev_comm=kworker/0:4 prev_pid=452 prev_prio=120 prev_state=D ==> next_comm=swapper/0 next_pid=0 next_prio=120
          <idle>-0       [000] d.h..   461.473298: irq_handler_entry: irq=51 name=mmc1
          <idle>-0       [000] d.h..   461.473300: irq_handler_exit: irq=51 ret=unhandled
          <idle>-0       [000] d.h..   461.473301: irq_handler_entry: irq=51 name=mmc0
          <idle>-0       [000] d.h..   461.473324: irq_handler_exit: irq=51 ret=handled
          <idle>-0       [000] dnh..   461.473327: sched_wakeup: comm=irq/51-mmc0 pid=94 prio=49 target_cpu=000
          <idle>-0       [000] d....   461.473336: sched_switch: prev_comm=swapper/0 prev_pid=0 prev_prio=120 prev_state=R ==> next_comm=irq/51-mmc0 next_pid=94 next_prio=49
     irq/51-mmc0-94      [000] d....   461.473385: sched_wakeup: comm=kworker/0:4 pid=452 prio=120 target_cpu=000
     irq/51-mmc0-94      [000] d....   461.473391: sched_stat_runtime: comm=irq/51-mmc0 pid=94 runtime=65556 [ns] vruntime=0 [ns]
     irq/51-mmc0-94      [000] d....   461.473396: sched_switch: prev_comm=irq/51-mmc0 prev_pid=94 prev_prio=49 prev_state=S ==> next_comm=kworker/0:4 next_pid=452 next_prio=120
     kworker/0:4-452     [000] d....   461.473445: sched_stat_runtime: comm=kworker/0:4 pid=452 runtime=53481 [ns] vruntime=13340493731 [ns]
     kworker/0:4-452     [000] d....   461.473452: sched_switch: prev_comm=kworker/0:4 prev_pid=452 prev_prio=120 prev_state=D ==> next_comm=swapper/0 next_pid=0 next_prio=120
          <idle>-0       [000] d.h..   461.474018: irq_handler_entry: irq=51 name=mmc1
          <idle>-0       [000] d.h..   461.474020: irq_handler_exit: irq=51 ret=unhandled
          <idle>-0       [000] d.h..   461.474021: irq_handler_entry: irq=51 name=mmc0
          <idle>-0       [000] d.h..   461.474044: irq_handler_exit: irq=51 ret=handled
          <idle>-0       [000] dnh..   461.474048: sched_wakeup: comm=irq/51-mmc0 pid=94 prio=49 target_cpu=000
          <idle>-0       [000] d....   461.474056: sched_switch: prev_comm=swapper/0 prev_pid=0 prev_prio=120 prev_state=R ==> next_comm=irq/51-mmc0 next_pid=94 next_prio=49
     irq/51-mmc0-94      [000] d....   461.474105: sched_wakeup: comm=kworker/0:4 pid=452 prio=120 target_cpu=000
     irq/51-mmc0-94      [000] d....   461.474111: sched_stat_runtime: comm=irq/51-mmc0 pid=94 runtime=65371 [ns] vruntime=0 [ns]
     irq/51-mmc0-94      [000] d....   461.474115: sched_switch: prev_comm=irq/51-mmc0 prev_pid=94 prev_prio=49 prev_state=S ==> next_comm=kworker/0:4 next_pid=452 next_prio=120
     kworker/0:4-452     [000] d....   461.474165: sched_stat_runtime: comm=kworker/0:4 pid=452 runtime=53166 [ns] vruntime=13340546897 [ns]
     kworker/0:4-452     [000] d....   461.474171: sched_switch: prev_comm=kworker/0:4 prev_pid=452 prev_prio=120 prev_state=D ==> next_comm=swapper/0 next_pid=0 next_prio=120
          <idle>-0       [000] d.h..   461.474738: irq_handler_entry: irq=51 name=mmc1
          <idle>-0       [000] d.h..   461.474740: irq_handler_exit: irq=51 ret=unhandled
          <idle>-0       [000] d.h..   461.474741: irq_handler_entry: irq=51 name=mmc0
          <idle>-0       [000] d.h..   461.474764: irq_handler_exit: irq=51 ret=handled
          <idle>-0       [000] dnh..   461.474768: sched_wakeup: comm=irq/51-mmc0 pid=94 prio=49 target_cpu=000
          <idle>-0       [000] d....   461.474776: sched_switch: prev_comm=swapper/0 prev_pid=0 prev_prio=120 prev_state=R ==> next_comm=irq/51-mmc0 next_pid=94 next_prio=49
     irq/51-mmc0-94      [000] d....   461.474847: sched_wakeup: comm=kworker/0:4 pid=452 prio=120 target_cpu=000
     irq/51-mmc0-94      [000] d....   461.474853: sched_stat_runtime: comm=irq/51-mmc0 pid=94 runtime=87000 [ns] vruntime=0 [ns]
     irq/51-mmc0-94      [000] d....   461.474857: sched_switch: prev_comm=irq/51-mmc0 prev_pid=94 prev_prio=49 prev_state=S ==> next_comm=kworker/0:4 next_pid=452 next_prio=120
     kworker/0:4-452     [000] d....   461.474930: sched_stat_runtime: comm=kworker/0:4 pid=452 runtime=76796 [ns] vruntime=13340623693 [ns]
     kworker/0:4-452     [000] d....   461.474936: sched_switch: prev_comm=kworker/0:4 prev_pid=452 prev_prio=120 prev_state=D ==> next_comm=swapper/0 next_pid=0 next_prio=120
          <idle>-0       [000] d.h..   461.475503: irq_handler_entry: irq=51 name=mmc1
          <idle>-0       [000] d.h..   461.475505: irq_handler_exit: irq=51 ret=unhandled
          <idle>-0       [000] d.h..   461.475506: irq_handler_entry: irq=51 name=mmc0
          <idle>-0       [000] d.h..   461.475529: irq_handler_exit: irq=51 ret=handled
          <idle>-0       [000] dnh..   461.475532: sched_wakeup: comm=irq/51-mmc0 pid=94 prio=49 target_cpu=000
          <idle>-0       [000] d....   461.475541: sched_switch: prev_comm=swapper/0 prev_pid=0 prev_prio=120 prev_state=R ==> next_comm=irq/51-mmc0 next_pid=94 next_prio=49
     irq/51-mmc0-94      [000] d....   461.475613: sched_wakeup: comm=kworker/0:4 pid=452 prio=120 target_cpu=000
     irq/51-mmc0-94      [000] d....   461.475619: sched_stat_runtime: comm=irq/51-mmc0 pid=94 runtime=87944 [ns] vruntime=0 [ns]
     irq/51-mmc0-94      [000] d....   461.475623: sched_switch: prev_comm=irq/51-mmc0 prev_pid=94 prev_prio=49 prev_state=S ==> next_comm=kworker/0:4 next_pid=452 next_prio=120
     kworker/0:4-452     [000] d....   461.475695: sched_stat_runtime: comm=kworker/0:4 pid=452 runtime=76167 [ns] vruntime=13340699860 [ns]
     kworker/0:4-452     [000] d....   461.475702: sched_switch: prev_comm=kworker/0:4 prev_pid=452 prev_prio=120 prev_state=D ==> next_comm=swapper/0 next_pid=0 next_prio=120
          <idle>-0       [000] d.h..   461.476271: irq_handler_entry: irq=51 name=mmc1
          <idle>-0       [000] d.h..   461.476272: irq_handler_exit: irq=51 ret=unhandled
          <idle>-0       [000] d.h..   461.476274: irq_handler_entry: irq=51 name=mmc0
          <idle>-0       [000] d.h..   461.476297: irq_handler_exit: irq=51 ret=handled
          <idle>-0       [000] dnh..   461.476301: sched_wakeup: comm=irq/51-mmc0 pid=94 prio=49 target_cpu=000
          <idle>-0       [000] d....   461.476309: sched_switch: prev_comm=swapper/0 prev_pid=0 prev_prio=120 prev_state=R ==> next_comm=irq/51-mmc0 next_pid=94 next_prio=49
     irq/51-mmc0-94      [000] d....   461.476382: sched_wakeup: comm=kworker/0:4 pid=452 prio=120 target_cpu=000
     irq/51-mmc0-94      [000] d....   461.476387: sched_stat_runtime: comm=irq/51-mmc0 pid=94 runtime=88556 [ns] vruntime=0 [ns]
     irq/51-mmc0-94      [000] d....   461.476392: sched_switch: prev_comm=irq/51-mmc0 prev_pid=94 prev_prio=49 prev_state=S ==> next_comm=kworker/0:4 next_pid=452 next_prio=120
     kworker/0:4-452     [000] d....   461.476464: sched_stat_runtime: comm=kworker/0:4 pid=452 runtime=76685 [ns] vruntime=13340776545 [ns]
     kworker/0:4-452     [000] d....   461.476473: sched_switch: prev_comm=kworker/0:4 prev_pid=452 prev_prio=120 prev_state=D ==> next_comm=swapper/0 next_pid=0 next_prio=120
          <idle>-0       [000] d.h..   461.477033: irq_handler_entry: irq=51 name=mmc1
          <idle>-0       [000] d.h..   461.477035: irq_handler_exit: irq=51 ret=unhandled
          <idle>-0       [000] d.h..   461.477036: irq_handler_entry: irq=51 name=mmc0
          <idle>-0       [000] d.h..   461.477059: irq_handler_exit: irq=51 ret=handled
          <idle>-0       [000] dnh..   461.477063: sched_wakeup: comm=irq/51-mmc0 pid=94 prio=49 target_cpu=000
          <idle>-0       [000] d....   461.477071: sched_switch: prev_comm=swapper/0 prev_pid=0 prev_prio=120 prev_state=R ==> next_comm=irq/51-mmc0 next_pid=94 next_prio=49
     irq/51-mmc0-94      [000] d....   461.477143: sched_wakeup: comm=kworker/0:4 pid=452 prio=120 target_cpu=000
     irq/51-mmc0-94      [000] d....   461.477149: sched_stat_runtime: comm=irq/51-mmc0 pid=94 runtime=87741 [ns] vruntime=0 [ns]
     irq/51-mmc0-94      [000] d....   461.477153: sched_switch: prev_comm=irq/51-mmc0 prev_pid=94 prev_prio=49 prev_state=S ==> next_comm=kworker/0:4 next_pid=452 next_prio=120
     kworker/0:4-452     [000] d....   461.477225: sched_stat_runtime: comm=kworker/0:4 pid=452 runtime=76222 [ns] vruntime=13340852767 [ns]
     kworker/0:4-452     [000] d....   461.477232: sched_switch: prev_comm=kworker/0:4 prev_pid=452 prev_prio=120 prev_state=D ==> next_comm=swapper/0 next_pid=0 next_prio=120
          <idle>-0       [000] d.h..   461.477798: irq_handler_entry: irq=51 name=mmc1
          <idle>-0       [000] d.h..   461.477800: irq_handler_exit: irq=51 ret=unhandled
          <idle>-0       [000] d.h..   461.477801: irq_handler_entry: irq=51 name=mmc0
          <idle>-0       [000] d.h..   461.477824: irq_handler_exit: irq=51 ret=handled
          <idle>-0       [000] dnh..   461.477828: sched_wakeup: comm=irq/51-mmc0 pid=94 prio=49 target_cpu=000
          <idle>-0       [000] d....   461.477836: sched_switch: prev_comm=swapper/0 prev_pid=0 prev_prio=120 prev_state=R ==> next_comm=irq/51-mmc0 next_pid=94 next_prio=49
     irq/51-mmc0-94      [000] d....   461.477907: sched_wakeup: comm=kworker/0:4 pid=452 prio=120 target_cpu=000
     irq/51-mmc0-94      [000] d....   461.477913: sched_stat_runtime: comm=irq/51-mmc0 pid=94 runtime=86796 [ns] vruntime=0 [ns]
     irq/51-mmc0-94      [000] d....   461.477917: sched_switch: prev_comm=irq/51-mmc0 prev_pid=94 prev_prio=49 prev_state=S ==> next_comm=kworker/0:4 next_pid=452 next_prio=120
     kworker/0:4-452     [000] d....   461.478161: sched_stat_runtime: comm=kworker/0:4 pid=452 runtime=248371 [ns] vruntime=13341101138 [ns]
     kworker/0:4-452     [000] d....   461.478168: sched_switch: prev_comm=kworker/0:4 prev_pid=452 prev_prio=120 prev_state=D ==> next_comm=swapper/0 next_pid=0 next_prio=120
          <idle>-0       [000] d.h..   461.478734: irq_handler_entry: irq=51 name=mmc1
          <idle>-0       [000] d.h..   461.478735: irq_handler_exit: irq=51 ret=unhandled
          <idle>-0       [000] d.h..   461.478736: irq_handler_entry: irq=51 name=mmc0
          <idle>-0       [000] d.h..   461.478759: irq_handler_exit: irq=51 ret=handled
          <idle>-0       [000] dnh..   461.478763: sched_wakeup: comm=irq/51-mmc0 pid=94 prio=49 target_cpu=000
          <idle>-0       [000] d....   461.478771: sched_switch: prev_comm=swapper/0 prev_pid=0 prev_prio=120 prev_state=R ==> next_comm=irq/51-mmc0 next_pid=94 next_prio=49
     irq/51-mmc0-94      [000] d....   461.478843: sched_wakeup: comm=kworker/0:4 pid=452 prio=120 target_cpu=000
     irq/51-mmc0-94      [000] d....   461.478849: sched_stat_runtime: comm=irq/51-mmc0 pid=94 runtime=88000 [ns] vruntime=0 [ns]
     irq/51-mmc0-94      [000] d....   461.478854: sched_switch: prev_comm=irq/51-mmc0 prev_pid=94 prev_prio=49 prev_state=S ==> next_comm=kworker/0:4 next_pid=452 next_prio=120
     kworker/0:4-452     [000] d.h..   461.478945: irq_handler_entry: irq=26 name=arch_timer
     kworker/0:4-452     [000] d.h..   461.478949: sched_wakeup: comm=kworker/0:4 pid=452 prio=120 target_cpu=000
     kworker/0:4-452     [000] d.h..   461.478952: irq_handler_exit: irq=26 ret=handled
     kworker/0:4-452     [000] d....   461.478956: sched_stat_runtime: comm=kworker/0:4 pid=452 runtime=106556 [ns] vruntime=13341207694 [ns]
     kworker/0:4-452     [000] d....   461.478964: sched_stat_runtime: comm=kworker/0:4 pid=452 runtime=7889 [ns] vruntime=13341215583 [ns]
     kworker/0:4-452     [000] d....   461.478972: sched_switch: prev_comm=kworker/0:4 prev_pid=452 prev_prio=120 prev_state=D ==> next_comm=swapper/0 next_pid=0 next_prio=120
          <idle>-0       [000] d.h..   461.479274: irq_handler_entry: irq=29 name=fe00b880.mailbox
          <idle>-0       [000] dnh..   461.479279: sched_wakeup: comm=kworker/0:4 pid=452 prio=120 target_cpu=000
          <idle>-0       [000] dnh..   461.479281: irq_handler_exit: irq=29 ret=handled
          <idle>-0       [000] d....   461.479289: sched_switch: prev_comm=swapper/0 prev_pid=0 prev_prio=120 prev_state=R ==> next_comm=kworker/0:4 next_pid=452 next_prio=120
     kworker/0:4-452     [000] d....   461.479377: sched_stat_runtime: comm=kworker/0:4 pid=452 runtime=100315 [ns] vruntime=13341315898 [ns]
     kworker/0:4-452     [000] d....   461.479380: sched_switch: prev_comm=kworker/0:4 prev_pid=452 prev_prio=120 prev_state=D ==> next_comm=swapper/0 next_pid=0 next_prio=120
          <idle>-0       [000] d.h..   461.480625: irq_handler_entry: irq=26 name=arch_timer
          <idle>-0       [000] dnh..   461.480630: sched_wakeup: comm=kworker/0:4 pid=452 prio=120 target_cpu=000
          <idle>-0       [000] dnh..   461.480632: irq_handler_exit: irq=26 ret=handled
          <idle>-0       [000] d....   461.480639: sched_switch: prev_comm=swapper/0 prev_pid=0 prev_prio=120 prev_state=R ==> next_comm=kworker/0:4 next_pid=452 next_prio=120
     kworker/0:4-452     [000] d....   461.480650: sched_stat_runtime: comm=kworker/0:4 pid=452 runtime=22593 [ns] vruntime=13341338491 [ns]
     kworker/0:4-452     [000] d....   461.480653: sched_switch: prev_comm=kworker/0:4 prev_pid=452 prev_prio=120 prev_state=I ==> next_comm=swapper/0 next_pid=0 next_prio=120
          <idle>-0       [003] d.h..   461.505920: irq_handler_entry: irq=26 name=arch_timer
          <idle>-0       [003] d.h..   461.505926: irq_handler_exit: irq=26 ret=handled
          <idle>-0       [003] dns..   461.505936: sched_wakeup: comm=kworker/3:0 pid=30 prio=120 target_cpu=003
          <idle>-0       [003] d....   461.505950: sched_switch: prev_comm=swapper/3 prev_pid=0 prev_prio=120 prev_state=R ==> next_comm=kworker/3:0 next_pid=30 next_prio=120
     kworker/3:0-30      [003] d.h..   461.505968: irq_handler_entry: irq=26 name=arch_timer
     kworker/3:0-30      [003] d.h..   461.505973: sched_wakeup: comm=kworker/3:0 pid=30 prio=120 target_cpu=003
     kworker/3:0-30      [003] d.h..   461.505975: irq_handler_exit: irq=26 ret=handled
     kworker/3:0-30      [003] d....   461.505980: sched_stat_runtime: comm=kworker/3:0 pid=30 runtime=40111 [ns] vruntime=12224042296 [ns]
          <idle>-0       [000] d.h..   461.505987: irq_handler_entry: irq=29 name=fe00b880.mailbox
     kworker/3:0-30      [003] d....   461.505988: sched_stat_runtime: comm=kworker/3:0 pid=30 runtime=8704 [ns] vruntime=12224051000 [ns]
          <idle>-0       [000] d.h..   461.505991: irq_handler_exit: irq=29 ret=handled
     kworker/3:0-30      [003] d....   461.505992: sched_switch: prev_comm=kworker/3:0 prev_pid=30 prev_prio=120 prev_state=D ==> next_comm=swapper/3 next_pid=0 next_prio=120
          <idle>-0       [003] d.h..   461.505996: irq_handler_entry: irq=19 name=IPI
          <idle>-0       [003] dnh..   461.506000: sched_wakeup: comm=kworker/3:0 pid=30 prio=120 target_cpu=003
          <idle>-0       [003] dnh..   461.506001: irq_handler_exit: irq=19 ret=handled
          <idle>-0       [003] d....   461.506004: sched_switch: prev_comm=swapper/3 prev_pid=0 prev_prio=120 prev_state=R ==> next_comm=kworker/3:0 next_pid=30 next_prio=120
     kworker/3:0-30      [003] d....   461.506016: sched_stat_runtime: comm=kworker/3:0 pid=30 runtime=18314 [ns] vruntime=12224069314 [ns]
     kworker/3:0-30      [003] d....   461.506019: sched_switch: prev_comm=kworker/3:0 prev_pid=30 prev_prio=120 prev_state=I ==> next_comm=swapper/3 next_pid=0 next_prio=120
          <idle>-0       [003] d.h..   461.571168: irq_handler_entry: irq=26 name=arch_timer
          <idle>-0       [003] dnh..   461.571178: sched_wakeup: comm=thd pid=393 prio=120 target_cpu=003
          <idle>-0       [003] dnh..   461.571181: irq_handler_exit: irq=26 ret=handled
          <idle>-0       [003] dnh..   461.571182: irq_handler_entry: irq=21 name=IPI
          <idle>-0       [003] dnh..   461.571187: sched_wakeup: comm=kworker/3:0 pid=30 prio=120 target_cpu=003
          <idle>-0       [003] dnh..   461.571189: irq_handler_exit: irq=21 ret=handled
          <idle>-0       [003] d....   461.571198: sched_switch: prev_comm=swapper/3 prev_pid=0 prev_prio=120 prev_state=R ==> next_comm=thd next_pid=393 next_prio=120
             thd-393     [003] d....   461.571229: sched_stat_runtime: comm=thd pid=393 runtime=42500 [ns] vruntime=4955910 [ns]
             thd-393     [003] d....   461.571236: sched_switch: prev_comm=thd prev_pid=393 prev_prio=120 prev_state=S ==> next_comm=kworker/3:0 next_pid=30 next_prio=120
     kworker/3:0-30      [003] d.h..   461.571263: irq_handler_entry: irq=26 name=arch_timer
     kworker/3:0-30      [003] d.h..   461.571268: sched_wakeup: comm=kworker/3:0 pid=30 prio=120 target_cpu=003
     kworker/3:0-30      [003] d.h..   461.571270: irq_handler_exit: irq=26 ret=handled
     kworker/3:0-30      [003] d....   461.571275: sched_stat_runtime: comm=kworker/3:0 pid=30 runtime=46352 [ns] vruntime=12224115666 [ns]
     kworker/3:0-30      [003] d....   461.571283: sched_stat_runtime: comm=kworker/3:0 pid=30 runtime=8259 [ns] vruntime=12224123925 [ns]
     kworker/3:0-30      [003] d....   461.571292: sched_switch: prev_comm=kworker/3:0 prev_pid=30 prev_prio=120 prev_state=D ==> next_comm=swapper/3 next_pid=0 next_prio=120
          <idle>-0       [000] d.h..   461.574427: irq_handler_entry: irq=29 name=fe00b880.mailbox
          <idle>-0       [000] d.h..   461.574431: irq_handler_exit: irq=29 ret=handled
          <idle>-0       [003] d.h..   461.574433: irq_handler_entry: irq=19 name=IPI
          <idle>-0       [003] dnh..   461.574438: sched_wakeup: comm=kworker/3:0 pid=30 prio=120 target_cpu=003
          <idle>-0       [003] dnh..   461.574440: irq_handler_exit: irq=19 ret=handled
          <idle>-0       [003] d....   461.574449: sched_switch: prev_comm=swapper/3 prev_pid=0 prev_prio=120 prev_state=R ==> next_comm=kworker/3:0 next_pid=30 next_prio=120
     kworker/3:0-30      [003] d.h..   461.574470: irq_handler_entry: irq=26 name=arch_timer
     kworker/3:0-30      [003] d.h..   461.574475: sched_wakeup: comm=kworker/3:0 pid=30 prio=120 target_cpu=003
     kworker/3:0-30      [003] d.h..   461.574477: irq_handler_exit: irq=26 ret=handled
     kworker/3:0-30      [003] d....   461.574482: sched_stat_runtime: comm=kworker/3:0 pid=30 runtime=46407 [ns] vruntime=12224170332 [ns]
     kworker/3:0-30      [003] d....   461.574491: sched_stat_runtime: comm=kworker/3:0 pid=30 runtime=9074 [ns] vruntime=12224179406 [ns]
          <idle>-0       [000] d.h..   461.574491: irq_handler_entry: irq=29 name=fe00b880.mailbox
          <idle>-0       [000] d.h..   461.574495: irq_handler_exit: irq=29 ret=handled
     kworker/3:0-30      [003] d....   461.574495: sched_switch: prev_comm=kworker/3:0 prev_pid=30 prev_prio=120 prev_state=D ==> next_comm=swapper/3 next_pid=0 next_prio=120
          <idle>-0       [003] d.h..   461.574499: irq_handler_entry: irq=19 name=IPI
          <idle>-0       [003] dnh..   461.574503: sched_wakeup: comm=kworker/3:0 pid=30 prio=120 target_cpu=003
          <idle>-0       [003] dnh..   461.574504: irq_handler_exit: irq=19 ret=handled
          <idle>-0       [003] d....   461.574508: sched_switch: prev_comm=swapper/3 prev_pid=0 prev_prio=120 prev_state=R ==> next_comm=kworker/3:0 next_pid=30 next_prio=120
     kworker/3:0-30      [003] d....   461.574525: sched_stat_runtime: comm=kworker/3:0 pid=30 runtime=24056 [ns] vruntime=12224203462 [ns]
     kworker/3:0-30      [003] d....   461.574528: sched_switch: prev_comm=kworker/3:0 prev_pid=30 prev_prio=120 prev_state=I ==> next_comm=swapper/3 next_pid=0 next_prio=120
          <idle>-0       [000] d.h..   461.691611: irq_handler_entry: irq=51 name=mmc1
          <idle>-0       [000] dnh..   461.691623: sched_wakeup: comm=kworker/0:4 pid=452 prio=120 target_cpu=000
          <idle>-0       [000] dnh..   461.691625: irq_handler_exit: irq=51 ret=handled
          <idle>-0       [000] dnh..   461.691627: irq_handler_entry: irq=51 name=mmc0
          <idle>-0       [000] dnh..   461.691629: irq_handler_exit: irq=51 ret=unhandled
          <idle>-0       [000] dnh..   461.691631: irq_handler_entry: irq=21 name=IPI
          <idle>-0       [000] dnh..   461.691634: irq_handler_exit: irq=21 ret=handled
          <idle>-0       [000] d....   461.691643: sched_switch: prev_comm=swapper/0 prev_pid=0 prev_prio=120 prev_state=R ==> next_comm=kworker/0:4 next_pid=452 next_prio=120
     kworker/0:4-452     [000] d.h..   461.691664: irq_handler_entry: irq=51 name=mmc1
     kworker/0:4-452     [000] d.h..   461.691668: irq_handler_exit: irq=51 ret=handled
     kworker/0:4-452     [000] d.h..   461.691669: irq_handler_entry: irq=51 name=mmc0
     kworker/0:4-452     [000] d.h..   461.691671: irq_handler_exit: irq=51 ret=unhandled
     kworker/0:4-452     [000] d.s..   461.691679: sched_wakeup: comm=kworker/0:4 pid=452 prio=120 target_cpu=000
     kworker/0:4-452     [000] d....   461.691684: sched_stat_runtime: comm=kworker/0:4 pid=452 runtime=64445 [ns] vruntime=13341402936 [ns]
     kworker/0:4-452     [000] d.h..   461.691707: irq_handler_entry: irq=51 name=mmc1
     kworker/0:4-452     [000] d.h..   461.691715: irq_handler_exit: irq=51 ret=handled
     kworker/0:4-452     [000] d.h..   461.691716: irq_handler_entry: irq=51 name=mmc0
     kworker/0:4-452     [000] d.h..   461.691718: irq_handler_exit: irq=51 ret=unhandled
     kworker/0:4-452     [000] d.s..   461.691724: sched_wakeup: comm=kworker/0:4 pid=452 prio=120 target_cpu=000
     kworker/0:4-452     [000] d....   461.691729: sched_stat_runtime: comm=kworker/0:4 pid=452 runtime=45259 [ns] vruntime=13341448195 [ns]
     kworker/0:4-452     [000] d.h..   461.691748: irq_handler_entry: irq=51 name=mmc1
     kworker/0:4-452     [000] d.h..   461.691753: irq_handler_exit: irq=51 ret=handled
     kworker/0:4-452     [000] d.h..   461.691754: irq_handler_entry: irq=51 name=mmc0
     kworker/0:4-452     [000] d.h..   461.691756: irq_handler_exit: irq=51 ret=unhandled
     kworker/0:4-452     [000] d.h..   461.691758: irq_handler_entry: irq=51 name=mmc1
     kworker/0:4-452     [000] d.h..   461.691762: irq_handler_exit: irq=51 ret=handled
     kworker/0:4-452     [000] d.h..   461.691763: irq_handler_entry: irq=51 name=mmc0
     kworker/0:4-452     [000] d.h..   461.691764: irq_handler_exit: irq=51 ret=unhandled
     kworker/0:4-452     [000] d.s..   461.691771: sched_wakeup: comm=kworker/0:4 pid=452 prio=120 target_cpu=000
     kworker/0:4-452     [000] d....   461.691775: sched_stat_runtime: comm=kworker/0:4 pid=452 runtime=46370 [ns] vruntime=13341494565 [ns]
     kworker/0:4-452     [000] d....   461.691783: sched_stat_runtime: comm=kworker/0:4 pid=452 runtime=8297 [ns] vruntime=13341502862 [ns]
     kworker/0:4-452     [000] dn...   461.691789: sched_wakeup: comm=kworker/u9:1 pid=293 prio=100 target_cpu=000
     kworker/0:4-452     [000] d....   461.691801: sched_switch: prev_comm=kworker/0:4 prev_pid=452 prev_prio=120 prev_state=R+ ==> next_comm=kworker/u9:1 next_pid=293 next_prio=100
    kworker/u9:1-293     [000] d.h..   461.691821: irq_handler_entry: irq=51 name=mmc1
    kworker/u9:1-293     [000] d.h..   461.691826: irq_handler_exit: irq=51 ret=handled
    kworker/u9:1-293     [000] d.h..   461.691827: irq_handler_entry: irq=51 name=mmc0
    kworker/u9:1-293     [000] d.h..   461.691829: irq_handler_exit: irq=51 ret=unhandled
    kworker/u9:1-293     [000] d.s..   461.691836: sched_wakeup: comm=kworker/u9:1 pid=293 prio=100 target_cpu=000
    kworker/u9:1-293     [000] d....   461.691840: sched_stat_runtime: comm=kworker/u9:1 pid=293 runtime=56463 [ns] vruntime=13335487585 [ns]
    kworker/u9:1-293     [000] d.h..   461.691852: irq_handler_entry: irq=51 name=mmc1
    kworker/u9:1-293     [000] d.h..   461.691856: irq_handler_exit: irq=51 ret=handled
    kworker/u9:1-293     [000] d.h..   461.691857: irq_handler_entry: irq=51 name=mmc0
    kworker/u9:1-293     [000] d.h..   461.691859: irq_handler_exit: irq=51 ret=unhandled
    kworker/u9:1-293     [000] d.s..   461.691866: sched_wakeup: comm=kworker/u9:1 pid=293 prio=100 target_cpu=000
    kworker/u9:1-293     [000] d....   461.691870: sched_stat_runtime: comm=kworker/u9:1 pid=293 runtime=30314 [ns] vruntime=13335487934 [ns]
    kworker/u9:1-293     [000] d.h..   461.691905: irq_handler_entry: irq=51 name=mmc1
    kworker/u9:1-293     [000] d.h..   461.691916: irq_handler_exit: irq=51 ret=handled
    kworker/u9:1-293     [000] d.h..   461.691917: irq_handler_entry: irq=51 name=mmc0
    kworker/u9:1-293     [000] d.h..   461.691919: irq_handler_exit: irq=51 ret=unhandled
    kworker/u9:1-293     [000] d.s..   461.691926: sched_wakeup: comm=kworker/u9:1 pid=293 prio=100 target_cpu=000
    kworker/u9:1-293     [000] d....   461.691930: sched_stat_runtime: comm=kworker/u9:1 pid=293 runtime=60037 [ns] vruntime=13335488626 [ns]
    kworker/u9:1-293     [000] d.h..   461.691956: irq_handler_entry: irq=51 name=mmc1
    kworker/u9:1-293     [000] d.h..   461.691965: irq_handler_exit: irq=51 ret=handled
    kworker/u9:1-293     [000] d.h..   461.691967: irq_handler_entry: irq=51 name=mmc0
    kworker/u9:1-293     [000] d.h..   461.691968: irq_handler_exit: irq=51 ret=unhandled
    kworker/u9:1-293     [000] d.s..   461.691977: sched_wakeup: comm=kworker/u9:1 pid=293 prio=100 target_cpu=000
    kworker/u9:1-293     [000] d....   461.691981: sched_stat_runtime: comm=kworker/u9:1 pid=293 runtime=51038 [ns] vruntime=13335489214 [ns]
          <idle>-0       [002] d.h..   461.692035: irq_handler_entry: irq=19 name=IPI
          <idle>-0       [002] dnh..   461.692043: sched_wakeup: comm=sshd pid=729 prio=120 target_cpu=002
          <idle>-0       [002] dnh..   461.692045: irq_handler_exit: irq=19 ret=handled
          <idle>-0       [002] d....   461.692054: sched_switch: prev_comm=swapper/2 prev_pid=0 prev_prio=120 prev_state=R ==> next_comm=sshd next_pid=729 next_prio=120
    kworker/u9:1-293     [000] d.h..   461.692066: irq_handler_entry: irq=51 name=mmc1
    kworker/u9:1-293     [000] d.h..   461.692077: irq_handler_exit: irq=51 ret=handled
    kworker/u9:1-293     [000] d.h..   461.692079: irq_handler_entry: irq=51 name=mmc0
    kworker/u9:1-293     [000] d.h..   461.692080: irq_handler_exit: irq=51 ret=unhandled
    kworker/u9:1-293     [000] d.s..   461.692088: sched_wakeup: comm=kworker/u9:1 pid=293 prio=100 target_cpu=000
    kworker/u9:1-293     [000] d....   461.692092: sched_stat_runtime: comm=kworker/u9:1 pid=293 runtime=110722 [ns] vruntime=13335490491 [ns]
    kworker/u9:1-293     [000] d....   461.692107: sched_stat_runtime: comm=kworker/u9:1 pid=293 runtime=15074 [ns] vruntime=13335490664 [ns]
    kworker/u9:1-293     [000] d....   461.692113: sched_switch: prev_comm=kworker/u9:1 prev_pid=293 prev_prio=100 prev_state=I ==> next_comm=kworker/0:4 next_pid=452 next_prio=120
     kworker/0:4-452     [000] d....   461.692125: sched_stat_runtime: comm=kworker/0:4 pid=452 runtime=17944 [ns] vruntime=13341520806 [ns]
     kworker/0:4-452     [000] d....   461.692137: sched_switch: prev_comm=kworker/0:4 prev_pid=452 prev_prio=120 prev_state=I ==> next_comm=swapper/0 next_pid=0 next_prio=120
            sshd-729     [002] dn...   461.692199: sched_wakeup: comm=kworker/u8:2 pid=47 prio=120 target_cpu=002
            sshd-729     [002] dn...   461.692209: sched_stat_runtime: comm=sshd pid=729 runtime=155444 [ns] vruntime=167995026 [ns]
            sshd-729     [002] d....   461.692214: sched_switch: prev_comm=sshd prev_pid=729 prev_prio=120 prev_state=R ==> next_comm=kworker/u8:2 next_pid=47 next_prio=120
    kworker/u8:2-47      [002] d....   461.692229: sched_stat_runtime: comm=kworker/u8:2 pid=47 runtime=33630 [ns] vruntime=9804687688 [ns]
    kworker/u8:2-47      [002] d....   461.692234: sched_wakeup: comm=bash pid=755 prio=120 target_cpu=002
