     kworker/0:4-452     [000] d....   461.346512: sched_stat_runtime: comm=kworker/0:4 pid=452 runtime=134815 [ns] vruntime=13336161657 [ns]
     kworker/0:4-452     [000] d....   461.346516: sched_switch: prev_comm=kworker/0:4 prev_pid=452 prev_prio=120 prev_state=D ==> next_comm=swapper/0 next_pid=0 next_prio=120
          <idle>-0       [000] d.h..   461.352009: irq_handler_entry: irq=26 name=arch_timer
          <idle>-0       [000] dnh..   461.352016: sched_wakeup: comm=kworker/0:4 pid=452 prio=120 target_cpu=000
          <idle>-0       [000] dnh..   461.352019: irq_handler_exit: irq=26 ret=handled
          <idle>-0       [000] d....   461.352024: sched_switch: prev_comm=swapper/0 prev_pid=0 prev_prio=120 prev_state=R ==> next_comm=kworker/0:4 next_pid=452 next_prio=120
     kworker/0:4-452     [000] d....   461.352032: sched_stat_runtime: comm=kworker/0:4 pid=452 runtime=18963 [ns] vruntime=13336180620 [ns]
     kworker/0:4-452     [000] d....   461.352035: sched_switch: prev_comm=kworker/0:4 prev_pid=452 prev_prio=120 prev_state=D ==> next_comm=swapper/0 next_pid=0 next_prio=120
          <idle>-0       [000] d.h..   461.355918: irq_handler_entry: irq=26 name=arch_timer
          <idle>-0       [000] d.h..   461.355928: irq_handler_exit: irq=26 ret=handled
          <idle>-0       [000] d.h..   461.364530: irq_handler_entry: irq=26 name=arch_timer
          <idle>-0       [000] dnh..   461.364537: sched_wakeup: comm=kworker/0:4 pid=452 prio=120 target_cpu=000
          <idle>-0       [000] dnh..   461.364540: irq_handler_exit: irq=26 ret=handled
          <idle>-0       [000] d....   461.364549: sched_switch: prev_comm=swapper/0 prev_pid=0 prev_prio=120 prev_state=R ==> next_comm=kworker/0:4 next_pid=452 next_prio=120
     kworker/0:4-452     [000] d....   461.364616: sched_stat_runtime: comm=kworker/0:4 pid=452 runtime=81389 [ns] vruntime=13336262009 [ns]
     kworker/0:4-452     [000] d....   461.364619: sched_switch: prev_comm=kworker/0:4 prev_pid=452 prev_prio=120 prev_state=D ==> next_comm=swapper/0 next_pid=0 next_prio=120
          <idle>-0       [000] d.h..   461.377117: irq_handler_entry: irq=26 name=arch_timer
          <idle>-0       [000] dnh..   461.377123: sched_wakeup: comm=kworker/0:4 pid=452 prio=120 target_cpu=000
          <idle>-0       [000] dnh..   461.377126: irq_handler_exit: irq=26 ret=handled
          <idle>-0       [000] d....   461.377135: sched_switch: prev_comm=swapper/0 prev_pid=0 prev_prio=120 prev_state=R ==> next_comm=kworker/0:4 next_pid=452 next_prio=120
     kworker/0:4-452     [000] d....   461.377185: sched_stat_runtime: comm=kworker/0:4 pid=452 runtime=64963 [ns] vruntime=13336326972 [ns]
     kworker/0:4-452     [000] d....   461.377189: sched_switch: prev_comm=kworker/0:4 prev_pid=452 prev_prio=120 prev_state=D ==> next_comm=swapper/0 next_pid=0 next_prio=120
          <idle>-0       [000] d.h..   461.377469: irq_handler_entry: irq=51 name=mmc1
          <idle>-0       [000] d.h..   461.377471: irq_handler_exit: irq=51 ret=unhandled
          <idle>-0       [000] d.h..   461.377472: irq_handler_entry: irq=51 name=mmc0
          <idle>-0       [000] d.h..   461.377487: irq_handler_exit: irq=51 ret=handled
          <idle>-0       [000] dnh..   461.377507: sched_wakeup: comm=irq/51-mmc0 pid=94 prio=49 target_cpu=000
          <idle>-0       [000] dnh..   461.377511: irq_handler_entry: irq=21 name=IPI
          <idle>-0       [001] d.h..   461.377527: irq_handler_entry: irq=19 name=IPI
          <idle>-0       [000] dnh..   461.377531: sched_wakeup: comm=systemd-journal pid=136 prio=120 target_cpu=000
          <idle>-0       [000] dnh..   461.377534: irq_handler_exit: irq=21 ret=handled
          <idle>-0       [001] dnh..   461.377537: sched_wakeup: comm=in:imklog pid=467 prio=120 target_cpu=001
          <idle>-0       [001] dnh..   461.377539: irq_handler_exit: irq=19 ret=handled
          <idle>-0       [000] d....   461.377548: sched_switch: prev_comm=swapper/0 prev_pid=0 prev_prio=120 prev_state=R ==> next_comm=irq/51-mmc0 next_pid=94 next_prio=49
          <idle>-0       [001] d....   461.377550: sched_switch: prev_comm=swapper/1 prev_pid=0 prev_prio=120 prev_state=R ==> next_comm=in:imklog next_pid=467 next_prio=120
     irq/51-mmc0-94      [000] d....   461.377618: sched_wakeup: comm=kworker/0:4 pid=452 prio=120 target_cpu=000
     irq/51-mmc0-94      [000] d....   461.377626: sched_stat_runtime: comm=irq/51-mmc0 pid=94 runtime=98982 [ns] vruntime=0 [ns]
     irq/51-mmc0-94      [000] d....   461.377634: sched_switch: prev_comm=irq/51-mmc0 prev_pid=94 prev_prio=49 prev_state=S ==> next_comm=kworker/0:4 next_pid=452 next_prio=120
       in:imklog-467     [001] d....   461.377647: sched_stat_runtime: comm=in:imklog pid=467 runtime=115463 [ns] vruntime=16803761 [ns]
       in:imklog-467     [001] d....   461.377654: sched_wakeup: comm=rs:main Q:Reg pid=469 prio=120 target_cpu=001
       in:imklog-467     [001] d....   461.377669: sched_stat_runtime: comm=in:imklog pid=467 runtime=22815 [ns] vruntime=16826576 [ns]
       in:imklog-467     [001] d....   461.377676: sched_switch: prev_comm=in:imklog prev_pid=467 prev_prio=120 prev_state=S ==> next_comm=rs:main Q:Reg next_pid=469 next_prio=120
     kworker/0:4-452     [000] d....   461.377680: sched_stat_runtime: comm=kworker/0:4 pid=452 runtime=54703 [ns] vruntime=13336381675 [ns]
     kworker/0:4-452     [000] d....   461.377685: sched_switch: prev_comm=kworker/0:4 prev_pid=452 prev_prio=120 prev_state=D ==> next_comm=systemd-journal next_pid=136 next_prio=120
   rs:main Q:Reg-469     [001] d....   461.377847: sched_stat_runtime: comm=rs:main Q:Reg pid=469 runtime=176500 [ns] vruntime=25864798 [ns]
   rs:main Q:Reg-469     [001] d....   461.377863: sched_switch: prev_comm=rs:main Q:Reg prev_pid=469 prev_prio=120 prev_state=S ==> next_comm=swapper/1 next_pid=0 next_prio=120
 systemd-journal-136     [000] d.h..   461.377965: irq_handler_entry: irq=51 name=mmc1
 systemd-journal-136     [000] d.h..   461.377968: irq_handler_exit: irq=51 ret=unhandled
 systemd-journal-136     [000] d.h..   461.377969: irq_handler_entry: irq=51 name=mmc0
 systemd-journal-136     [000] d.h..   461.377984: irq_handler_exit: irq=51 ret=handled
 systemd-journal-136     [000] dnh..   461.377992: sched_wakeup: comm=irq/51-mmc0 pid=94 prio=49 target_cpu=000
 systemd-journal-136     [000] dn...   461.377998: sched_stat_runtime: comm=systemd-journal pid=136 runtime=307963 [ns] vruntime=355998310 [ns]
 systemd-journal-136     [000] d....   461.378004: sched_switch: prev_comm=systemd-journal prev_pid=136 prev_prio=120 prev_state=R ==> next_comm=irq/51-mmc0 next_pid=94 next_prio=49
     irq/51-mmc0-94      [000] d....   461.378072: sched_wakeup: comm=kworker/0:4 pid=452 prio=120 target_cpu=000
     irq/51-mmc0-94      [000] d....   461.378079: sched_stat_runtime: comm=irq/51-mmc0 pid=94 runtime=91278 [ns] vruntime=0 [ns]
     irq/51-mmc0-94      [000] d....   461.378086: sched_switch: prev_comm=irq/51-mmc0 prev_pid=94 prev_prio=49 prev_state=S ==> next_comm=kworker/0:4 next_pid=452 next_prio=120
     kworker/0:4-452     [000] d....   461.378200: sched_stat_runtime: comm=kworker/0:4 pid=452 runtime=120778 [ns] vruntime=13336502453 [ns]
     kworker/0:4-452     [000] d....   461.378205: sched_switch: prev_comm=kworker/0:4 prev_pid=452 prev_prio=120 prev_state=D ==> next_comm=systemd-journal next_pid=136 next_prio=120
 systemd-journal-136     [000] d....   461.378305: sched_stat_runtime: comm=systemd-journal pid=136 runtime=104333 [ns] vruntime=356102643 [ns]
 systemd-journal-136     [000] d....   461.378318: sched_switch: prev_comm=systemd-journal prev_pid=136 prev_prio=120 prev_state=S ==> next_comm=swapper/0 next_pid=0 next_prio=120
          <idle>-0       [000] d.h..   461.379448: irq_handler_entry: irq=26 name=arch_timer
          <idle>-0       [000] dnh..   461.379456: sched_wakeup: comm=kworker/0:4 pid=452 prio=120 target_cpu=000
          <idle>-0       [000] dnh..   461.379460: irq_handler_exit: irq=26 ret=handled
          <idle>-0       [000] d....   461.379466: sched_switch: prev_comm=swapper/0 prev_pid=0 prev_prio=120 prev_state=R ==> next_comm=kworker/0:4 next_pid=452 next_prio=120
     kworker/0:4-452     [000] d....   461.379513: sched_stat_runtime: comm=kworker/0:4 pid=452 runtime=60186 [ns] vruntime=13336562639 [ns]
     kworker/0:4-452     [000] d....   461.379517: sched_switch: prev_comm=kworker/0:4 prev_pid=452 prev_prio=120 prev_state=D ==> next_comm=swapper/0 next_pid=0 next_prio=120
          <idle>-0       [000] d.h..   461.379635: irq_handler_entry: irq=51 name=mmc1
          <idle>-0       [000] d.h..   461.379637: irq_handler_exit: irq=51 ret=unhandled
          <idle>-0       [000] d.h..   461.379638: irq_handler_entry: irq=51 name=mmc0
          <idle>-0       [000] dnh..   461.379668: sched_wakeup: comm=kworker/0:4 pid=452 prio=120 target_cpu=000
          <idle>-0       [000] dnh..   461.379671: irq_handler_exit: irq=51 ret=handled
          <idle>-0       [000] d....   461.379678: sched_switch: prev_comm=swapper/0 prev_pid=0 prev_prio=120 prev_state=R ==> next_comm=kworker/0:4 next_pid=452 next_prio=120
     kworker/0:4-452     [000] d....   461.379687: sched_stat_runtime: comm=kworker/0:4 pid=452 runtime=20852 [ns] vruntime=13336583491 [ns]
     kworker/0:4-452     [000] d....   461.379690: sched_switch: prev_comm=kworker/0:4 prev_pid=452 prev_prio=120 prev_state=D ==> next_comm=swapper/0 next_pid=0 next_prio=120
          <idle>-0       [000] d.h..   461.380934: irq_handler_entry: irq=26 name=arch_timer
          <idle>-0       [000] dnh..   461.380940: sched_wakeup: comm=kworker/0:4 pid=452 prio=120 target_cpu=000
          <idle>-0       [000] dnh..   461.380942: irq_handler_exit: irq=26 ret=handled
          <idle>-0       [000] d....   461.380948: sched_switch: prev_comm=swapper/0 prev_pid=0 prev_prio=120 prev_state=R ==> next_comm=kworker/0:4 next_pid=452 next_prio=120
     kworker/0:4-452     [000] d....   461.381057: sched_stat_runtime: comm=kworker/0:4 pid=452 runtime=119963 [ns] vruntime=13336703454 [ns]
     kworker/0:4-452     [000] d....   461.381060: sched_switch: prev_comm=kworker/0:4 prev_pid=452 prev_prio=120 prev_state=D ==> next_comm=swapper/0 next_pid=0 next_prio=120
          <idle>-0       [000] d.h..   461.382305: irq_handler_entry: irq=26 name=arch_timer
          <idle>-0       [000] dnh..   461.382310: sched_wakeup: comm=kworker/0:4 pid=452 prio=120 target_cpu=000
          <idle>-0       [000] dnh..   461.382313: irq_handler_exit: irq=26 ret=handled
          <idle>-0       [000] d....   461.382319: sched_switch: prev_comm=swapper/0 prev_pid=0 prev_prio=120 prev_state=R ==> next_comm=kworker/0:4 next_pid=452 next_prio=120
     kworker/0:4-452     [000] d....   461.382363: sched_stat_runtime: comm=kworker/0:4 pid=452 runtime=54981 [ns] vruntime=13336758435 [ns]
     kworker/0:4-452     [000] d....   461.382366: sched_switch: prev_comm=kworker/0:4 prev_pid=452 prev_prio=120 prev_state=D ==> next_comm=swapper/0 next_pid=0 next_prio=120
          <idle>-0       [000] d.h..   461.382646: irq_handler_entry: irq=51 name=mmc1
          <idle>-0       [000] d.h..   461.382648: irq_handler_exit: irq=51 ret=unhandled
          <idle>-0       [000] d.h..   461.382649: irq_handler_entry: irq=51 name=mmc0
          <idle>-0       [000] d.h..   461.382663: irq_handler_exit: irq=51 ret=handled
          <idle>-0       [000] dnh..   461.382668: sched_wakeup: comm=irq/51-mmc0 pid=94 prio=49 target_cpu=000
          <idle>-0       [000] d....   461.382676: sched_switch: prev_comm=swapper/0 prev_pid=0 prev_prio=120 prev_state=R ==> next_comm=irq/51-mmc0 next_pid=94 next_prio=49
     irq/51-mmc0-94      [000] d....   461.382741: sched_wakeup: comm=kworker/0:4 pid=452 prio=120 target_cpu=000
     irq/51-mmc0-94      [000] d....   461.382748: sched_stat_runtime: comm=irq/51-mmc0 pid=94 runtime=82833 [ns] vruntime=0 [ns]
     irq/51-mmc0-94      [000] d....   461.382754: sched_switch: prev_comm=irq/51-mmc0 prev_pid=94 prev_prio=49 prev_state=S ==> next_comm=kworker/0:4 next_pid=452 next_prio=120
     kworker/0:4-452     [000] d....   461.382798: sched_stat_runtime: comm=kworker/0:4 pid=452 runtime=50185 [ns] vruntime=13336808620 [ns]
     kworker/0:4-452     [000] d....   461.382808: sched_switch: prev_comm=kworker/0:4 prev_pid=452 prev_prio=120 prev_state=D ==> next_comm=swapper/0 next_pid=0 next_prio=120
          <idle>-0       [000] d.h..   461.383084: irq_handler_entry: irq=51 name=mmc1
          <idle>-0       [000] d.h..   461.383086: irq_handler_exit: irq=51 ret=unhandled
          <idle>-0       [000] d.h..   461.383087: irq_handler_entry: irq=51 name=mmc0
          <idle>-0       [000] d.h..   461.383100: irq_handler_exit: irq=51 ret=handled
          <idle>-0       [000] dnh..   461.383105: sched_wakeup: comm=irq/51-mmc0 pid=94 prio=49 target_cpu=000
          <idle>-0       [000] d....   461.383112: sched_switch: prev_comm=swapper/0 prev_pid=0 prev_prio=120 prev_state=R ==> next_comm=irq/51-mmc0 next_pid=94 next_prio=49
     irq/51-mmc0-94      [000] d....   461.383164: sched_wakeup: comm=kworker/0:4 pid=452 prio=120 target_cpu=000
     irq/51-mmc0-94      [000] d....   461.383171: sched_stat_runtime: comm=irq/51-mmc0 pid=94 runtime=68260 [ns] vruntime=0 [ns]
     irq/51-mmc0-94      [000] d....   461.383176: sched_switch: prev_comm=irq/51-mmc0 prev_pid=94 prev_prio=49 prev_state=S ==> next_comm=kworker/0:4 next_pid=452 next_prio=120
     kworker/0:4-452     [000] d....   461.383207: sched_stat_runtime: comm=kworker/0:4 pid=452 runtime=35629 [ns] vruntime=13336844249 [ns]
     kworker/0:4-452     [000] d....   461.383214: sched_switch: prev_comm=kworker/0:4 prev_pid=452 prev_prio=120 prev_state=D ==> next_comm=swapper/0 next_pid=0 next_prio=120
          <idle>-0       [000] d.h..   461.383491: irq_handler_entry: irq=51 name=mmc1
          <idle>-0       [000] d.h..   461.383493: irq_handler_exit: irq=51 ret=unhandled
          <idle>-0       [000] d.h..   461.383494: irq_handler_entry: irq=51 name=mmc0
          <idle>-0       [000] d.h..   461.383508: irq_handler_exit: irq=51 ret=handled
          <idle>-0       [000] dnh..   461.383512: sched_wakeup: comm=irq/51-mmc0 pid=94 prio=49 target_cpu=000
          <idle>-0       [000] d....   461.383519: sched_switch: prev_comm=swapper/0 prev_pid=0 prev_prio=120 prev_state=R ==> next_comm=irq/51-mmc0 next_pid=94 next_prio=49
     irq/51-mmc0-94      [000] d....   461.383570: sched_wakeup: comm=kworker/0:4 pid=452 prio=120 target_cpu=000
     irq/51-mmc0-94      [000] d....   461.383577: sched_stat_runtime: comm=irq/51-mmc0 pid=94 runtime=66945 [ns] vruntime=0 [ns]
     irq/51-mmc0-94      [000] d....   461.383581: sched_switch: prev_comm=irq/51-mmc0 prev_pid=94 prev_prio=49 prev_state=S ==> next_comm=kworker/0:4 next_pid=452 next_prio=120
     kworker/0:4-452     [000] d....   461.383612: sched_stat_runtime: comm=kworker/0:4 pid=452 runtime=35000 [ns] vruntime=13336879249 [ns]
     kworker/0:4-452     [000] d....   461.383619: sched_switch: prev_comm=kworker/0:4 prev_pid=452 prev_prio=120 prev_state=D ==> next_comm=swapper/0 next_pid=0 next_prio=120
          <idle>-0       [000] d.h..   461.383896: irq_handler_entry: irq=51 name=mmc1
          <idle>-0       [000] d.h..   461.383898: irq_handler_exit: irq=51 ret=unhandled
          <idle>-0       [000] d.h..   461.383899: irq_handler_entry: irq=51 name=mmc0
          <idle>-0       [000] d.h..   461.383913: irq_handler_exit: irq=51 ret=handled
          <idle>-0       [000] dnh..   461.383917: sched_wakeup: comm=irq/51-mmc0 pid=94 prio=49 target_cpu=000
          <idle>-0       [000] d....   461.383924: sched_switch: prev_comm=swapper/0 prev_pid=0 prev_prio=120 prev_state=R ==> next_comm=irq/51-mmc0 next_pid=94 next_prio=49
     irq/51-mmc0-94      [000] d....   461.383976: sched_wakeup: comm=kworker/0:4 pid=452 prio=120 target_cpu=000
     irq/51-mmc0-94      [000] d....   461.383982: sched_stat_runtime: comm=irq/51-mmc0 pid=94 runtime=67519 [ns] vruntime=0 [ns]
     irq/51-mmc0-94      [000] d....   461.383987: sched_switch: prev_comm=irq/51-mmc0 prev_pid=94 prev_prio=49 prev_state=S ==> next_comm=kworker/0:4 next_pid=452 next_prio=120
     kworker/0:4-452     [000] d....   461.384018: sched_stat_runtime: comm=kworker/0:4 pid=452 runtime=35444 [ns] vruntime=13336914693 [ns]
     kworker/0:4-452     [000] d....   461.384026: sched_switch: prev_comm=kworker/0:4 prev_pid=452 prev_prio=120 prev_state=D ==> next_comm=swapper/0 next_pid=0 next_prio=120
          <idle>-0       [000] d.h..   461.384301: irq_handler_entry: irq=51 name=mmc1
          <idle>-0       [000] d.h..   461.384303: irq_handler_exit: irq=51 ret=unhandled
          <idle>-0       [000] d.h..   461.384304: irq_handler_entry: irq=51 name=mmc0
          <idle>-0       [000] d.h..   461.384319: irq_handler_exit: irq=51 ret=handled
          <idle>-0       [000] dnh..   461.384324: sched_wakeup: comm=irq/51-mmc0 pid=94 prio=49 target_cpu=000
          <idle>-0       [000] d....   461.384330: sched_switch: prev_comm=swapper/0 prev_pid=0 prev_prio=120 prev_state=R ==> next_comm=irq/51-mmc0 next_pid=94 next_prio=49
     irq/51-mmc0-94      [000] d....   461.384394: sched_wakeup: comm=kworker/0:4 pid=452 prio=120 target_cpu=000
     irq/51-mmc0-94      [000] d....   461.384401: sched_stat_runtime: comm=irq/51-mmc0 pid=94 runtime=79500 [ns] vruntime=0 [ns]
     irq/51-mmc0-94      [000] d....   461.384406: sched_switch: prev_comm=irq/51-mmc0 prev_pid=94 prev_prio=49 prev_state=S ==> next_comm=kworker/0:4 next_pid=452 next_prio=120
     kworker/0:4-452     [000] d....   461.384452: sched_stat_runtime: comm=kworker/0:4 pid=452 runtime=49814 [ns] vruntime=13336964507 [ns]
     kworker/0:4-452     [000] d....   461.384459: sched_switch: prev_comm=kworker/0:4 prev_pid=452 prev_prio=120 prev_state=D ==> next_comm=swapper/0 next_pid=0 next_prio=120
          <idle>-0       [000] d.h..   461.384736: irq_handler_entry: irq=51 name=mmc1
          <idle>-0       [000] d.h..   461.384738: irq_handler_exit: irq=51 ret=unhandled
          <idle>-0       [000] d.h..   461.384739: irq_handler_entry: irq=51 name=mmc0
          <idle>-0       [000] d.h..   461.384753: irq_handler_exit: irq=51 ret=handled
          <idle>-0       [000] dnh..   461.384757: sched_wakeup: comm=irq/51-mmc0 pid=94 prio=49 target_cpu=000
          <idle>-0       [000] d....   461.384764: sched_switch: prev_comm=swapper/0 prev_pid=0 prev_prio=120 prev_state=R ==> next_comm=irq/51-mmc0 next_pid=94 next_prio=49
     irq/51-mmc0-94      [000] d....   461.384828: sched_wakeup: comm=kworker/0:4 pid=452 prio=120 target_cpu=000
     irq/51-mmc0-94      [000] d....   461.384835: sched_stat_runtime: comm=irq/51-mmc0 pid=94 runtime=79685 [ns] vruntime=0 [ns]
     irq/51-mmc0-94      [000] d....   461.384840: sched_switch: prev_comm=irq/51-mmc0 prev_pid=94 prev_prio=49 prev_state=S ==> next_comm=kworker/0:4 next_pid=452 next_prio=120
     kworker/0:4-452     [000] d....   461.384884: sched_stat_runtime: comm=kworker/0:4 pid=452 runtime=48926 [ns] vruntime=13337013433 [ns]
     kworker/0:4-452     [000] d....   461.384892: sched_switch: prev_comm=kworker/0:4 prev_pid=452 prev_prio=120 prev_state=D ==> next_comm=swapper/0 next_pid=0 next_prio=120
          <idle>-0       [000] d.h..   461.385169: irq_handler_entry: irq=51 name=mmc1
          <idle>-0       [000] d.h..   461.385171: irq_handler_exit: irq=51 ret=unhandled
          <idle>-0       [000] d.h..   461.385172: irq_handler_entry: irq=51 name=mmc0
          <idle>-0       [000] d.h..   461.385185: irq_handler_exit: irq=51 ret=handled
          <idle>-0       [000] dnh..   461.385189: sched_wakeup: comm=irq/51-mmc0 pid=94 prio=49 target_cpu=000
          <idle>-0       [000] d....   461.385196: sched_switch: prev_comm=swapper/0 prev_pid=0 prev_prio=120 prev_state=R ==> next_comm=irq/51-mmc0 next_pid=94 next_prio=49
     irq/51-mmc0-94      [000] d....   461.385260: sched_wakeup: comm=kworker/0:4 pid=452 prio=120 target_cpu=000
     irq/51-mmc0-94      [000] d....   461.385267: sched_stat_runtime: comm=irq/51-mmc0 pid=94 runtime=79092 [ns] vruntime=0 [ns]
     irq/51-mmc0-94      [000] d....   461.385271: sched_switch: prev_comm=irq/51-mmc0 prev_pid=94 prev_prio=49 prev_state=S ==> next_comm=kworker/0:4 next_pid=452 next_prio=120
     kworker/0:4-452     [000] d....   461.385315: sched_stat_runtime: comm=kworker/0:4 pid=452 runtime=47945 [ns] vruntime=13337061378 [ns]
     kworker/0:4-452     [000] d....   461.385322: sched_switch: prev_comm=kworker/0:4 prev_pid=452 prev_prio=120 prev_state=D ==> next_comm=swapper/0 next_pid=0 next_prio=120
          <idle>-0       [000] d.h..   461.385599: irq_handler_entry: irq=51 name=mmc1
          <idle>-0       [000] d.h..   461.385601: irq_handler_exit: irq=51 ret=unhandled
          <idle>-0       [000] d.h..   461.385602: irq_handler_entry: irq=51 name=mmc0
          <idle>-0       [000] d.h..   461.385615: irq_handler_exit: irq=51 ret=handled
          <idle>-0       [000] dnh..   461.385619: sched_wakeup: comm=irq/51-mmc0 pid=94 prio=49 target_cpu=000
          <idle>-0       [000] d....   461.385626: sched_switch: prev_comm=swapper/0 prev_pid=0 prev_prio=120 prev_state=R ==> next_comm=irq/51-mmc0 next_pid=94 next_prio=49
     irq/51-mmc0-94      [000] d....   461.385690: sched_wakeup: comm=kworker/0:4 pid=452 prio=120 target_cpu=000
     irq/51-mmc0-94      [000] d....   461.385696: sched_stat_runtime: comm=irq/51-mmc0 pid=94 runtime=79037 [ns] vruntime=0 [ns]
     irq/51-mmc0-94      [000] d....   461.385701: sched_switch: prev_comm=irq/51-mmc0 prev_pid=94 prev_prio=49 prev_state=S ==> next_comm=kworker/0:4 next_pid=452 next_prio=120
     kworker/0:4-452     [000] d....   461.385745: sched_stat_runtime: comm=kworker/0:4 pid=452 runtime=47870 [ns] vruntime=13337109248 [ns]
     kworker/0:4-452     [000] d....   461.385752: sched_switch: prev_comm=kworker/0:4 prev_pid=452 prev_prio=120 prev_state=D ==> next_comm=swapper/0 next_pid=0 next_prio=120
          <idle>-0       [000] d.h..   461.385918: irq_handler_entry: irq=26 name=arch_timer
          <idle>-0       [000] d.h..   461.385929: irq_handler_exit: irq=26 ret=handled
          <idle>-0       [003] d.h..   461.385946: irq_handler_entry: irq=19 name=IPI
          <idle>-0       [003] dnh..   461.385953: sched_wakeup: comm=rcu_sched pid=14 prio=120 target_cpu=003
          <idle>-0       [003] dnh..   461.385955: irq_handler_exit: irq=19 ret=handled
          <idle>-0       [003] d....   461.385965: sched_switch: prev_comm=swapper/3 prev_pid=0 prev_prio=120 prev_state=R ==> next_comm=rcu_sched next_pid=14 next_prio=120
       rcu_sched-14      [003] d....   461.385980: sched_stat_runtime: comm=rcu_sched pid=14 runtime=30334 [ns] vruntime=12224094761 [ns]
       rcu_sched-14      [003] d....   461.385984: sched_switch: prev_comm=rcu_sched prev_pid=14 prev_prio=120 prev_state=I ==> next_comm=swapper/3 next_pid=0 next_prio=120
          <idle>-0       [000] d.h..   461.386029: irq_handler_entry: irq=51 name=mmc1
          <idle>-0       [000] d.h..   461.386031: irq_handler_exit: irq=51 ret=unhandled
          <idle>-0       [000] d.h..   461.386032: irq_handler_entry: irq=51 name=mmc0
          <idle>-0       [000] d.h..   461.386046: irq_handler_exit: irq=51 ret=handled
          <idle>-0       [000] dnh..   461.386051: sched_wakeup: comm=irq/51-mmc0 pid=94 prio=49 target_cpu=000
          <idle>-0       [000] d....   461.386057: sched_switch: prev_comm=swapper/0 prev_pid=0 prev_prio=120 prev_state=R ==> next_comm=irq/51-mmc0 next_pid=94 next_prio=49
     irq/51-mmc0-94      [000] d....   461.386122: sched_wakeup: comm=kworker/0:4 pid=452 prio=120 target_cpu=000
     irq/51-mmc0-94      [000] d....   461.386129: sched_stat_runtime: comm=irq/51-mmc0 pid=94 runtime=80907 [ns] vruntime=0 [ns]
     irq/51-mmc0-94      [000] d....   461.386134: sched_switch: prev_comm=irq/51-mmc0 prev_pid=94 prev_prio=49 prev_state=S ==> next_comm=kworker/0:4 next_pid=452 next_prio=120
     kworker/0:4-452     [000] d....   461.386283: sched_stat_runtime: comm=kworker/0:4 pid=452 runtime=153537 [ns] vruntime=13337262785 [ns]
     kworker/0:4-452     [000] d....   461.386291: sched_switch: prev_comm=kworker/0:4 prev_pid=452 prev_prio=120 prev_state=D ==> next_comm=swapper/0 next_pid=0 next_prio=120
          <idle>-0       [000] d.h..   461.386568: irq_handler_entry: irq=51 name=mmc1
          <idle>-0       [000] d.h..   461.386570: irq_handler_exit: irq=51 ret=unhandled
          <idle>-0       [000] d.h..   461.386571: irq_handler_entry: irq=51 name=mmc0
          <idle>-0       [000] d.h..   461.386584: irq_handler_exit: irq=51 ret=handled
          <idle>-0       [000] dnh..   461.386589: sched_wakeup: comm=irq/51-mmc0 pid=94 prio=49 target_cpu=000
          <idle>-0       [000] d....   461.386595: sched_switch: prev_comm=swapper/0 prev_pid=0 prev_prio=120 prev_state=R ==> next_comm=irq/51-mmc0 next_pid=94 next_prio=49
     irq/51-mmc0-94      [000] d....   461.386659: sched_wakeup: comm=kworker/0:4 pid=452 prio=120 target_cpu=000
     irq/51-mmc0-94      [000] d....   461.386666: sched_stat_runtime: comm=irq/51-mmc0 pid=94 runtime=79592 [ns] vruntime=0 [ns]
     irq/51-mmc0-94      [000] d....   461.386671: sched_switch: prev_comm=irq/51-mmc0 prev_pid=94 prev_prio=49 prev_state=S ==> next_comm=kworker/0:4 next_pid=452 next_prio=120
     kworker/0:4-452     [000] d.h..   461.386763: irq_handler_entry: irq=26 name=arch_timer
     kworker/0:4-452     [000] d.h..   461.386769: sched_wakeup: comm=kworker/0:4 pid=452 prio=120 target_cpu=000
     kworker/0:4-452     [000] d.h..   461.386772: irq_handler_exit: irq=26 ret=handled
     kworker/0:4-452     [000] d....   461.386777: sched_stat_runtime: comm=kworker/0:4 pid=452 runtime=110371 [ns] vruntime=13337373156 [ns]
     kworker/0:4-452     [000] d....   461.386786: sched_stat_runtime: comm=kworker/0:4 pid=452 runtime=9611 [ns] vruntime=13337382767 [ns]
     kworker/0:4-452     [000] d....   461.386795: sched_switch: prev_comm=kworker/0:4 prev_pid=452 prev_prio=120 prev_state=D ==> next_comm=swapper/0 next_pid=0 next_prio=120
          <idle>-0       [000] d.h..   461.388555: irq_handler_entry: irq=29 name=fe00b880.mailbox
          <idle>-0       [000] dnh..   461.388562: sched_wakeup: comm=kworker/0:4 pid=452 prio=120 target_cpu=000
          <idle>-0       [000] dnh..   461.388564: irq_handler_exit: irq=29 ret=handled
          <idle>-0       [000] d....   461.388571: sched_switch: prev_comm=swapper/0 prev_pid=0 prev_prio=120 prev_state=R ==> next_comm=kworker/0:4 next_pid=452 next_prio=120
     kworker/0:4-452     [000] d....   461.388663: sched_stat_runtime: comm=kworker/0:4 pid=452 runtime=103648 [ns] vruntime=13337486415 [ns]
     kworker/0:4-452     [000] d....   461.388666: sched_switch: prev_comm=kworker/0:4 prev_pid=452 prev_prio=120 prev_state=D ==> next_comm=swapper/0 next_pid=0 next_prio=120
          <idle>-0       [000] d.h..   461.389909: irq_handler_entry: irq=26 name=arch_timer
          <idle>-0       [000] dnh..   461.389915: sched_wakeup: comm=kworker/0:4 pid=452 prio=120 target_cpu=000
          <idle>-0       [000] dnh..   461.389918: irq_handler_exit: irq=26 ret=handled
          <idle>-0       [000] d....   461.389924: sched_switch: prev_comm=swapper/0 prev_pid=0 prev_prio=120 prev_state=R ==> next_comm=kworker/0:4 next_pid=452 next_prio=120
     kworker/0:4-452     [000] d.h..   461.389955: irq_handler_entry: irq=26 name=arch_timer
     kworker/0:4-452     [000] d.h..   461.389960: sched_wakeup: comm=kworker/0:4 pid=452 prio=120 target_cpu=000
     kworker/0:4-452     [000] d.h..   461.389962: irq_handler_exit: irq=26 ret=handled
     kworker/0:4-452     [000] d....   461.389967: sched_stat_runtime: comm=kworker/0:4 pid=452 runtime=54241 [ns] vruntime=13337540656 [ns]
     kworker/0:4-452     [000] d....   461.389976: sched_stat_runtime: comm=kworker/0:4 pid=452 runtime=9055 [ns] vruntime=13337549711 [ns]
     kworker/0:4-452     [000] d....   461.389980: sched_switch: prev_comm=kworker/0:4 prev_pid=452 prev_prio=120 prev_state=D ==> next_comm=swapper/0 next_pid=0 next_prio=120
          <idle>-0       [000] d.h..   461.390278: irq_handler_entry: irq=29 name=fe00b880.mailbox
          <idle>-0       [000] dnh..   461.390284: sched_wakeup: comm=kworker/0:4 pid=452 prio=120 target_cpu=000
          <idle>-0       [000] dnh..   461.390286: irq_handler_exit: irq=29 ret=handled
          <idle>-0       [000] d....   461.390292: sched_switch: prev_comm=swapper/0 prev_pid=0 prev_prio=120 prev_state=R ==> next_comm=kworker/0:4 next_pid=452 next_prio=120
     kworker/0:4-452     [000] d....   461.390410: sched_stat_runtime: comm=kworker/0:4 pid=452 runtime=128000 [ns] vruntime=13337677711 [ns]
     kworker/0:4-452     [000] d....   461.390413: sched_switch: prev_comm=kworker/0:4 prev_pid=452 prev_prio=120 prev_state=D ==> next_comm=swapper/0 next_pid=0 next_prio=120
          <idle>-0       [000] d.h..   461.395907: irq_handler_entry: irq=26 name=arch_timer
          <idle>-0       [000] dnh..   461.395913: sched_wakeup: comm=kworker/0:4 pid=452 prio=120 target_cpu=000
          <idle>-0       [000] dnh..   461.395930: irq_handler_exit: irq=26 ret=handled
          <idle>-0       [001] d.h..   461.395931: irq_handler_entry: irq=19 name=IPI
          <idle>-0       [001] d.h..   461.395934: irq_handler_exit: irq=19 ret=handled
          <idle>-0       [000] d....   461.395944: sched_switch: prev_comm=swapper/0 prev_pid=0 prev_prio=120 prev_state=R ==> next_comm=kworker/0:4 next_pid=452 next_prio=120
     kworker/0:4-452     [000] d....   461.395954: sched_stat_runtime: comm=kworker/0:4 pid=452 runtime=19426 [ns] vruntime=13337697137 [ns]
     kworker/0:4-452     [000] d....   461.395958: sched_switch: prev_comm=kworker/0:4 prev_pid=452 prev_prio=120 prev_state=D ==> next_comm=swapper/0 next_pid=0 next_prio=120
          <idle>-0       [000] d.h..   461.405918: irq_handler_entry: irq=26 name=arch_timer
          <idle>-0       [003] d.h..   461.405921: irq_handler_entry: irq=26 name=arch_timer
          <idle>-0       [000] d.h..   461.405926: irq_handler_exit: irq=26 ret=handled
          <idle>-0       [003] d.h..   461.405929: irq_handler_exit: irq=26 ret=handled
          <idle>-0       [003] dns..   461.405939: sched_wakeup: comm=rcu_sched pid=14 prio=120 target_cpu=003
          <idle>-0       [003] d....   461.405959: sched_switch: prev_comm=swapper/3 prev_pid=0 prev_prio=120 prev_state=R ==> next_comm=rcu_sched next_pid=14 next_prio=120
       rcu_sched-14      [003] d....   461.405976: sched_stat_runtime: comm=rcu_sched pid=14 runtime=31963 [ns] vruntime=12224126724 [ns]
       rcu_sched-14      [003] d....   461.405979: sched_switch: prev_comm=rcu_sched prev_pid=14 prev_prio=120 prev_state=I ==> next_comm=swapper/3 next_pid=0 next_prio=120
          <idle>-0       [000] d.h..   461.408450: irq_handler_entry: irq=26 name=arch_timer
          <idle>-0       [000] dnh..   461.408457: sched_wakeup: comm=kworker/0:4 pid=452 prio=120 target_cpu=000
          <idle>-0       [000] dnh..   461.408460: irq_handler_exit: irq=26 ret=handled
          <idle>-0       [000] d....   461.408465: sched_switch: prev_comm=swapper/0 prev_pid=0 prev_prio=120 prev_state=R ==> next_comm=kworker/0:4 next_pid=452 next_prio=120
     kworker/0:4-452     [000] d....   461.408536: sched_stat_runtime: comm=kworker/0:4 pid=452 runtime=81982 [ns] vruntime=13337779119 [ns]
     kworker/0:4-452     [000] d....   461.408539: sched_switch: prev_comm=kworker/0:4 prev_pid=452 prev_prio=120 prev_state=D ==> next_comm=swapper/0 next_pid=0 next_prio=120
          <idle>-0       [000] d.h..   461.415917: irq_handler_entry: irq=26 name=arch_timer
          <idle>-0       [000] d.h..   461.415927: irq_handler_exit: irq=26 ret=handled
          <idle>-0       [000] d.h..   461.421034: irq_handler_entry: irq=26 name=arch_timer
          <idle>-0       [000] dnh..   461.421041: sched_wakeup: comm=kworker/0:4 pid=452 prio=120 target_cpu=000
          <idle>-0       [000] dnh..   461.421044: irq_handler_exit: irq=26 ret=handled
          <idle>-0       [000] d....   461.421053: sched_switch: prev_comm=swapper/0 prev_pid=0 prev_prio=120 prev_state=R ==> next_comm=kworker/0:4 next_pid=452 next_prio=120
     kworker/0:4-452     [000] d....   461.421111: sched_stat_runtime: comm=kworker/0:4 pid=452 runtime=73593 [ns] vruntime=13337852712 [ns]
     kworker/0:4-452     [000] d....   461.421115: sched_switch: prev_comm=kworker/0:4 prev_pid=452 prev_prio=120 prev_state=D ==> next_comm=swapper/0 next_pid=0 next_prio=120
          <idle>-0       [000] d.h..   461.421493: irq_handler_entry: irq=51 name=mmc1
          <idle>-0       [000] d.h..   461.421495: irq_handler_exit: irq=51 ret=unhandled
          <idle>-0       [000] d.h..   461.421496: irq_handler_entry: irq=51 name=mmc0
          <idle>-0       [000] d.h..   461.421514: irq_handler_exit: irq=51 ret=handled
          <idle>-0       [000] dnh..   461.421519: sched_wakeup: comm=irq/51-mmc0 pid=94 prio=49 target_cpu=000
          <idle>-0       [000] d....   461.421530: sched_switch: prev_comm=swapper/0 prev_pid=0 prev_prio=120 prev_state=R ==> next_comm=irq/51-mmc0 next_pid=94 next_prio=49
     irq/51-mmc0-94      [000] d....   461.421608: sched_wakeup: comm=kworker/0:4 pid=452 prio=120 target_cpu=000
     irq/51-mmc0-94      [000] d....   461.421615: sched_stat_runtime: comm=irq/51-mmc0 pid=94 runtime=98926 [ns] vruntime=0 [ns]
     irq/51-mmc0-94      [000] d....   461.421621: sched_switch: prev_comm=irq/51-mmc0 prev_pid=94 prev_prio=49 prev_state=S ==> next_comm=kworker/0:4 next_pid=452 next_prio=120
     kworker/0:4-452     [000] d....   461.421677: sched_stat_runtime: comm=kworker/0:4 pid=452 runtime=61685 [ns] vruntime=13337914397 [ns]
     kworker/0:4-452     [000] d....   461.421686: sched_switch: prev_comm=kworker/0:4 prev_pid=452 prev_prio=120 prev_state=D ==> next_comm=swapper/0 next_pid=0 next_prio=120
          <idle>-0       [000] d.h..   461.422058: irq_handler_entry: irq=51 name=mmc1
          <idle>-0       [000] d.h..   461.422059: irq_handler_exit: irq=51 ret=unhandled
          <idle>-0       [000] d.h..   461.422061: irq_handler_entry: irq=51 name=mmc0
          <idle>-0       [000] d.h..   461.422078: irq_handler_exit: irq=51 ret=handled
          <idle>-0       [000] dnh..   461.422082: sched_wakeup: comm=irq/51-mmc0 pid=94 prio=49 target_cpu=000
          <idle>-0       [000] d....   461.422093: sched_switch: prev_comm=swapper/0 prev_pid=0 prev_prio=120 prev_state=R ==> next_comm=irq/51-mmc0 next_pid=94 next_prio=49
     irq/51-mmc0-94      [000] d....   461.422169: sched_wakeup: comm=kworker/0:4 pid=452 prio=120 target_cpu=000
     irq/51-mmc0-94      [000] d....   461.422176: sched_stat_runtime: comm=irq/51-mmc0 pid=94 runtime=95871 [ns] vruntime=0 [ns]
     irq/51-mmc0-94      [000] d....   461.422181: sched_switch: prev_comm=irq/51-mmc0 prev_pid=94 prev_prio=49 prev_state=S ==> next_comm=kworker/0:4 next_pid=452 next_prio=120
     kworker/0:4-452     [000] d....   461.422326: sched_stat_runtime: comm=kworker/0:4 pid=452 runtime=149296 [ns] vruntime=13338063693 [ns]
     kworker/0:4-452     [000] d....   461.422334: sched_switch: prev_comm=kworker/0:4 prev_pid=452 prev_prio=120 prev_state=D ==> next_comm=swapper/0 next_pid=0 next_prio=120
          <idle>-0       [000] d.h..   461.423573: irq_handler_entry: irq=26 name=arch_timer
          <idle>-0       [000] dnh..   461.423580: sched_wakeup: comm=kworker/0:4 pid=452 prio=120 target_cpu=000
          <idle>-0       [000] dnh..   461.423583: irq_handler_exit: irq=26 ret=handled
          <idle>-0       [000] d....   461.423592: sched_switch: prev_comm=swapper/0 prev_pid=0 prev_prio=120 prev_state=R ==> next_comm=kworker/0:4 next_pid=452 next_prio=120
     kworker/0:4-452     [000] d....   461.423648: sched_stat_runtime: comm=kworker/0:4 pid=452 runtime=71093 [ns] vruntime=13338134786 [ns]
     kworker/0:4-452     [000] d....   461.423656: sched_switch: prev_comm=kworker/0:4 prev_pid=452 prev_prio=120 prev_state=D ==> next_comm=swapper/0 next_pid=0 next_prio=120
          <idle>-0       [000] d.h..   461.423814: irq_handler_entry: irq=51 name=mmc1
          <idle>-0       [000] d.h..   461.423815: irq_handler_exit: irq=51 ret=unhandled
          <idle>-0       [000] d.h..   461.423817: irq_handler_entry: irq=51 name=mmc0
          <idle>-0       [000] dnh..   461.423855: sched_wakeup: comm=kworker/0:4 pid=452 prio=120 target_cpu=000
          <idle>-0       [000] dnh..   461.423857: irq_handler_exit: irq=51 ret=handled
          <idle>-0       [000] d....   461.423866: sched_switch: prev_comm=swapper/0 prev_pid=0 prev_prio=120 prev_state=R ==> next_comm=kworker/0:4 next_pid=452 next_prio=120
     kworker/0:4-452     [000] d....   461.423875: sched_stat_runtime: comm=kworker/0:4 pid=452 runtime=22907 [ns] vruntime=13338157693 [ns]
     kworker/0:4-452     [000] d....   461.423878: sched_switch: prev_comm=kworker/0:4 prev_pid=452 prev_prio=120 prev_state=D ==> next_comm=swapper/0 next_pid=0 next_prio=120
          <idle>-0       [000] d.h..   461.425123: irq_handler_entry: irq=26 name=arch_timer
          <idle>-0       [000] dnh..   461.425129: sched_wakeup: comm=kworker/0:4 pid=452 prio=120 target_cpu=000
          <idle>-0       [000] dnh..   461.425131: irq_handler_exit: irq=26 ret=handled
          <idle>-0       [000] d....   461.425140: sched_switch: prev_comm=swapper/0 prev_pid=0 prev_prio=120 prev_state=R ==> next_comm=kworker/0:4 next_pid=452 next_prio=120
     kworker/0:4-452     [000] d....   461.425281: sched_stat_runtime: comm=kworker/0:4 pid=452 runtime=155519 [ns] vruntime=13338313212 [ns]
     kworker/0:4-452     [000] d....   461.425285: sched_switch: prev_comm=kworker/0:4 prev_pid=452 prev_prio=120 prev_state=D ==> next_comm=swapper/0 next_pid=0 next_prio=120
          <idle>-0       [002] d.h..   461.425922: irq_handler_entry: irq=26 name=arch_timer
          <idle>-0       [002] d.h..   461.425930: irq_handler_exit: irq=26 ret=handled
          <idle>-0       [002] dns..   461.425940: sched_wakeup: comm=kworker/2:1 pid=46 prio=120 target_cpu=002
          <idle>-0       [002] d....   461.425959: sched_switch: prev_comm=swapper/2 prev_pid=0 prev_prio=120 prev_state=R ==> next_comm=kworker/2:1 next_pid=46 next_prio=120
     kworker/2:1-46      [002] d....   461.425976: sched_stat_runtime: comm=kworker/2:1 pid=46 runtime=31833 [ns] vruntime=9804844201 [ns]
     kworker/2:1-46      [002] d....   461.425980: sched_switch: prev_comm=kworker/2:1 prev_pid=46 prev_prio=120 prev_state=I ==> next_comm=swapper/2 next_pid=0 next_prio=120
          <idle>-0       [000] d.h..   461.426530: irq_handler_entry: irq=26 name=arch_timer
          <idle>-0       [000] dnh..   461.426535: sched_wakeup: comm=kworker/0:4 pid=452 prio=120 target_cpu=000
          <idle>-0       [000] dnh..   461.426538: irq_handler_exit: irq=26 ret=handled
          <idle>-0       [000] d....   461.426547: sched_switch: prev_comm=swapper/0 prev_pid=0 prev_prio=120 prev_state=R ==> next_comm=kworker/0:4 next_pid=452 next_prio=120
     kworker/0:4-452     [000] d....   461.426602: sched_stat_runtime: comm=kworker/0:4 pid=452 runtime=69519 [ns] vruntime=13338382731 [ns]
     kworker/0:4-452     [000] d....   461.426606: sched_switch: prev_comm=kworker/0:4 prev_pid=452 prev_prio=120 prev_state=D ==> next_comm=swapper/0 next_pid=0 next_prio=120
          <idle>-0       [000] d.h..   461.426981: irq_handler_entry: irq=51 name=mmc1
          <idle>-0       [000] d.h..   461.426983: irq_handler_exit: irq=51 ret=unhandled
          <idle>-0       [000] d.h..   461.426985: irq_handler_entry: irq=51 name=mmc0
          <idle>-0       [000] d.h..   461.427002: irq_handler_exit: irq=51 ret=handled
          <idle>-0       [000] dnh..   461.427006: sched_wakeup: comm=irq/51-mmc0 pid=94 prio=49 target_cpu=000
          <idle>-0       [000] d....   461.427017: sched_switch: prev_comm=swapper/0 prev_pid=0 prev_prio=120 prev_state=R ==> next_comm=irq/51-mmc0 next_pid=94 next_prio=49
     irq/51-mmc0-94      [000] d....   461.427094: sched_wakeup: comm=kworker/0:4 pid=452 prio=120 target_cpu=000
     irq/51-mmc0-94      [000] d....   461.427101: sched_stat_runtime: comm=irq/51-mmc0 pid=94 runtime=97037 [ns] vruntime=0 [ns]
     irq/51-mmc0-94      [000] d....   461.427107: sched_switch: prev_comm=irq/51-mmc0 prev_pid=94 prev_prio=49 prev_state=S ==> next_comm=kworker/0:4 next_pid=452 next_prio=120
     kworker/0:4-452     [000] d....   461.427163: sched_stat_runtime: comm=kworker/0:4 pid=452 runtime=61389 [ns] vruntime=13338444120 [ns]
     kworker/0:4-452     [000] d....   461.427172: sched_switch: prev_comm=kworker/0:4 prev_pid=452 prev_prio=120 prev_state=D ==> next_comm=swapper/0 next_pid=0 next_prio=120
          <idle>-0       [000] d.h..   461.427542: irq_handler_entry: irq=51 name=mmc1
          <idle>-0       [000] d.h..   461.427544: irq_handler_exit: irq=51 ret=unhandled
          <idle>-0       [000] d.h..   461.427545: irq_handler_entry: irq=51 name=mmc0
          <idle>-0       [000] d.h..   461.427563: irq_handler_exit: irq=51 ret=handled
          <idle>-0       [000] dnh..   461.427567: sched_wakeup: comm=irq/51-mmc0 pid=94 prio=49 target_cpu=000
          <idle>-0       [000] d....   461.427577: sched_switch: prev_comm=swapper/0 prev_pid=0 prev_prio=120 prev_state=R ==> next_comm=irq/51-mmc0 next_pid=94 next_prio=49
     irq/51-mmc0-94      [000] d....   461.427637: sched_wakeup: comm=kworker/0:4 pid=452 prio=120 target_cpu=000
     irq/51-mmc0-94      [000] d....   461.427644: sched_stat_runtime: comm=irq/51-mmc0 pid=94 runtime=78815 [ns] vruntime=0 [ns]
     irq/51-mmc0-94      [000] d....   461.427649: sched_switch: prev_comm=irq/51-mmc0 prev_pid=94 prev_prio=49 prev_state=S ==> next_comm=kworker/0:4 next_pid=452 next_prio=120
     kworker/0:4-452     [000] d....   461.427688: sched_stat_runtime: comm=kworker/0:4 pid=452 runtime=43593 [ns] vruntime=13338487713 [ns]
     kworker/0:4-452     [000] d....   461.427695: sched_switch: prev_comm=kworker/0:4 prev_pid=452 prev_prio=120 prev_state=D ==> next_comm=swapper/0 next_pid=0 next_prio=120
          <idle>-0       [000] d.h..   461.428067: irq_handler_entry: irq=51 name=mmc1
          <idle>-0       [000] d.h..   461.428068: irq_handler_exit: irq=51 ret=unhandled
          <idle>-0       [000] d.h..   461.428070: irq_handler_entry: irq=51 name=mmc0
          <idle>-0       [000] d.h..   461.428087: irq_handler_exit: irq=51 ret=handled
          <idle>-0       [000] dnh..   461.428091: sched_wakeup: comm=irq/51-mmc0 pid=94 prio=49 target_cpu=000
          <idle>-0       [000] d....   461.428102: sched_switch: prev_comm=swapper/0 prev_pid=0 prev_prio=120 prev_state=R ==> next_comm=irq/51-mmc0 next_pid=94 next_prio=49
     irq/51-mmc0-94      [000] d....   461.428162: sched_wakeup: comm=kworker/0:4 pid=452 prio=120 target_cpu=000
     irq/51-mmc0-94      [000] d....   461.428169: sched_stat_runtime: comm=irq/51-mmc0 pid=94 runtime=79834 [ns] vruntime=0 [ns]
     irq/51-mmc0-94      [000] d....   461.428176: sched_switch: prev_comm=irq/51-mmc0 prev_pid=94 prev_prio=49 prev_state=S ==> next_comm=kworker/0:4 next_pid=452 next_prio=120
     kworker/0:4-452     [000] d....   461.428215: sched_stat_runtime: comm=kworker/0:4 pid=452 runtime=45740 [ns] vruntime=13338533453 [ns]
     kworker/0:4-452     [000] d....   461.428224: sched_switch: prev_comm=kworker/0:4 prev_pid=452 prev_prio=120 prev_state=D ==> next_comm=swapper/0 next_pid=0 next_prio=120
          <idle>-0       [000] d.h..   461.428594: irq_handler_entry: irq=51 name=mmc1
          <idle>-0       [000] d.h..   461.428596: irq_handler_exit: irq=51 ret=unhandled
          <idle>-0       [000] d.h..   461.428597: irq_handler_entry: irq=51 name=mmc0
          <idle>-0       [000] d.h..   461.428615: irq_handler_exit: irq=51 ret=handled
          <idle>-0       [000] dnh..   461.428620: sched_wakeup: comm=irq/51-mmc0 pid=94 prio=49 target_cpu=000
          <idle>-0       [000] d....   461.428629: sched_switch: prev_comm=swapper/0 prev_pid=0 prev_prio=120 prev_state=R ==> next_comm=irq/51-mmc0 next_pid=94 next_prio=49
     irq/51-mmc0-94      [000] d....   461.428689: sched_wakeup: comm=kworker/0:4 pid=452 prio=120 target_cpu=000
     irq/51-mmc0-94      [000] d....   461.428696: sched_stat_runtime: comm=irq/51-mmc0 pid=94 runtime=78111 [ns] vruntime=0 [ns]
     irq/51-mmc0-94      [000] d....   461.428701: sched_switch: prev_comm=irq/51-mmc0 prev_pid=94 prev_prio=49 prev_state=S ==> next_comm=kworker/0:4 next_pid=452 next_prio=120
     kworker/0:4-452     [000] d....   461.428740: sched_stat_runtime: comm=kworker/0:4 pid=452 runtime=43592 [ns] vruntime=13338577045 [ns]
     kworker/0:4-452     [000] d....   461.428747: sched_switch: prev_comm=kworker/0:4 prev_pid=452 prev_prio=120 prev_state=D ==> next_comm=swapper/0 next_pid=0 next_prio=120
          <idle>-0       [000] d.h..   461.429119: irq_handler_entry: irq=51 name=mmc1
          <idle>-0       [000] d.h..   461.429120: irq_handler_exit: irq=51 ret=unhandled
          <idle>-0       [000] d.h..   461.429122: irq_handler_entry: irq=51 name=mmc0
          <idle>-0       [000] d.h..   461.429139: irq_handler_exit: irq=51 ret=handled
          <idle>-0       [000] dnh..   461.429143: sched_wakeup: comm=irq/51-mmc0 pid=94 prio=49 target_cpu=000
          <idle>-0       [000] d....   461.429154: sched_switch: prev_comm=swapper/0 prev_pid=0 prev_prio=120 prev_state=R ==> next_comm=irq/51-mmc0 next_pid=94 next_prio=49
     irq/51-mmc0-94      [000] d....   461.429231: sched_wakeup: comm=kworker/0:4 pid=452 prio=120 target_cpu=000
     irq/51-mmc0-94      [000] d....   461.429238: sched_stat_runtime: comm=irq/51-mmc0 pid=94 runtime=96445 [ns] vruntime=0 [ns]
     irq/51-mmc0-94      [000] d....   461.429243: sched_switch: prev_comm=irq/51-mmc0 prev_pid=94 prev_prio=49 prev_state=S ==> next_comm=kworker/0:4 next_pid=452 next_prio=120
     kworker/0:4-452     [000] d....   461.429300: sched_stat_runtime: comm=kworker/0:4 pid=452 runtime=61759 [ns] vruntime=13338638804 [ns]
     kworker/0:4-452     [000] d....   461.429308: sched_switch: prev_comm=kworker/0:4 prev_pid=452 prev_prio=120 prev_state=D ==> next_comm=swapper/0 next_pid=0 next_prio=120
          <idle>-0       [000] d.h..   461.429680: irq_handler_entry: irq=51 name=mmc1
          <idle>-0       [000] d.h..   461.429682: irq_handler_exit: irq=51 ret=unhandled
          <idle>-0       [000] d.h..   461.429683: irq_handler_entry: irq=51 name=mmc0
          <idle>-0       [000] d.h..   461.429700: irq_handler_exit: irq=51 ret=handled
          <idle>-0       [000] dnh..   461.429705: sched_wakeup: comm=irq/51-mmc0 pid=94 prio=49 target_cpu=000
          <idle>-0       [000] d....   461.429715: sched_switch: prev_comm=swapper/0 prev_pid=0 prev_prio=120 prev_state=R ==> next_comm=irq/51-mmc0 next_pid=94 next_prio=49
     irq/51-mmc0-94      [000] d....   461.429791: sched_wakeup: comm=kworker/0:4 pid=452 prio=120 target_cpu=000
     irq/51-mmc0-94      [000] d....   461.429798: sched_stat_runtime: comm=irq/51-mmc0 pid=94 runtime=95537 [ns] vruntime=0 [ns]
     irq/51-mmc0-94      [000] d....   461.429803: sched_switch: prev_comm=irq/51-mmc0 prev_pid=94 prev_prio=49 prev_state=S ==> next_comm=kworker/0:4 next_pid=452 next_prio=120
     kworker/0:4-452     [000] d....   461.429859: sched_stat_runtime: comm=kworker/0:4 pid=452 runtime=60760 [ns] vruntime=13338699564 [ns]
     kworker/0:4-452     [000] d....   461.429867: sched_switch: prev_comm=kworker/0:4 prev_pid=452 prev_prio=120 prev_state=D ==> next_comm=swapper/0 next_pid=0 next_prio=120
          <idle>-0       [000] d.h..   461.430241: irq_handler_entry: irq=51 name=mmc1
          <idle>-0       [000] d.h..   461.430243: irq_handler_exit: irq=51 ret=unhandled
          <idle>-0       [000] d.h..   461.430244: irq_handler_entry: irq=51 name=mmc0
          <idle>-0       [000] d.h..   461.430261: irq_handler_exit: irq=51 ret=handled
          <idle>-0       [000] dnh..   461.430266: sched_wakeup: comm=irq/51-mmc0 pid=94 prio=49 target_cpu=000
          <idle>-0       [000] d....   461.430276: sched_switch: prev_comm=swapper/0 prev_pid=0 prev_prio=120 prev_state=R ==> next_comm=irq/51-mmc0 next_pid=94 next_prio=49
     irq/51-mmc0-94      [000] d....   461.430353: sched_wakeup: comm=kworker/0:4 pid=452 prio=120 target_cpu=000
     irq/51-mmc0-94      [000] d....   461.430360: sched_stat_runtime: comm=irq/51-mmc0 pid=94 runtime=96371 [ns] vruntime=0 [ns]
     irq/51-mmc0-94      [000] d....   461.430365: sched_switch: prev_comm=irq/51-mmc0 prev_pid=94 prev_prio=49 prev_state=S ==> next_comm=kworker/0:4 next_pid=452 next_prio=120
     kworker/0:4-452     [000] d....   461.430421: sched_stat_runtime: comm=kworker/0:4 pid=452 runtime=60629 [ns] vruntime=13338760193 [ns]
     kworker/0:4-452     [000] d....   461.430429: sched_switch: prev_comm=kworker/0:4 prev_pid=452 prev_prio=120 prev_state=D ==> next_comm=swapper/0 next_pid=0 next_prio=120
          <idle>-0       [000] d.h..   461.430802: irq_handler_entry: irq=51 name=mmc1
          <idle>-0       [000] d.h..   461.430804: irq_handler_exit: irq=51 ret=unhandled
          <idle>-0       [000] d.h..   461.430805: irq_handler_entry: irq=51 name=mmc0
          <idle>-0       [000] d.h..   461.430822: irq_handler_exit: irq=51 ret=handled
          <idle>-0       [000] dnh..   461.430827: sched_wakeup: comm=irq/51-mmc0 pid=94 prio=49 target_cpu=000
          <idle>-0       [000] d....   461.430837: sched_switch: prev_comm=swapper/0 prev_pid=0 prev_prio=120 prev_state=R ==> next_comm=irq/51-mmc0 next_pid=94 next_prio=49
     irq/51-mmc0-94      [000] d....   461.430913: sched_wakeup: comm=kworker/0:4 pid=452 prio=120 target_cpu=000
