     irq/51-mmc0-94      [000] d....   462.620666: sched_switch: prev_comm=irq/51-mmc0 prev_pid=94 prev_prio=49 prev_state=S ==> next_comm=kworker/0:4 next_pid=452 next_prio=120
     kworker/0:4-452     [000] d....   462.620811: sched_stat_runtime: comm=kworker/0:4 pid=452 runtime=148963 [ns] vruntime=13344013452 [ns]
     kworker/0:4-452     [000] d....   462.620819: sched_switch: prev_comm=kworker/0:4 prev_pid=452 prev_prio=120 prev_state=D ==> next_comm=swapper/0 next_pid=0 next_prio=120
          <idle>-0       [000] d.h..   462.622058: irq_handler_entry: irq=26 name=arch_timer
          <idle>-0       [000] dnh..   462.622065: sched_wakeup: comm=kworker/0:4 pid=452 prio=120 target_cpu=000
          <idle>-0       [000] dnh..   462.622068: irq_handler_exit: irq=26 ret=handled
          <idle>-0       [000] d....   462.622073: sched_switch: prev_comm=swapper/0 prev_pid=0 prev_prio=120 prev_state=R ==> next_comm=kworker/0:4 next_pid=452 next_prio=120
     kworker/0:4-452     [000] d....   462.622129: sched_stat_runtime: comm=kworker/0:4 pid=452 runtime=67259 [ns] vruntime=13344080711 [ns]
     kworker/0:4-452     [000] d....   462.622132: sched_switch: prev_comm=kworker/0:4 prev_pid=452 prev_prio=120 prev_state=D ==> next_comm=swapper/0 next_pid=0 next_prio=120
          <idle>-0       [000] d.h..   462.622293: irq_handler_entry: irq=51 name=mmc1
          <idle>-0       [000] d.h..   462.622294: irq_handler_exit: irq=51 ret=unhandled
          <idle>-0       [000] d.h..   462.622296: irq_handler_entry: irq=51 name=mmc0
          <idle>-0       [000] dnh..   462.622334: sched_wakeup: comm=kworker/0:4 pid=452 prio=120 target_cpu=000
          <idle>-0       [000] dnh..   462.622336: irq_handler_exit: irq=51 ret=handled
          <idle>-0       [000] d....   462.622342: sched_switch: prev_comm=swapper/0 prev_pid=0 prev_prio=120 prev_state=R ==> next_comm=kworker/0:4 next_pid=452 next_prio=120
     kworker/0:4-452     [000] d....   462.622351: sched_stat_runtime: comm=kworker/0:4 pid=452 runtime=20037 [ns] vruntime=13344100748 [ns]
     kworker/0:4-452     [000] d....   462.622354: sched_switch: prev_comm=kworker/0:4 prev_pid=452 prev_prio=120 prev_state=D ==> next_comm=swapper/0 next_pid=0 next_prio=120
          <idle>-0       [000] d.h..   462.623598: irq_handler_entry: irq=26 name=arch_timer
          <idle>-0       [000] dnh..   462.623604: sched_wakeup: comm=kworker/0:4 pid=452 prio=120 target_cpu=000
          <idle>-0       [000] dnh..   462.623607: irq_handler_exit: irq=26 ret=handled
          <idle>-0       [000] d....   462.623612: sched_switch: prev_comm=swapper/0 prev_pid=0 prev_prio=120 prev_state=R ==> next_comm=kworker/0:4 next_pid=452 next_prio=120
     kworker/0:4-452     [000] d....   462.623754: sched_stat_runtime: comm=kworker/0:4 pid=452 runtime=151963 [ns] vruntime=13344252711 [ns]
     kworker/0:4-452     [000] d....   462.623759: sched_switch: prev_comm=kworker/0:4 prev_pid=452 prev_prio=120 prev_state=D ==> next_comm=swapper/0 next_pid=0 next_prio=120
          <idle>-0       [000] d.h..   462.624920: irq_handler_entry: irq=51 name=mmc1
          <idle>-0       [000] dnh..   462.624931: sched_wakeup: comm=kworker/0:3 pid=162 prio=120 target_cpu=000
          <idle>-0       [000] dnh..   462.624934: irq_handler_exit: irq=51 ret=handled
          <idle>-0       [000] dnh..   462.624935: irq_handler_entry: irq=51 name=mmc0
          <idle>-0       [000] dnh..   462.624936: irq_handler_exit: irq=51 ret=unhandled
          <idle>-0       [000] d....   462.624943: sched_switch: prev_comm=swapper/0 prev_pid=0 prev_prio=120 prev_state=R ==> next_comm=kworker/0:3 next_pid=162 next_prio=120
     kworker/0:3-162     [000] d.h..   462.624961: irq_handler_entry: irq=51 name=mmc1
     kworker/0:3-162     [000] d.h..   462.624965: irq_handler_exit: irq=51 ret=handled
     kworker/0:3-162     [000] d.h..   462.624966: irq_handler_entry: irq=51 name=mmc0
     kworker/0:3-162     [000] d.h..   462.624968: irq_handler_exit: irq=51 ret=unhandled
     kworker/0:3-162     [000] d.s..   462.624975: sched_wakeup: comm=kworker/0:3 pid=162 prio=120 target_cpu=000
     kworker/0:3-162     [000] d....   462.624979: sched_stat_runtime: comm=kworker/0:3 pid=162 runtime=50630 [ns] vruntime=13344868009 [ns]
     kworker/0:3-162     [000] d.h..   462.624999: irq_handler_entry: irq=51 name=mmc1
     kworker/0:3-162     [000] d.h..   462.625007: irq_handler_exit: irq=51 ret=handled
     kworker/0:3-162     [000] d.h..   462.625008: irq_handler_entry: irq=51 name=mmc0
     kworker/0:3-162     [000] d.h..   462.625010: irq_handler_exit: irq=51 ret=unhandled
     kworker/0:3-162     [000] d.h..   462.625012: irq_handler_entry: irq=26 name=arch_timer
     kworker/0:3-162     [000] d.h..   462.625016: sched_stat_runtime: comm=kworker/0:3 pid=162 runtime=36833 [ns] vruntime=13344904842 [ns]
     kworker/0:3-162     [000] d.h..   462.625020: sched_wakeup: comm=kworker/0:4 pid=452 prio=120 target_cpu=000
     kworker/0:3-162     [000] d.h..   462.625023: irq_handler_exit: irq=26 ret=handled
     kworker/0:3-162     [000] d.s..   462.625029: sched_wakeup: comm=kworker/0:3 pid=162 prio=120 target_cpu=000
     kworker/0:3-162     [000] d....   462.625034: sched_stat_runtime: comm=kworker/0:3 pid=162 runtime=18148 [ns] vruntime=13344922990 [ns]
     kworker/0:3-162     [000] d....   462.625037: sched_switch: prev_comm=kworker/0:3 prev_pid=162 prev_prio=120 prev_state=R ==> next_comm=kworker/0:4 next_pid=452 next_prio=120
     kworker/0:4-452     [000] d....   462.625094: sched_stat_runtime: comm=kworker/0:4 pid=452 runtime=59889 [ns] vruntime=13344312600 [ns]
     kworker/0:4-452     [000] d....   462.625097: sched_switch: prev_comm=kworker/0:4 prev_pid=452 prev_prio=120 prev_state=D ==> next_comm=kworker/0:3 next_pid=162 next_prio=120
     kworker/0:3-162     [000] d.h..   462.625117: irq_handler_entry: irq=51 name=mmc1
     kworker/0:3-162     [000] d.h..   462.625122: irq_handler_exit: irq=51 ret=handled
     kworker/0:3-162     [000] d.h..   462.625123: irq_handler_entry: irq=51 name=mmc0
     kworker/0:3-162     [000] d.h..   462.625125: irq_handler_exit: irq=51 ret=unhandled
     kworker/0:3-162     [000] d.h..   462.625127: irq_handler_entry: irq=51 name=mmc1
     kworker/0:3-162     [000] d.h..   462.625131: irq_handler_exit: irq=51 ret=handled
     kworker/0:3-162     [000] d.h..   462.625132: irq_handler_entry: irq=51 name=mmc0
     kworker/0:3-162     [000] d.h..   462.625134: irq_handler_exit: irq=51 ret=unhandled
     kworker/0:3-162     [000] d.s..   462.625141: sched_wakeup: comm=kworker/0:3 pid=162 prio=120 target_cpu=000
     kworker/0:3-162     [000] d....   462.625145: sched_stat_runtime: comm=kworker/0:3 pid=162 runtime=50963 [ns] vruntime=13344973953 [ns]
     kworker/0:3-162     [000] d....   462.625152: sched_stat_runtime: comm=kworker/0:3 pid=162 runtime=7111 [ns] vruntime=13344981064 [ns]
     kworker/0:3-162     [000] dn...   462.625157: sched_wakeup: comm=kworker/u9:1 pid=293 prio=100 target_cpu=000
     kworker/0:3-162     [000] d....   462.625168: sched_switch: prev_comm=kworker/0:3 prev_pid=162 prev_prio=120 prev_state=R+ ==> next_comm=kworker/u9:1 next_pid=293 next_prio=100
    kworker/u9:1-293     [000] d.h..   462.625205: irq_handler_entry: irq=51 name=mmc1
    kworker/u9:1-293     [000] d.h..   462.625215: irq_handler_exit: irq=51 ret=handled
    kworker/u9:1-293     [000] d.h..   462.625216: irq_handler_entry: irq=51 name=mmc0
    kworker/u9:1-293     [000] d.h..   462.625218: irq_handler_exit: irq=51 ret=unhandled
    kworker/u9:1-293     [000] d.s..   462.625225: sched_wakeup: comm=kworker/u9:1 pid=293 prio=100 target_cpu=000
    kworker/u9:1-293     [000] d....   462.625229: sched_stat_runtime: comm=kworker/u9:1 pid=293 runtime=77296 [ns] vruntime=13335981955 [ns]
    kworker/u9:1-293     [000] d.h..   462.625253: irq_handler_entry: irq=51 name=mmc1
    kworker/u9:1-293     [000] d.h..   462.625262: irq_handler_exit: irq=51 ret=handled
    kworker/u9:1-293     [000] d.h..   462.625263: irq_handler_entry: irq=51 name=mmc0
    kworker/u9:1-293     [000] d.h..   462.625265: irq_handler_exit: irq=51 ret=unhandled
    kworker/u9:1-293     [000] d.s..   462.625271: sched_wakeup: comm=kworker/u9:1 pid=293 prio=100 target_cpu=000
    kworker/u9:1-293     [000] d....   462.625275: sched_stat_runtime: comm=kworker/u9:1 pid=293 runtime=46297 [ns] vruntime=13335982489 [ns]
          <idle>-0       [002] d.h..   462.625306: irq_handler_entry: irq=19 name=IPI
          <idle>-0       [002] dnh..   462.625314: sched_wakeup: comm=sshd pid=729 prio=120 target_cpu=002
          <idle>-0       [002] dnh..   462.625316: irq_handler_exit: irq=19 ret=handled
          <idle>-0       [002] d....   462.625326: sched_switch: prev_comm=swapper/2 prev_pid=0 prev_prio=120 prev_state=R ==> next_comm=sshd next_pid=729 next_prio=120
    kworker/u9:1-293     [000] d.h..   462.625337: irq_handler_entry: irq=51 name=mmc1
    kworker/u9:1-293     [000] d.h..   462.625348: irq_handler_exit: irq=51 ret=handled
    kworker/u9:1-293     [000] d.h..   462.625349: irq_handler_entry: irq=51 name=mmc0
    kworker/u9:1-293     [000] d.h..   462.625351: irq_handler_exit: irq=51 ret=unhandled
    kworker/u9:1-293     [000] d.s..   462.625358: sched_wakeup: comm=kworker/u9:1 pid=293 prio=100 target_cpu=000
    kworker/u9:1-293     [000] d....   462.625363: sched_stat_runtime: comm=kworker/u9:1 pid=293 runtime=87370 [ns] vruntime=13335983496 [ns]
    kworker/u9:1-293     [000] d....   462.625375: sched_stat_runtime: comm=kworker/u9:1 pid=293 runtime=12000 [ns] vruntime=13335983634 [ns]
    kworker/u9:1-293     [000] d....   462.625380: sched_switch: prev_comm=kworker/u9:1 prev_pid=293 prev_prio=100 prev_state=I ==> next_comm=kworker/0:3 next_pid=162 next_prio=120
     kworker/0:3-162     [000] d....   462.625385: sched_stat_runtime: comm=kworker/0:3 pid=162 runtime=9926 [ns] vruntime=13344990990 [ns]
     kworker/0:3-162     [000] d....   462.625394: sched_switch: prev_comm=kworker/0:3 prev_pid=162 prev_prio=120 prev_state=I ==> next_comm=swapper/0 next_pid=0 next_prio=120
            sshd-729     [002] dn...   462.625430: sched_wakeup: comm=kworker/u8:2 pid=47 prio=120 target_cpu=002
            sshd-729     [002] dn...   462.625439: sched_stat_runtime: comm=sshd pid=729 runtime=115945 [ns] vruntime=168883192 [ns]
            sshd-729     [002] d....   462.625444: sched_switch: prev_comm=sshd prev_pid=729 prev_prio=120 prev_state=R ==> next_comm=kworker/u8:2 next_pid=47 next_prio=120
    kworker/u8:2-47      [002] d....   462.625455: sched_stat_runtime: comm=kworker/u8:2 pid=47 runtime=27870 [ns] vruntime=9805570094 [ns]
    kworker/u8:2-47      [002] d....   462.625458: sched_wakeup: comm=bash pid=755 prio=120 target_cpu=002
    kworker/u8:2-47      [002] d....   462.625464: sched_stat_runtime: comm=kworker/u8:2 pid=47 runtime=11667 [ns] vruntime=9805581761 [ns]
    kworker/u8:2-47      [002] d....   462.625469: sched_switch: prev_comm=kworker/u8:2 prev_pid=47 prev_prio=120 prev_state=I ==> next_comm=bash next_pid=755 next_prio=120
          <idle>-0       [000] d.h..   462.625474: irq_handler_entry: irq=51 name=mmc1
          <idle>-0       [000] d.h..   462.625476: irq_handler_exit: irq=51 ret=unhandled
          <idle>-0       [000] d.h..   462.625477: irq_handler_entry: irq=51 name=mmc0
          <idle>-0       [000] d.h..   462.625495: irq_handler_exit: irq=51 ret=handled
          <idle>-0       [000] dnh..   462.625501: sched_wakeup: comm=irq/51-mmc0 pid=94 prio=49 target_cpu=000
          <idle>-0       [000] d....   462.625512: sched_switch: prev_comm=swapper/0 prev_pid=0 prev_prio=120 prev_state=R ==> next_comm=irq/51-mmc0 next_pid=94 next_prio=49
            bash-755     [002] d....   462.625529: sched_wakeup: comm=kworker/u8:2 pid=47 prio=120 target_cpu=002
            bash-755     [002] d....   462.625545: sched_stat_runtime: comm=bash pid=755 runtime=80537 [ns] vruntime=78771735 [ns]
            bash-755     [002] d....   462.625552: sched_switch: prev_comm=bash prev_pid=755 prev_prio=120 prev_state=S ==> next_comm=kworker/u8:2 next_pid=47 next_prio=120
    kworker/u8:2-47      [002] d....   462.625562: sched_stat_runtime: comm=kworker/u8:2 pid=47 runtime=16574 [ns] vruntime=9805598335 [ns]
    kworker/u8:2-47      [002] d....   462.625565: sched_switch: prev_comm=kworker/u8:2 prev_pid=47 prev_prio=120 prev_state=I ==> next_comm=sshd next_pid=729 next_prio=120
     irq/51-mmc0-94      [000] d....   462.625592: sched_wakeup: comm=kworker/0:4 pid=452 prio=120 target_cpu=000
     irq/51-mmc0-94      [000] d....   462.625599: sched_stat_runtime: comm=irq/51-mmc0 pid=94 runtime=101130 [ns] vruntime=0 [ns]
     irq/51-mmc0-94      [000] d....   462.625605: sched_switch: prev_comm=irq/51-mmc0 prev_pid=94 prev_prio=49 prev_state=S ==> next_comm=kworker/0:4 next_pid=452 next_prio=120
     kworker/0:4-452     [000] d....   462.625663: sched_stat_runtime: comm=kworker/0:4 pid=452 runtime=63370 [ns] vruntime=13344375970 [ns]
     kworker/0:4-452     [000] d....   462.625671: sched_switch: prev_comm=kworker/0:4 prev_pid=452 prev_prio=120 prev_state=D ==> next_comm=swapper/0 next_pid=0 next_prio=120
          <idle>-0       [000] d.h..   462.625694: irq_handler_entry: irq=19 name=IPI
          <idle>-0       [000] dnh..   462.625700: sched_wakeup: comm=kworker/u9:1 pid=293 prio=100 target_cpu=000
          <idle>-0       [000] dnh..   462.625701: irq_handler_exit: irq=19 ret=handled
          <idle>-0       [000] d....   462.625710: sched_switch: prev_comm=swapper/0 prev_pid=0 prev_prio=120 prev_state=R ==> next_comm=kworker/u9:1 next_pid=293 next_prio=100
            sshd-729     [002] d....   462.625722: sched_stat_runtime: comm=sshd pid=729 runtime=159741 [ns] vruntime=169042933 [ns]
            sshd-729     [002] d....   462.625732: sched_switch: prev_comm=sshd prev_pid=729 prev_prio=120 prev_state=S ==> next_comm=swapper/2 next_pid=0 next_prio=120
    kworker/u9:1-293     [000] d.h..   462.625749: irq_handler_entry: irq=51 name=mmc1
    kworker/u9:1-293     [000] d.h..   462.625760: irq_handler_exit: irq=51 ret=handled
    kworker/u9:1-293     [000] d.h..   462.625761: irq_handler_entry: irq=51 name=mmc0
    kworker/u9:1-293     [000] d.h..   462.625763: irq_handler_exit: irq=51 ret=unhandled
    kworker/u9:1-293     [000] d.h..   462.625768: irq_handler_entry: irq=51 name=mmc1
    kworker/u9:1-293     [000] d.h..   462.625771: irq_handler_exit: irq=51 ret=handled
    kworker/u9:1-293     [000] d.h..   462.625773: irq_handler_entry: irq=51 name=mmc0
    kworker/u9:1-293     [000] d.h..   462.625774: irq_handler_exit: irq=51 ret=unhandled
    kworker/u9:1-293     [000] d.s..   462.625781: sched_wakeup: comm=kworker/u9:1 pid=293 prio=100 target_cpu=000
    kworker/u9:1-293     [000] d....   462.625786: sched_stat_runtime: comm=kworker/u9:1 pid=293 runtime=88444 [ns] vruntime=13335992010 [ns]
    kworker/u9:1-293     [000] d....   462.625801: sched_stat_runtime: comm=kworker/u9:1 pid=293 runtime=15445 [ns] vruntime=13335992188 [ns]
    kworker/u9:1-293     [000] d....   462.625805: sched_switch: prev_comm=kworker/u9:1 prev_pid=293 prev_prio=100 prev_state=I ==> next_comm=swapper/0 next_pid=0 next_prio=120
          <idle>-0       [000] d.h..   462.626043: irq_handler_entry: irq=51 name=mmc1
          <idle>-0       [000] d.h..   462.626045: irq_handler_exit: irq=51 ret=unhandled
          <idle>-0       [000] d.h..   462.626046: irq_handler_entry: irq=51 name=mmc0
          <idle>-0       [000] d.h..   462.626064: irq_handler_exit: irq=51 ret=handled
          <idle>-0       [000] dnh..   462.626069: sched_wakeup: comm=irq/51-mmc0 pid=94 prio=49 target_cpu=000
          <idle>-0       [000] d....   462.626080: sched_switch: prev_comm=swapper/0 prev_pid=0 prev_prio=120 prev_state=R ==> next_comm=irq/51-mmc0 next_pid=94 next_prio=49
     irq/51-mmc0-94      [000] d....   462.626141: sched_wakeup: comm=kworker/0:4 pid=452 prio=120 target_cpu=000
     irq/51-mmc0-94      [000] d....   462.626148: sched_stat_runtime: comm=irq/51-mmc0 pid=94 runtime=81037 [ns] vruntime=0 [ns]
     irq/51-mmc0-94      [000] d....   462.626153: sched_switch: prev_comm=irq/51-mmc0 prev_pid=94 prev_prio=49 prev_state=S ==> next_comm=kworker/0:4 next_pid=452 next_prio=120
     kworker/0:4-452     [000] d....   462.626192: sched_stat_runtime: comm=kworker/0:4 pid=452 runtime=44240 [ns] vruntime=13344420210 [ns]
     kworker/0:4-452     [000] d....   462.626200: sched_switch: prev_comm=kworker/0:4 prev_pid=452 prev_prio=120 prev_state=D ==> next_comm=swapper/0 next_pid=0 next_prio=120
          <idle>-0       [000] d.h..   462.626573: irq_handler_entry: irq=51 name=mmc1
          <idle>-0       [000] d.h..   462.626575: irq_handler_exit: irq=51 ret=unhandled
          <idle>-0       [000] d.h..   462.626576: irq_handler_entry: irq=51 name=mmc0
          <idle>-0       [000] d.h..   462.626593: irq_handler_exit: irq=51 ret=handled
          <idle>-0       [000] dnh..   462.626597: sched_wakeup: comm=irq/51-mmc0 pid=94 prio=49 target_cpu=000
          <idle>-0       [000] d....   462.626605: sched_switch: prev_comm=swapper/0 prev_pid=0 prev_prio=120 prev_state=R ==> next_comm=irq/51-mmc0 next_pid=94 next_prio=49
     irq/51-mmc0-94      [000] d....   462.626665: sched_wakeup: comm=kworker/0:4 pid=452 prio=120 target_cpu=000
     irq/51-mmc0-94      [000] d....   462.626672: sched_stat_runtime: comm=irq/51-mmc0 pid=94 runtime=76518 [ns] vruntime=0 [ns]
     irq/51-mmc0-94      [000] d....   462.626677: sched_switch: prev_comm=irq/51-mmc0 prev_pid=94 prev_prio=49 prev_state=S ==> next_comm=kworker/0:4 next_pid=452 next_prio=120
     kworker/0:4-452     [000] d....   462.626718: sched_stat_runtime: comm=kworker/0:4 pid=452 runtime=43519 [ns] vruntime=13344463729 [ns]
     kworker/0:4-452     [000] d....   462.626726: sched_switch: prev_comm=kworker/0:4 prev_pid=452 prev_prio=120 prev_state=D ==> next_comm=swapper/0 next_pid=0 next_prio=120
          <idle>-0       [000] d.h..   462.627097: irq_handler_entry: irq=51 name=mmc1
          <idle>-0       [000] d.h..   462.627099: irq_handler_exit: irq=51 ret=unhandled
          <idle>-0       [000] d.h..   462.627100: irq_handler_entry: irq=51 name=mmc0
          <idle>-0       [000] d.h..   462.627117: irq_handler_exit: irq=51 ret=handled
          <idle>-0       [000] dnh..   462.627122: sched_wakeup: comm=irq/51-mmc0 pid=94 prio=49 target_cpu=000
          <idle>-0       [000] d....   462.627128: sched_switch: prev_comm=swapper/0 prev_pid=0 prev_prio=120 prev_state=R ==> next_comm=irq/51-mmc0 next_pid=94 next_prio=49
     irq/51-mmc0-94      [000] d....   462.627188: sched_wakeup: comm=kworker/0:4 pid=452 prio=120 target_cpu=000
     irq/51-mmc0-94      [000] d....   462.627195: sched_stat_runtime: comm=irq/51-mmc0 pid=94 runtime=74908 [ns] vruntime=0 [ns]
     irq/51-mmc0-94      [000] d....   462.627199: sched_switch: prev_comm=irq/51-mmc0 prev_pid=94 prev_prio=49 prev_state=S ==> next_comm=kworker/0:4 next_pid=452 next_prio=120
     kworker/0:4-452     [000] d....   462.627238: sched_stat_runtime: comm=kworker/0:4 pid=452 runtime=43537 [ns] vruntime=13344507266 [ns]
     kworker/0:4-452     [000] d....   462.627246: sched_switch: prev_comm=kworker/0:4 prev_pid=452 prev_prio=120 prev_state=D ==> next_comm=swapper/0 next_pid=0 next_prio=120
          <idle>-0       [000] d.h..   462.627618: irq_handler_entry: irq=51 name=mmc1
          <idle>-0       [000] d.h..   462.627620: irq_handler_exit: irq=51 ret=unhandled
          <idle>-0       [000] d.h..   462.627621: irq_handler_entry: irq=51 name=mmc0
          <idle>-0       [000] d.h..   462.627638: irq_handler_exit: irq=51 ret=handled
          <idle>-0       [000] dnh..   462.627642: sched_wakeup: comm=irq/51-mmc0 pid=94 prio=49 target_cpu=000
          <idle>-0       [000] d....   462.627649: sched_switch: prev_comm=swapper/0 prev_pid=0 prev_prio=120 prev_state=R ==> next_comm=irq/51-mmc0 next_pid=94 next_prio=49
     irq/51-mmc0-94      [000] d....   462.627726: sched_wakeup: comm=kworker/0:4 pid=452 prio=120 target_cpu=000
     irq/51-mmc0-94      [000] d....   462.627733: sched_stat_runtime: comm=irq/51-mmc0 pid=94 runtime=92760 [ns] vruntime=0 [ns]
     irq/51-mmc0-94      [000] d....   462.627738: sched_switch: prev_comm=irq/51-mmc0 prev_pid=94 prev_prio=49 prev_state=S ==> next_comm=kworker/0:4 next_pid=452 next_prio=120
     kworker/0:4-452     [000] d....   462.627795: sched_stat_runtime: comm=kworker/0:4 pid=452 runtime=61740 [ns] vruntime=13344569006 [ns]
     kworker/0:4-452     [000] d....   462.627803: sched_switch: prev_comm=kworker/0:4 prev_pid=452 prev_prio=120 prev_state=D ==> next_comm=swapper/0 next_pid=0 next_prio=120
          <idle>-0       [000] d.h..   462.628176: irq_handler_entry: irq=51 name=mmc1
          <idle>-0       [000] d.h..   462.628178: irq_handler_exit: irq=51 ret=unhandled
          <idle>-0       [000] d.h..   462.628179: irq_handler_entry: irq=51 name=mmc0
          <idle>-0       [000] d.h..   462.628196: irq_handler_exit: irq=51 ret=handled
          <idle>-0       [000] dnh..   462.628200: sched_wakeup: comm=irq/51-mmc0 pid=94 prio=49 target_cpu=000
          <idle>-0       [000] d....   462.628207: sched_switch: prev_comm=swapper/0 prev_pid=0 prev_prio=120 prev_state=R ==> next_comm=irq/51-mmc0 next_pid=94 next_prio=49
     irq/51-mmc0-94      [000] d....   462.628283: sched_wakeup: comm=kworker/0:4 pid=452 prio=120 target_cpu=000
     irq/51-mmc0-94      [000] d....   462.628290: sched_stat_runtime: comm=irq/51-mmc0 pid=94 runtime=91389 [ns] vruntime=0 [ns]
     irq/51-mmc0-94      [000] d....   462.628294: sched_switch: prev_comm=irq/51-mmc0 prev_pid=94 prev_prio=49 prev_state=S ==> next_comm=kworker/0:4 next_pid=452 next_prio=120
     kworker/0:4-452     [000] d....   462.628351: sched_stat_runtime: comm=kworker/0:4 pid=452 runtime=60500 [ns] vruntime=13344629506 [ns]
     kworker/0:4-452     [000] d....   462.628358: sched_switch: prev_comm=kworker/0:4 prev_pid=452 prev_prio=120 prev_state=D ==> next_comm=swapper/0 next_pid=0 next_prio=120
          <idle>-0       [000] d.h..   462.628730: irq_handler_entry: irq=51 name=mmc1
          <idle>-0       [000] d.h..   462.628732: irq_handler_exit: irq=51 ret=unhandled
          <idle>-0       [000] d.h..   462.628733: irq_handler_entry: irq=51 name=mmc0
          <idle>-0       [000] d.h..   462.628750: irq_handler_exit: irq=51 ret=handled
          <idle>-0       [000] dnh..   462.628755: sched_wakeup: comm=irq/51-mmc0 pid=94 prio=49 target_cpu=000
          <idle>-0       [000] d....   462.628762: sched_switch: prev_comm=swapper/0 prev_pid=0 prev_prio=120 prev_state=R ==> next_comm=irq/51-mmc0 next_pid=94 next_prio=49
     irq/51-mmc0-94      [000] d....   462.628838: sched_wakeup: comm=kworker/0:4 pid=452 prio=120 target_cpu=000
     irq/51-mmc0-94      [000] d....   462.628845: sched_stat_runtime: comm=irq/51-mmc0 pid=94 runtime=92333 [ns] vruntime=0 [ns]
     irq/51-mmc0-94      [000] d....   462.628850: sched_switch: prev_comm=irq/51-mmc0 prev_pid=94 prev_prio=49 prev_state=S ==> next_comm=kworker/0:4 next_pid=452 next_prio=120
     kworker/0:4-452     [000] d....   462.628905: sched_stat_runtime: comm=kworker/0:4 pid=452 runtime=60186 [ns] vruntime=13344689692 [ns]
     kworker/0:4-452     [000] d....   462.628913: sched_switch: prev_comm=kworker/0:4 prev_pid=452 prev_prio=120 prev_state=D ==> next_comm=swapper/0 next_pid=0 next_prio=120
          <idle>-0       [000] d.h..   462.629285: irq_handler_entry: irq=51 name=mmc1
          <idle>-0       [000] d.h..   462.629286: irq_handler_exit: irq=51 ret=unhandled
          <idle>-0       [000] d.h..   462.629288: irq_handler_entry: irq=51 name=mmc0
          <idle>-0       [000] d.h..   462.629305: irq_handler_exit: irq=51 ret=handled
          <idle>-0       [000] dnh..   462.629309: sched_wakeup: comm=irq/51-mmc0 pid=94 prio=49 target_cpu=000
          <idle>-0       [000] d....   462.629316: sched_switch: prev_comm=swapper/0 prev_pid=0 prev_prio=120 prev_state=R ==> next_comm=irq/51-mmc0 next_pid=94 next_prio=49
     irq/51-mmc0-94      [000] d....   462.629392: sched_wakeup: comm=kworker/0:4 pid=452 prio=120 target_cpu=000
     irq/51-mmc0-94      [000] d....   462.629399: sched_stat_runtime: comm=irq/51-mmc0 pid=94 runtime=91426 [ns] vruntime=0 [ns]
     irq/51-mmc0-94      [000] d....   462.629403: sched_switch: prev_comm=irq/51-mmc0 prev_pid=94 prev_prio=49 prev_state=S ==> next_comm=kworker/0:4 next_pid=452 next_prio=120
     kworker/0:4-452     [000] d....   462.629459: sched_stat_runtime: comm=kworker/0:4 pid=452 runtime=60148 [ns] vruntime=13344749840 [ns]
     kworker/0:4-452     [000] d....   462.629466: sched_switch: prev_comm=kworker/0:4 prev_pid=452 prev_prio=120 prev_state=D ==> next_comm=swapper/0 next_pid=0 next_prio=120
          <idle>-0       [000] d.h..   462.629839: irq_handler_entry: irq=51 name=mmc1
          <idle>-0       [000] d.h..   462.629841: irq_handler_exit: irq=51 ret=unhandled
          <idle>-0       [000] d.h..   462.629842: irq_handler_entry: irq=51 name=mmc0
          <idle>-0       [000] d.h..   462.629859: irq_handler_exit: irq=51 ret=handled
          <idle>-0       [000] dnh..   462.629863: sched_wakeup: comm=irq/51-mmc0 pid=94 prio=49 target_cpu=000
          <idle>-0       [000] d....   462.629870: sched_switch: prev_comm=swapper/0 prev_pid=0 prev_prio=120 prev_state=R ==> next_comm=irq/51-mmc0 next_pid=94 next_prio=49
     irq/51-mmc0-94      [000] d....   462.629947: sched_wakeup: comm=kworker/0:4 pid=452 prio=120 target_cpu=000
     irq/51-mmc0-94      [000] d....   462.629954: sched_stat_runtime: comm=irq/51-mmc0 pid=94 runtime=92852 [ns] vruntime=0 [ns]
     irq/51-mmc0-94      [000] d....   462.629959: sched_switch: prev_comm=irq/51-mmc0 prev_pid=94 prev_prio=49 prev_state=S ==> next_comm=kworker/0:4 next_pid=452 next_prio=120
     kworker/0:4-452     [000] d....   462.630152: sched_stat_runtime: comm=kworker/0:4 pid=452 runtime=196852 [ns] vruntime=13344946692 [ns]
     kworker/0:4-452     [000] d....   462.630160: sched_switch: prev_comm=kworker/0:4 prev_pid=452 prev_prio=120 prev_state=D ==> next_comm=swapper/0 next_pid=0 next_prio=120
          <idle>-0       [000] d.h..   462.630530: irq_handler_entry: irq=51 name=mmc1
          <idle>-0       [000] d.h..   462.630532: irq_handler_exit: irq=51 ret=unhandled
          <idle>-0       [000] d.h..   462.630533: irq_handler_entry: irq=51 name=mmc0
          <idle>-0       [000] d.h..   462.630551: irq_handler_exit: irq=51 ret=handled
          <idle>-0       [000] dnh..   462.630555: sched_wakeup: comm=irq/51-mmc0 pid=94 prio=49 target_cpu=000
          <idle>-0       [000] d....   462.630562: sched_switch: prev_comm=swapper/0 prev_pid=0 prev_prio=120 prev_state=R ==> next_comm=irq/51-mmc0 next_pid=94 next_prio=49
     irq/51-mmc0-94      [000] d....   462.630639: sched_wakeup: comm=kworker/0:4 pid=452 prio=120 target_cpu=000
     irq/51-mmc0-94      [000] d....   462.630646: sched_stat_runtime: comm=irq/51-mmc0 pid=94 runtime=92741 [ns] vruntime=0 [ns]
     irq/51-mmc0-94      [000] d....   462.630651: sched_switch: prev_comm=irq/51-mmc0 prev_pid=94 prev_prio=49 prev_state=S ==> next_comm=kworker/0:4 next_pid=452 next_prio=120
     kworker/0:4-452     [000] d.h..   462.630745: irq_handler_entry: irq=26 name=arch_timer
     kworker/0:4-452     [000] d.h..   462.630751: sched_wakeup: comm=kworker/0:4 pid=452 prio=120 target_cpu=000
     kworker/0:4-452     [000] d.h..   462.630753: irq_handler_exit: irq=26 ret=handled
     kworker/0:4-452     [000] d....   462.630759: sched_stat_runtime: comm=kworker/0:4 pid=452 runtime=112796 [ns] vruntime=13345059488 [ns]
     kworker/0:4-452     [000] d....   462.630768: sched_stat_runtime: comm=kworker/0:4 pid=452 runtime=9352 [ns] vruntime=13345068840 [ns]
     kworker/0:4-452     [000] d....   462.630776: sched_switch: prev_comm=kworker/0:4 prev_pid=452 prev_prio=120 prev_state=D ==> next_comm=swapper/0 next_pid=0 next_prio=120
          <idle>-0       [000] d.h..   462.631076: irq_handler_entry: irq=29 name=fe00b880.mailbox
          <idle>-0       [000] dnh..   462.631082: sched_wakeup: comm=kworker/0:4 pid=452 prio=120 target_cpu=000
          <idle>-0       [000] dnh..   462.631084: irq_handler_exit: irq=29 ret=handled
          <idle>-0       [000] d....   462.631091: sched_switch: prev_comm=swapper/0 prev_pid=0 prev_prio=120 prev_state=R ==> next_comm=kworker/0:4 next_pid=452 next_prio=120
     kworker/0:4-452     [000] d....   462.631182: sched_stat_runtime: comm=kworker/0:4 pid=452 runtime=101592 [ns] vruntime=13345170432 [ns]
     kworker/0:4-452     [000] d....   462.631185: sched_switch: prev_comm=kworker/0:4 prev_pid=452 prev_prio=120 prev_state=D ==> next_comm=swapper/0 next_pid=0 next_prio=120
          <idle>-0       [000] d.h..   462.632429: irq_handler_entry: irq=26 name=arch_timer
          <idle>-0       [000] dnh..   462.632435: sched_wakeup: comm=kworker/0:4 pid=452 prio=120 target_cpu=000
          <idle>-0       [000] dnh..   462.632438: irq_handler_exit: irq=26 ret=handled
          <idle>-0       [000] d....   462.632443: sched_switch: prev_comm=swapper/0 prev_pid=0 prev_prio=120 prev_state=R ==> next_comm=kworker/0:4 next_pid=452 next_prio=120
     kworker/0:4-452     [000] d.h..   462.632474: irq_handler_entry: irq=26 name=arch_timer
     kworker/0:4-452     [000] d.h..   462.632478: sched_wakeup: comm=kworker/0:4 pid=452 prio=120 target_cpu=000
     kworker/0:4-452     [000] d.h..   462.632483: irq_handler_exit: irq=26 ret=handled
     kworker/0:4-452     [000] d....   462.632488: sched_stat_runtime: comm=kworker/0:4 pid=452 runtime=55722 [ns] vruntime=13345226154 [ns]
     kworker/0:4-452     [000] d....   462.632497: sched_stat_runtime: comm=kworker/0:4 pid=452 runtime=9074 [ns] vruntime=13345235228 [ns]
     kworker/0:4-452     [000] d....   462.632500: sched_switch: prev_comm=kworker/0:4 prev_pid=452 prev_prio=120 prev_state=D ==> next_comm=swapper/0 next_pid=0 next_prio=120
          <idle>-0       [000] d.h..   462.632800: irq_handler_entry: irq=29 name=fe00b880.mailbox
          <idle>-0       [000] dnh..   462.632806: sched_wakeup: comm=kworker/0:4 pid=452 prio=120 target_cpu=000
          <idle>-0       [000] dnh..   462.632808: irq_handler_exit: irq=29 ret=handled
          <idle>-0       [000] d....   462.632814: sched_switch: prev_comm=swapper/0 prev_pid=0 prev_prio=120 prev_state=R ==> next_comm=kworker/0:4 next_pid=452 next_prio=120
     kworker/0:4-452     [000] d....   462.632930: sched_stat_runtime: comm=kworker/0:4 pid=452 runtime=126296 [ns] vruntime=13345361524 [ns]
     kworker/0:4-452     [000] d....   462.632933: sched_switch: prev_comm=kworker/0:4 prev_pid=452 prev_prio=120 prev_state=D ==> next_comm=swapper/0 next_pid=0 next_prio=120
          <idle>-0       [000] d.h..   462.635905: irq_handler_entry: irq=26 name=arch_timer
          <idle>-0       [000] d.h..   462.635917: irq_handler_exit: irq=26 ret=handled
          <idle>-0       [000] dns..   462.635927: sched_wakeup: comm=brcmf_wdog/mmc1 pid=279 prio=120 target_cpu=000
          <idle>-0       [000] d....   462.635944: sched_switch: prev_comm=swapper/0 prev_pid=0 prev_prio=120 prev_state=R ==> next_comm=brcmf_wdog/mmc1 next_pid=279 next_prio=120
 brcmf_wdog/mmc1-279     [000] d....   462.635951: sched_stat_runtime: comm=brcmf_wdog/mmc1 pid=279 runtime=17352 [ns] vruntime=13336378876 [ns]
 brcmf_wdog/mmc1-279     [000] d....   462.635955: sched_switch: prev_comm=brcmf_wdog/mmc1 prev_pid=279 prev_prio=120 prev_state=S ==> next_comm=swapper/0 next_pid=0 next_prio=120
          <idle>-0       [000] d.h..   462.638428: irq_handler_entry: irq=26 name=arch_timer
          <idle>-0       [000] dnh..   462.638434: sched_wakeup: comm=kworker/0:4 pid=452 prio=120 target_cpu=000
          <idle>-0       [000] dnh..   462.638437: irq_handler_exit: irq=26 ret=handled
          <idle>-0       [000] d....   462.638445: sched_switch: prev_comm=swapper/0 prev_pid=0 prev_prio=120 prev_state=R ==> next_comm=kworker/0:4 next_pid=452 next_prio=120
     kworker/0:4-452     [000] d....   462.638453: sched_stat_runtime: comm=kworker/0:4 pid=452 runtime=21667 [ns] vruntime=13345383191 [ns]
     kworker/0:4-452     [000] d....   462.638456: sched_switch: prev_comm=kworker/0:4 prev_pid=452 prev_prio=120 prev_state=D ==> next_comm=swapper/0 next_pid=0 next_prio=120
          <idle>-0       [000] d.h..   462.650954: irq_handler_entry: irq=26 name=arch_timer
          <idle>-0       [000] dnh..   462.650960: sched_wakeup: comm=kworker/0:4 pid=452 prio=120 target_cpu=000
          <idle>-0       [000] dnh..   462.650963: irq_handler_exit: irq=26 ret=handled
          <idle>-0       [000] d....   462.650971: sched_switch: prev_comm=swapper/0 prev_pid=0 prev_prio=120 prev_state=R ==> next_comm=kworker/0:4 next_pid=452 next_prio=120
     kworker/0:4-452     [000] d....   462.651049: sched_stat_runtime: comm=kworker/0:4 pid=452 runtime=91630 [ns] vruntime=13345474821 [ns]
     kworker/0:4-452     [000] d....   462.651052: sched_switch: prev_comm=kworker/0:4 prev_pid=452 prev_prio=120 prev_state=D ==> next_comm=swapper/0 next_pid=0 next_prio=120
          <idle>-0       [000] d.h..   462.655905: irq_handler_entry: irq=26 name=arch_timer
          <idle>-0       [000] d.h..   462.655913: irq_handler_exit: irq=26 ret=handled
          <idle>-0       [000] dns..   462.655921: sched_wakeup: comm=brcmf_wdog/mmc1 pid=279 prio=120 target_cpu=000
          <idle>-0       [000] d....   462.655937: sched_switch: prev_comm=swapper/0 prev_pid=0 prev_prio=120 prev_state=R ==> next_comm=brcmf_wdog/mmc1 next_pid=279 next_prio=120
 brcmf_wdog/mmc1-279     [000] d.h..   462.655958: irq_handler_entry: irq=51 name=mmc1
 brcmf_wdog/mmc1-279     [000] d.h..   462.655962: irq_handler_exit: irq=51 ret=handled
 brcmf_wdog/mmc1-279     [000] d.h..   462.655963: irq_handler_entry: irq=51 name=mmc0
 brcmf_wdog/mmc1-279     [000] d.h..   462.655965: irq_handler_exit: irq=51 ret=unhandled
 brcmf_wdog/mmc1-279     [000] d.s..   462.655973: sched_wakeup: comm=brcmf_wdog/mmc1 pid=279 prio=120 target_cpu=000
 brcmf_wdog/mmc1-279     [000] d....   462.655977: sched_stat_runtime: comm=brcmf_wdog/mmc1 pid=279 runtime=49463 [ns] vruntime=13336524284 [ns]
 brcmf_wdog/mmc1-279     [000] d....   462.655986: sched_stat_runtime: comm=brcmf_wdog/mmc1 pid=279 runtime=9056 [ns] vruntime=13336533340 [ns]
 brcmf_wdog/mmc1-279     [000] d....   462.655989: sched_switch: prev_comm=brcmf_wdog/mmc1 prev_pid=279 prev_prio=120 prev_state=S ==> next_comm=swapper/0 next_pid=0 next_prio=120
          <idle>-0       [000] d.h..   462.663547: irq_handler_entry: irq=26 name=arch_timer
          <idle>-0       [000] dnh..   462.663553: sched_wakeup: comm=kworker/0:4 pid=452 prio=120 target_cpu=000
          <idle>-0       [000] dnh..   462.663556: irq_handler_exit: irq=26 ret=handled
          <idle>-0       [000] d....   462.663562: sched_switch: prev_comm=swapper/0 prev_pid=0 prev_prio=120 prev_state=R ==> next_comm=kworker/0:4 next_pid=452 next_prio=120
     kworker/0:4-452     [000] d....   462.663637: sched_stat_runtime: comm=kworker/0:4 pid=452 runtime=86278 [ns] vruntime=13345561099 [ns]
     kworker/0:4-452     [000] d....   462.663640: sched_switch: prev_comm=kworker/0:4 prev_pid=452 prev_prio=120 prev_state=D ==> next_comm=swapper/0 next_pid=0 next_prio=120
          <idle>-0       [000] d.h..   462.664208: irq_handler_entry: irq=51 name=mmc1
          <idle>-0       [000] d.h..   462.664209: irq_handler_exit: irq=51 ret=unhandled
          <idle>-0       [000] d.h..   462.664211: irq_handler_entry: irq=51 name=mmc0
          <idle>-0       [000] d.h..   462.664234: irq_handler_exit: irq=51 ret=handled
          <idle>-0       [000] dnh..   462.664239: sched_wakeup: comm=irq/51-mmc0 pid=94 prio=49 target_cpu=000
          <idle>-0       [000] d....   462.664246: sched_switch: prev_comm=swapper/0 prev_pid=0 prev_prio=120 prev_state=R ==> next_comm=irq/51-mmc0 next_pid=94 next_prio=49
     irq/51-mmc0-94      [000] d....   462.664321: sched_wakeup: comm=kworker/0:4 pid=452 prio=120 target_cpu=000
     irq/51-mmc0-94      [000] d....   462.664328: sched_stat_runtime: comm=irq/51-mmc0 pid=94 runtime=91481 [ns] vruntime=0 [ns]
     irq/51-mmc0-94      [000] d....   462.664333: sched_switch: prev_comm=irq/51-mmc0 prev_pid=94 prev_prio=49 prev_state=S ==> next_comm=kworker/0:4 next_pid=452 next_prio=120
     kworker/0:4-452     [000] d....   462.664407: sched_stat_runtime: comm=kworker/0:4 pid=452 runtime=79334 [ns] vruntime=13345640433 [ns]
     kworker/0:4-452     [000] d....   462.664415: sched_switch: prev_comm=kworker/0:4 prev_pid=452 prev_prio=120 prev_state=D ==> next_comm=swapper/0 next_pid=0 next_prio=120
          <idle>-0       [000] d.h..   462.664978: irq_handler_entry: irq=51 name=mmc1
          <idle>-0       [000] d.h..   462.664979: irq_handler_exit: irq=51 ret=unhandled
          <idle>-0       [000] d.h..   462.664981: irq_handler_entry: irq=51 name=mmc0
          <idle>-0       [000] d.h..   462.665004: irq_handler_exit: irq=51 ret=handled
          <idle>-0       [000] dnh..   462.665008: sched_wakeup: comm=irq/51-mmc0 pid=94 prio=49 target_cpu=000
          <idle>-0       [000] d....   462.665015: sched_switch: prev_comm=swapper/0 prev_pid=0 prev_prio=120 prev_state=R ==> next_comm=irq/51-mmc0 next_pid=94 next_prio=49
     irq/51-mmc0-94      [000] d....   462.665088: sched_wakeup: comm=kworker/0:4 pid=452 prio=120 target_cpu=000
     irq/51-mmc0-94      [000] d....   462.665094: sched_stat_runtime: comm=irq/51-mmc0 pid=94 runtime=88222 [ns] vruntime=0 [ns]
     irq/51-mmc0-94      [000] d....   462.665099: sched_switch: prev_comm=irq/51-mmc0 prev_pid=94 prev_prio=49 prev_state=S ==> next_comm=kworker/0:4 next_pid=452 next_prio=120
     kworker/0:4-452     [000] d....   462.665281: sched_stat_runtime: comm=kworker/0:4 pid=452 runtime=186556 [ns] vruntime=13345826989 [ns]
     kworker/0:4-452     [000] d....   462.665291: sched_switch: prev_comm=kworker/0:4 prev_pid=452 prev_prio=120 prev_state=D ==> next_comm=swapper/0 next_pid=0 next_prio=120
          <idle>-0       [000] d.h..   462.665905: irq_handler_entry: irq=26 name=arch_timer
          <idle>-0       [000] d.h..   462.665915: irq_handler_exit: irq=26 ret=handled
          <idle>-0       [000] d.h..   462.666529: irq_handler_entry: irq=26 name=arch_timer
          <idle>-0       [000] dnh..   462.666536: sched_wakeup: comm=kworker/0:4 pid=452 prio=120 target_cpu=000
          <idle>-0       [000] dnh..   462.666539: irq_handler_exit: irq=26 ret=handled
          <idle>-0       [000] d....   462.666547: sched_switch: prev_comm=swapper/0 prev_pid=0 prev_prio=120 prev_state=R ==> next_comm=kworker/0:4 next_pid=452 next_prio=120
     kworker/0:4-452     [000] d....   462.666622: sched_stat_runtime: comm=kworker/0:4 pid=452 runtime=88944 [ns] vruntime=13345915933 [ns]
     kworker/0:4-452     [000] d....   462.666626: sched_switch: prev_comm=kworker/0:4 prev_pid=452 prev_prio=120 prev_state=D ==> next_comm=swapper/0 next_pid=0 next_prio=120
          <idle>-0       [000] d.h..   462.666869: irq_handler_entry: irq=51 name=mmc1
          <idle>-0       [000] d.h..   462.666870: irq_handler_exit: irq=51 ret=unhandled
          <idle>-0       [000] d.h..   462.666872: irq_handler_entry: irq=51 name=mmc0
          <idle>-0       [000] dnh..   462.666922: sched_wakeup: comm=kworker/0:4 pid=452 prio=120 target_cpu=000
          <idle>-0       [000] dnh..   462.666924: irq_handler_exit: irq=51 ret=handled
          <idle>-0       [000] d....   462.666933: sched_switch: prev_comm=swapper/0 prev_pid=0 prev_prio=120 prev_state=R ==> next_comm=kworker/0:4 next_pid=452 next_prio=120
     kworker/0:4-452     [000] d....   462.666943: sched_stat_runtime: comm=kworker/0:4 pid=452 runtime=22778 [ns] vruntime=13345938711 [ns]
     kworker/0:4-452     [000] d....   462.666946: sched_switch: prev_comm=kworker/0:4 prev_pid=452 prev_prio=120 prev_state=D ==> next_comm=swapper/0 next_pid=0 next_prio=120
          <idle>-0       [000] d.h..   462.667331: irq_handler_entry: irq=51 name=mmc1
          <idle>-0       [000] dnh..   462.667342: sched_wakeup: comm=kworker/0:3 pid=162 prio=120 target_cpu=000
          <idle>-0       [000] dnh..   462.667344: irq_handler_exit: irq=51 ret=handled
          <idle>-0       [000] dnh..   462.667346: irq_handler_entry: irq=51 name=mmc0
          <idle>-0       [000] dnh..   462.667347: irq_handler_exit: irq=51 ret=unhandled
          <idle>-0       [000] d....   462.667356: sched_switch: prev_comm=swapper/0 prev_pid=0 prev_prio=120 prev_state=R ==> next_comm=kworker/0:3 next_pid=162 next_prio=120
     kworker/0:3-162     [000] d.h..   462.667374: irq_handler_entry: irq=51 name=mmc1
     kworker/0:3-162     [000] d.h..   462.667378: irq_handler_exit: irq=51 ret=handled
     kworker/0:3-162     [000] d.h..   462.667379: irq_handler_entry: irq=51 name=mmc0
     kworker/0:3-162     [000] d.h..   462.667381: irq_handler_exit: irq=51 ret=unhandled
     kworker/0:3-162     [000] d.s..   462.667387: sched_wakeup: comm=kworker/0:3 pid=162 prio=120 target_cpu=000
     kworker/0:3-162     [000] d....   462.667392: sched_stat_runtime: comm=kworker/0:3 pid=162 runtime=52370 [ns] vruntime=13345043360 [ns]
     kworker/0:3-162     [000] d.h..   462.667411: irq_handler_entry: irq=51 name=mmc1
     kworker/0:3-162     [000] d.h..   462.667419: irq_handler_exit: irq=51 ret=handled
     kworker/0:3-162     [000] d.h..   462.667420: irq_handler_entry: irq=51 name=mmc0
     kworker/0:3-162     [000] d.h..   462.667421: irq_handler_exit: irq=51 ret=unhandled
     kworker/0:3-162     [000] d.s..   462.667430: sched_wakeup: comm=kworker/0:3 pid=162 prio=120 target_cpu=000
     kworker/0:3-162     [000] d....   462.667434: sched_stat_runtime: comm=kworker/0:3 pid=162 runtime=42426 [ns] vruntime=13345085786 [ns]
     kworker/0:3-162     [000] d.h..   462.667453: irq_handler_entry: irq=51 name=mmc1
     kworker/0:3-162     [000] d.h..   462.667458: irq_handler_exit: irq=51 ret=handled
     kworker/0:3-162     [000] d.h..   462.667459: irq_handler_entry: irq=51 name=mmc0
     kworker/0:3-162     [000] d.h..   462.667461: irq_handler_exit: irq=51 ret=unhandled
     kworker/0:3-162     [000] d.h..   462.667463: irq_handler_entry: irq=51 name=mmc1
     kworker/0:3-162     [000] d.h..   462.667467: irq_handler_exit: irq=51 ret=handled
     kworker/0:3-162     [000] d.h..   462.667468: irq_handler_entry: irq=51 name=mmc0
     kworker/0:3-162     [000] d.h..   462.667469: irq_handler_exit: irq=51 ret=unhandled
     kworker/0:3-162     [000] d.s..   462.667476: sched_wakeup: comm=kworker/0:3 pid=162 prio=120 target_cpu=000
     kworker/0:3-162     [000] d....   462.667480: sched_stat_runtime: comm=kworker/0:3 pid=162 runtime=46000 [ns] vruntime=13345131786 [ns]
     kworker/0:3-162     [000] d....   462.667487: sched_stat_runtime: comm=kworker/0:3 pid=162 runtime=6778 [ns] vruntime=13345138564 [ns]
     kworker/0:3-162     [000] dn...   462.667492: sched_wakeup: comm=kworker/u9:1 pid=293 prio=100 target_cpu=000
     kworker/0:3-162     [000] d....   462.667504: sched_switch: prev_comm=kworker/0:3 prev_pid=162 prev_prio=120 prev_state=R+ ==> next_comm=kworker/u9:1 next_pid=293 next_prio=100
    kworker/u9:1-293     [000] d.h..   462.667522: irq_handler_entry: irq=51 name=mmc1
    kworker/u9:1-293     [000] d.h..   462.667526: irq_handler_exit: irq=51 ret=handled
    kworker/u9:1-293     [000] d.h..   462.667528: irq_handler_entry: irq=51 name=mmc0
    kworker/u9:1-293     [000] d.h..   462.667529: irq_handler_exit: irq=51 ret=unhandled
    kworker/u9:1-293     [000] d.s..   462.667536: sched_wakeup: comm=kworker/u9:1 pid=293 prio=100 target_cpu=000
    kworker/u9:1-293     [000] d....   462.667540: sched_stat_runtime: comm=kworker/u9:1 pid=293 runtime=53426 [ns] vruntime=13336939327 [ns]
    kworker/u9:1-293     [000] d.h..   462.667552: irq_handler_entry: irq=51 name=mmc1
    kworker/u9:1-293     [000] d.h..   462.667556: irq_handler_exit: irq=51 ret=handled
    kworker/u9:1-293     [000] d.h..   462.667557: irq_handler_entry: irq=51 name=mmc0
    kworker/u9:1-293     [000] d.h..   462.667559: irq_handler_exit: irq=51 ret=unhandled
    kworker/u9:1-293     [000] d.s..   462.667565: sched_wakeup: comm=kworker/u9:1 pid=293 prio=100 target_cpu=000
    kworker/u9:1-293     [000] d....   462.667569: sched_stat_runtime: comm=kworker/u9:1 pid=293 runtime=29074 [ns] vruntime=13336939662 [ns]
    kworker/u9:1-293     [000] d.h..   462.667601: irq_handler_entry: irq=51 name=mmc1
    kworker/u9:1-293     [000] d.h..   462.667611: irq_handler_exit: irq=51 ret=handled
    kworker/u9:1-293     [000] d.h..   462.667612: irq_handler_entry: irq=51 name=mmc0
    kworker/u9:1-293     [000] d.h..   462.667614: irq_handler_exit: irq=51 ret=unhandled
    kworker/u9:1-293     [000] d.s..   462.667620: sched_wakeup: comm=kworker/u9:1 pid=293 prio=100 target_cpu=000
    kworker/u9:1-293     [000] d....   462.667625: sched_stat_runtime: comm=kworker/u9:1 pid=293 runtime=55259 [ns] vruntime=13336940299 [ns]
    kworker/u9:1-293     [000] d.h..   462.667649: irq_handler_entry: irq=51 name=mmc1
    kworker/u9:1-293     [000] d.h..   462.667656: irq_handler_exit: irq=51 ret=handled
    kworker/u9:1-293     [000] d.h..   462.667657: irq_handler_entry: irq=51 name=mmc0
    kworker/u9:1-293     [000] d.h..   462.667659: irq_handler_exit: irq=51 ret=unhandled
    kworker/u9:1-293     [000] d.s..   462.667666: sched_wakeup: comm=kworker/u9:1 pid=293 prio=100 target_cpu=000
    kworker/u9:1-293     [000] d....   462.667670: sched_stat_runtime: comm=kworker/u9:1 pid=293 runtime=45130 [ns] vruntime=13336940819 [ns]
    kworker/u9:1-293     [000] d.h..   462.667733: irq_handler_entry: irq=51 name=mmc1
    kworker/u9:1-293     [000] d.h..   462.667744: irq_handler_exit: irq=51 ret=handled
    kworker/u9:1-293     [000] d.h..   462.667745: irq_handler_entry: irq=51 name=mmc0
    kworker/u9:1-293     [000] d.h..   462.667748: irq_handler_exit: irq=51 ret=unhandled
    kworker/u9:1-293     [000] d.s..   462.667755: sched_wakeup: comm=kworker/u9:1 pid=293 prio=100 target_cpu=000
    kworker/u9:1-293     [000] d....   462.667759: sched_stat_runtime: comm=kworker/u9:1 pid=293 runtime=89037 [ns] vruntime=13336941846 [ns]
    kworker/u9:1-293     [000] d....   462.667771: sched_stat_runtime: comm=kworker/u9:1 pid=293 runtime=11759 [ns] vruntime=13336941981 [ns]
    kworker/u9:1-293     [000] d....   462.667776: sched_switch: prev_comm=kworker/u9:1 prev_pid=293 prev_prio=100 prev_state=I ==> next_comm=kworker/0:3 next_pid=162 next_prio=120
     kworker/0:3-162     [000] d....   462.667781: sched_stat_runtime: comm=kworker/0:3 pid=162 runtime=10408 [ns] vruntime=13345148972 [ns]
     kworker/0:3-162     [000] d....   462.667790: sched_switch: prev_comm=kworker/0:3 prev_pid=162 prev_prio=120 prev_state=I ==> next_comm=swapper/0 next_pid=0 next_prio=120
          <idle>-0       [000] d.h..   462.668190: irq_handler_entry: irq=26 name=arch_timer
          <idle>-0       [000] dnh..   462.668197: sched_wakeup: comm=kworker/0:4 pid=452 prio=120 target_cpu=000
          <idle>-0       [000] dnh..   462.668200: irq_handler_exit: irq=26 ret=handled
          <idle>-0       [000] d....   462.668209: sched_switch: prev_comm=swapper/0 prev_pid=0 prev_prio=120 prev_state=R ==> next_comm=kworker/0:4 next_pid=452 next_prio=120
     kworker/0:4-452     [000] d....   462.668390: sched_stat_runtime: comm=kworker/0:4 pid=452 runtime=196074 [ns] vruntime=13346134785 [ns]
     kworker/0:4-452     [000] d....   462.668395: sched_switch: prev_comm=kworker/0:4 prev_pid=452 prev_prio=120 prev_state=D ==> next_comm=swapper/0 next_pid=0 next_prio=120
          <idle>-0       [000] d.h..   462.669638: irq_handler_entry: irq=26 name=arch_timer
          <idle>-0       [000] dnh..   462.669643: sched_wakeup: comm=kworker/0:4 pid=452 prio=120 target_cpu=000
          <idle>-0       [000] dnh..   462.669646: irq_handler_exit: irq=26 ret=handled
          <idle>-0       [000] d....   462.669655: sched_switch: prev_comm=swapper/0 prev_pid=0 prev_prio=120 prev_state=R ==> next_comm=kworker/0:4 next_pid=452 next_prio=120
     kworker/0:4-452     [000] d....   462.669729: sched_stat_runtime: comm=kworker/0:4 pid=452 runtime=88315 [ns] vruntime=13346223100 [ns]
     kworker/0:4-452     [000] d....   462.669733: sched_switch: prev_comm=kworker/0:4 prev_pid=452 prev_prio=120 prev_state=D ==> next_comm=swapper/0 next_pid=0 next_prio=120
          <idle>-0       [000] d.h..   462.670299: irq_handler_entry: irq=51 name=mmc1
          <idle>-0       [000] d.h..   462.670301: irq_handler_exit: irq=51 ret=unhandled
          <idle>-0       [000] d.h..   462.670302: irq_handler_entry: irq=51 name=mmc0
          <idle>-0       [000] d.h..   462.670326: irq_handler_exit: irq=51 ret=handled
          <idle>-0       [000] dnh..   462.670330: sched_wakeup: comm=irq/51-mmc0 pid=94 prio=49 target_cpu=000
          <idle>-0       [000] d....   462.670341: sched_switch: prev_comm=swapper/0 prev_pid=0 prev_prio=120 prev_state=R ==> next_comm=irq/51-mmc0 next_pid=94 next_prio=49
     irq/51-mmc0-94      [000] d....   462.670416: sched_wakeup: comm=kworker/0:4 pid=452 prio=120 target_cpu=000
     irq/51-mmc0-94      [000] d....   462.670423: sched_stat_runtime: comm=irq/51-mmc0 pid=94 runtime=94648 [ns] vruntime=0 [ns]
     irq/51-mmc0-94      [000] d....   462.670428: sched_switch: prev_comm=irq/51-mmc0 prev_pid=94 prev_prio=49 prev_state=S ==> next_comm=kworker/0:4 next_pid=452 next_prio=120
     kworker/0:4-452     [000] d....   462.670502: sched_stat_runtime: comm=kworker/0:4 pid=452 runtime=79260 [ns] vruntime=13346302360 [ns]
