# tracer: nop
#
# entries-in-buffer/entries-written: 4641/4641   #P:4
#
#                                _-----=> irqs-off/BH-disabled
#                               / _----=> need-resched
#                              | / _---=> hardirq/softirq
#                              || / _--=> preempt-depth
#                              ||| / _-=> migrate-disable
#                              |||| /     delay
#           TASK-PID     CPU#  |||||  TIMESTAMP  FUNCTION
#              | |         |   |||||     |         |
          <idle>-0       [002] d.h..   460.750920: irq_handler_entry: irq=19 name=IPI
          <idle>-0       [002] dnh..   460.750941: sched_wakeup: comm=kworker/u8:2 pid=47 prio=120 target_cpu=002
          <idle>-0       [002] dnh..   460.750943: irq_handler_exit: irq=19 ret=handled
          <idle>-0       [002] dnh..   460.750945: irq_handler_entry: irq=21 name=IPI
          <idle>-0       [001] d.h..   460.750962: irq_handler_entry: irq=19 name=IPI
          <idle>-0       [002] dnh..   460.750965: irq_handler_exit: irq=21 ret=handled
          <idle>-0       [000] d.h..   460.750967: irq_handler_entry: irq=19 name=IPI
          <idle>-0       [001] dnh..   460.750973: sched_wakeup: comm=in:imklog pid=467 prio=120 target_cpu=001
          <idle>-0       [001] dnh..   460.750975: irq_handler_exit: irq=19 ret=handled
          <idle>-0       [000] dnh..   460.750976: sched_wakeup: comm=systemd-journal pid=136 prio=120 target_cpu=000
          <idle>-0       [002] d....   460.750976: sched_switch: prev_comm=swapper/2 prev_pid=0 prev_prio=120 prev_state=R ==> next_comm=kworker/u8:2 next_pid=47 next_prio=120
          <idle>-0       [000] dnh..   460.750978: irq_handler_exit: irq=19 ret=handled
          <idle>-0       [001] d....   460.750985: sched_switch: prev_comm=swapper/1 prev_pid=0 prev_prio=120 prev_state=R ==> next_comm=in:imklog next_pid=467 next_prio=120
          <idle>-0       [000] d....   460.750985: sched_switch: prev_comm=swapper/0 prev_pid=0 prev_prio=120 prev_state=R ==> next_comm=systemd-journal next_pid=136 next_prio=120
    kworker/u8:2-47      [002] d....   460.750994: sched_stat_runtime: comm=kworker/u8:2 pid=47 runtime=65389 [ns] vruntime=9804362782 [ns]
    kworker/u8:2-47      [002] d....   460.751001: sched_wakeup: comm=sshd pid=729 prio=120 target_cpu=002
    kworker/u8:2-47      [002] d....   460.751007: sched_stat_runtime: comm=kworker/u8:2 pid=47 runtime=16259 [ns] vruntime=9804379041 [ns]
    kworker/u8:2-47      [002] d....   460.751012: sched_switch: prev_comm=kworker/u8:2 prev_pid=47 prev_prio=120 prev_state=I ==> next_comm=sshd next_pid=729 next_prio=120
 systemd-journal-136     [000] d.h..   460.751158: irq_handler_entry: irq=19 name=IPI
       in:imklog-467     [001] d....   460.751170: sched_stat_runtime: comm=in:imklog pid=467 runtime=202315 [ns] vruntime=16613854 [ns]
 systemd-journal-136     [000] d.h..   460.751171: sched_wakeup: comm=rs:main Q:Reg pid=469 prio=120 target_cpu=000
 systemd-journal-136     [000] d.h..   460.751173: irq_handler_exit: irq=19 ret=handled
       in:imklog-467     [001] d....   460.751205: sched_stat_runtime: comm=in:imklog pid=467 runtime=36130 [ns] vruntime=16649984 [ns]
       in:imklog-467     [001] d....   460.751218: sched_switch: prev_comm=in:imklog prev_pid=467 prev_prio=120 prev_state=S ==> next_comm=rs:main Q:Reg next_pid=469 next_prio=120
 systemd-journal-136     [000] d.h..   460.751277: irq_handler_entry: irq=19 name=IPI
 systemd-journal-136     [000] dnh..   460.751286: sched_wakeup: comm=kworker/u9:1 pid=293 prio=100 target_cpu=000
 systemd-journal-136     [000] dnh..   460.751287: irq_handler_exit: irq=19 ret=handled
 systemd-journal-136     [000] dn...   460.751292: sched_stat_runtime: comm=systemd-journal pid=136 runtime=308796 [ns] vruntime=354872180 [ns]
 systemd-journal-136     [000] d....   460.751299: sched_switch: prev_comm=systemd-journal prev_pid=136 prev_prio=120 prev_state=R+ ==> next_comm=kworker/u9:1 next_pid=293 next_prio=100
            sshd-729     [002] d....   460.751317: sched_stat_runtime: comm=sshd pid=729 runtime=307704 [ns] vruntime=167629249 [ns]
    kworker/u9:1-293     [000] d.h..   460.751338: irq_handler_entry: irq=51 name=mmc1
            sshd-729     [002] d....   460.751340: sched_switch: prev_comm=sshd prev_pid=729 prev_prio=120 prev_state=S ==> next_comm=swapper/2 next_pid=0 next_prio=120
    kworker/u9:1-293     [000] d.h..   460.751344: irq_handler_exit: irq=51 ret=handled
    kworker/u9:1-293     [000] d.h..   460.751346: irq_handler_entry: irq=51 name=mmc0
    kworker/u9:1-293     [000] d.h..   460.751350: irq_handler_exit: irq=51 ret=unhandled
    kworker/u9:1-293     [000] d.s..   460.751361: sched_wakeup: comm=kworker/u9:1 pid=293 prio=100 target_cpu=000
    kworker/u9:1-293     [000] d....   460.751367: sched_stat_runtime: comm=kworker/u9:1 pid=293 runtime=86908 [ns] vruntime=13335298269 [ns]
    kworker/u9:1-293     [000] d.h..   460.751380: irq_handler_entry: irq=51 name=mmc1
    kworker/u9:1-293     [000] d.h..   460.751384: irq_handler_exit: irq=51 ret=handled
    kworker/u9:1-293     [000] d.h..   460.751385: irq_handler_entry: irq=51 name=mmc0
    kworker/u9:1-293     [000] d.h..   460.751387: irq_handler_exit: irq=51 ret=unhandled
    kworker/u9:1-293     [000] d.s..   460.751394: sched_wakeup: comm=kworker/u9:1 pid=293 prio=100 target_cpu=000
    kworker/u9:1-293     [000] d....   460.751398: sched_stat_runtime: comm=kworker/u9:1 pid=293 runtime=31389 [ns] vruntime=13335298631 [ns]
    kworker/u9:1-293     [000] d.h..   460.751437: irq_handler_entry: irq=51 name=mmc1
    kworker/u9:1-293     [000] d.h..   460.751450: irq_handler_exit: irq=51 ret=handled
    kworker/u9:1-293     [000] d.h..   460.751452: irq_handler_entry: irq=51 name=mmc0
    kworker/u9:1-293     [000] d.h..   460.751453: irq_handler_exit: irq=51 ret=unhandled
    kworker/u9:1-293     [000] d....   460.751458: sched_stat_runtime: comm=kworker/u9:1 pid=293 runtime=59574 [ns] vruntime=13335299318 [ns]
    kworker/u9:1-293     [000] d....   460.751464: sched_switch: prev_comm=kworker/u9:1 prev_pid=293 prev_prio=100 prev_state=D ==> next_comm=systemd-journal next_pid=136 next_prio=120
 systemd-journal-136     [000] d.h..   460.751468: irq_handler_entry: irq=51 name=mmc1
 systemd-journal-136     [000] d.h..   460.751472: irq_handler_exit: irq=51 ret=handled
 systemd-journal-136     [000] d.h..   460.751473: irq_handler_entry: irq=51 name=mmc0
 systemd-journal-136     [000] d.h..   460.751475: irq_handler_exit: irq=51 ret=unhandled
   rs:main Q:Reg-469     [001] d....   460.751482: sched_stat_runtime: comm=rs:main Q:Reg pid=469 runtime=276759 [ns] vruntime=25688298 [ns]
 systemd-journal-136     [000] dns..   460.751487: sched_wakeup: comm=kworker/u9:1 pid=293 prio=100 target_cpu=000
 systemd-journal-136     [000] dn...   460.751492: sched_stat_runtime: comm=systemd-journal pid=136 runtime=26259 [ns] vruntime=354898439 [ns]
 systemd-journal-136     [000] d....   460.751497: sched_switch: prev_comm=systemd-journal prev_pid=136 prev_prio=120 prev_state=R+ ==> next_comm=kworker/u9:1 next_pid=293 next_prio=100
   rs:main Q:Reg-469     [001] d....   460.751503: sched_switch: prev_comm=rs:main Q:Reg prev_pid=469 prev_prio=120 prev_state=S ==> next_comm=swapper/1 next_pid=0 next_prio=120
    kworker/u9:1-293     [000] d....   460.751517: sched_stat_runtime: comm=kworker/u9:1 pid=293 runtime=33444 [ns] vruntime=13335299703 [ns]
    kworker/u9:1-293     [000] d....   460.751521: sched_switch: prev_comm=kworker/u9:1 prev_pid=293 prev_prio=100 prev_state=I ==> next_comm=systemd-journal next_pid=136 next_prio=120
    nop_trace.sh-791     [003] d....   460.751823: sched_stat_runtime: comm=nop_trace.sh pid=791 runtime=1120444 [ns] vruntime=154777644 [ns]
          <idle>-0       [002] d.h..   460.751862: irq_handler_entry: irq=19 name=IPI
    nop_trace.sh-791     [003] dn...   460.751864: sched_stat_runtime: comm=nop_trace.sh pid=791 runtime=42370 [ns] vruntime=12232955111 [ns]
          <idle>-0       [002] dnh..   460.751872: sched_wakeup: comm=bash pid=755 prio=120 target_cpu=002
          <idle>-0       [002] dnh..   460.751874: irq_handler_exit: irq=19 ret=handled
    nop_trace.sh-791     [003] d....   460.751879: sched_switch: prev_comm=nop_trace.sh prev_pid=791 prev_prio=120 prev_state=Z ==> next_comm=swapper/3 next_pid=0 next_prio=120
          <idle>-0       [002] d....   460.751886: sched_switch: prev_comm=swapper/2 prev_pid=0 prev_prio=120 prev_state=R ==> next_comm=bash next_pid=755 next_prio=120
          <idle>-0       [003] d.h..   460.752103: irq_handler_entry: irq=19 name=IPI
          <idle>-0       [003] dnh..   460.752113: sched_wakeup: comm=systemd pid=1 prio=120 target_cpu=003
          <idle>-0       [003] dnh..   460.752115: irq_handler_exit: irq=19 ret=handled
          <idle>-0       [003] d....   460.752122: sched_switch: prev_comm=swapper/3 prev_pid=0 prev_prio=120 prev_state=R ==> next_comm=systemd next_pid=1 next_prio=120
 systemd-journal-136     [000] d....   460.752125: sched_stat_runtime: comm=systemd-journal pid=136 runtime=606556 [ns] vruntime=355504995 [ns]
 systemd-journal-136     [000] d....   460.752134: sched_switch: prev_comm=systemd-journal prev_pid=136 prev_prio=120 prev_state=S ==> next_comm=swapper/0 next_pid=0 next_prio=120
         systemd-1       [003] d....   460.752446: sched_stat_runtime: comm=systemd pid=1 runtime=338240 [ns] vruntime=666911747 [ns]
         systemd-1       [003] d....   460.752457: sched_switch: prev_comm=systemd prev_pid=1 prev_prio=120 prev_state=S ==> next_comm=swapper/3 next_pid=0 next_prio=120
            bash-755     [002] d....   460.752478: sched_wakeup: comm=kworker/u8:2 pid=47 prio=120 target_cpu=002
            bash-755     [002] d....   460.752590: sched_stat_runtime: comm=bash pid=755 runtime=723593 [ns] vruntime=78413365 [ns]
            bash-755     [002] d....   460.752598: sched_switch: prev_comm=bash prev_pid=755 prev_prio=120 prev_state=S ==> next_comm=kworker/u8:2 next_pid=47 next_prio=120
    kworker/u8:2-47      [002] d....   460.752613: sched_stat_runtime: comm=kworker/u8:2 pid=47 runtime=20981 [ns] vruntime=9804400022 [ns]
    kworker/u8:2-47      [002] d....   460.752618: sched_wakeup: comm=sshd pid=729 prio=120 target_cpu=002
    kworker/u8:2-47      [002] d....   460.752624: sched_stat_runtime: comm=kworker/u8:2 pid=47 runtime=14204 [ns] vruntime=9804414226 [ns]
    kworker/u8:2-47      [002] d....   460.752628: sched_switch: prev_comm=kworker/u8:2 prev_pid=47 prev_prio=120 prev_state=I ==> next_comm=sshd next_pid=729 next_prio=120
          <idle>-0       [000] d.h..   460.752806: irq_handler_entry: irq=19 name=IPI
          <idle>-0       [000] dnh..   460.752815: sched_wakeup: comm=kworker/u9:1 pid=293 prio=100 target_cpu=000
          <idle>-0       [000] dnh..   460.752817: irq_handler_exit: irq=19 ret=handled
          <idle>-0       [000] d....   460.752824: sched_switch: prev_comm=swapper/0 prev_pid=0 prev_prio=120 prev_state=R ==> next_comm=kworker/u9:1 next_pid=293 next_prio=100
            sshd-729     [002] d....   460.752836: sched_stat_runtime: comm=sshd pid=729 runtime=210333 [ns] vruntime=167839582 [ns]
            sshd-729     [002] d....   460.752856: sched_switch: prev_comm=sshd prev_pid=729 prev_prio=120 prev_state=S ==> next_comm=swapper/2 next_pid=0 next_prio=120
    kworker/u9:1-293     [000] d.h..   460.752874: irq_handler_entry: irq=51 name=mmc1
    kworker/u9:1-293     [000] d.h..   460.752891: irq_handler_exit: irq=51 ret=handled
    kworker/u9:1-293     [000] d.h..   460.752892: irq_handler_entry: irq=51 name=mmc0
    kworker/u9:1-293     [000] d.h..   460.752896: irq_handler_exit: irq=51 ret=unhandled
    kworker/u9:1-293     [000] d.h..   460.752901: irq_handler_entry: irq=51 name=mmc1
    kworker/u9:1-293     [000] d.h..   460.752905: irq_handler_exit: irq=51 ret=handled
    kworker/u9:1-293     [000] d.h..   460.752907: irq_handler_entry: irq=51 name=mmc0
    kworker/u9:1-293     [000] d.h..   460.752908: irq_handler_exit: irq=51 ret=unhandled
    kworker/u9:1-293     [000] d.s..   460.752916: sched_wakeup: comm=kworker/u9:1 pid=293 prio=100 target_cpu=000
    kworker/u9:1-293     [000] d....   460.752921: sched_stat_runtime: comm=kworker/u9:1 pid=293 runtime=111352 [ns] vruntime=13335300987 [ns]
    kworker/u9:1-293     [000] d....   460.752940: sched_stat_runtime: comm=kworker/u9:1 pid=293 runtime=18685 [ns] vruntime=13335301202 [ns]
    kworker/u9:1-293     [000] d....   460.752944: sched_switch: prev_comm=kworker/u9:1 prev_pid=293 prev_prio=100 prev_state=I ==> next_comm=swapper/0 next_pid=0 next_prio=120
          <idle>-0       [000] d.h..   460.754327: irq_handler_entry: irq=51 name=mmc1
          <idle>-0       [000] dnh..   460.754341: sched_wakeup: comm=kworker/0:4 pid=452 prio=120 target_cpu=000
          <idle>-0       [000] dnh..   460.754343: irq_handler_exit: irq=51 ret=handled
          <idle>-0       [000] dnh..   460.754345: irq_handler_entry: irq=51 name=mmc0
          <idle>-0       [000] dnh..   460.754346: irq_handler_exit: irq=51 ret=unhandled
          <idle>-0       [000] d....   460.754353: sched_switch: prev_comm=swapper/0 prev_pid=0 prev_prio=120 prev_state=R ==> next_comm=kworker/0:4 next_pid=452 next_prio=120
     kworker/0:4-452     [000] d.h..   460.754373: irq_handler_entry: irq=51 name=mmc1
     kworker/0:4-452     [000] d.h..   460.754377: irq_handler_exit: irq=51 ret=handled
     kworker/0:4-452     [000] d.h..   460.754378: irq_handler_entry: irq=51 name=mmc0
     kworker/0:4-452     [000] d.h..   460.754380: irq_handler_exit: irq=51 ret=unhandled
     kworker/0:4-452     [000] d.s..   460.754387: sched_wakeup: comm=kworker/0:4 pid=452 prio=120 target_cpu=000
     kworker/0:4-452     [000] d....   460.754391: sched_stat_runtime: comm=kworker/0:4 pid=452 runtime=54241 [ns] vruntime=13335488063 [ns]
     kworker/0:4-452     [000] d.h..   460.754412: irq_handler_entry: irq=51 name=mmc1
     kworker/0:4-452     [000] d.h..   460.754420: irq_handler_exit: irq=51 ret=handled
     kworker/0:4-452     [000] d.h..   460.754421: irq_handler_entry: irq=51 name=mmc0
     kworker/0:4-452     [000] d.h..   460.754423: irq_handler_exit: irq=51 ret=unhandled
     kworker/0:4-452     [000] d.s..   460.754429: sched_wakeup: comm=kworker/0:4 pid=452 prio=120 target_cpu=000
     kworker/0:4-452     [000] d....   460.754433: sched_stat_runtime: comm=kworker/0:4 pid=452 runtime=42148 [ns] vruntime=13335530211 [ns]
     kworker/0:4-452     [000] d.h..   460.754452: irq_handler_entry: irq=51 name=mmc1
     kworker/0:4-452     [000] d.h..   460.754457: irq_handler_exit: irq=51 ret=handled
     kworker/0:4-452     [000] d.h..   460.754458: irq_handler_entry: irq=51 name=mmc0
     kworker/0:4-452     [000] d.h..   460.754460: irq_handler_exit: irq=51 ret=unhandled
     kworker/0:4-452     [000] d.h..   460.754462: irq_handler_entry: irq=51 name=mmc1
     kworker/0:4-452     [000] d.h..   460.754466: irq_handler_exit: irq=51 ret=handled
     kworker/0:4-452     [000] d.h..   460.754467: irq_handler_entry: irq=51 name=mmc0
     kworker/0:4-452     [000] d.h..   460.754468: irq_handler_exit: irq=51 ret=unhandled
     kworker/0:4-452     [000] d.s..   460.754475: sched_wakeup: comm=kworker/0:4 pid=452 prio=120 target_cpu=000
     kworker/0:4-452     [000] d....   460.754479: sched_stat_runtime: comm=kworker/0:4 pid=452 runtime=45777 [ns] vruntime=13335575988 [ns]
     kworker/0:4-452     [000] d....   460.754486: sched_stat_runtime: comm=kworker/0:4 pid=452 runtime=6982 [ns] vruntime=13335582970 [ns]
     kworker/0:4-452     [000] dn...   460.754491: sched_wakeup: comm=kworker/u9:1 pid=293 prio=100 target_cpu=000
     kworker/0:4-452     [000] d....   460.754503: sched_switch: prev_comm=kworker/0:4 prev_pid=452 prev_prio=120 prev_state=R+ ==> next_comm=kworker/u9:1 next_pid=293 next_prio=100
    kworker/u9:1-293     [000] d.h..   460.754540: irq_handler_entry: irq=51 name=mmc1
    kworker/u9:1-293     [000] d.h..   460.754551: irq_handler_exit: irq=51 ret=handled
    kworker/u9:1-293     [000] d.h..   460.754552: irq_handler_entry: irq=51 name=mmc0
    kworker/u9:1-293     [000] d.h..   460.754554: irq_handler_exit: irq=51 ret=unhandled
    kworker/u9:1-293     [000] d.s..   460.754561: sched_wakeup: comm=kworker/u9:1 pid=293 prio=100 target_cpu=000
    kworker/u9:1-293     [000] d....   460.754565: sched_stat_runtime: comm=kworker/u9:1 pid=293 runtime=78685 [ns] vruntime=13335302109 [ns]
    kworker/u9:1-293     [000] d.h..   460.754589: irq_handler_entry: irq=51 name=mmc1
    kworker/u9:1-293     [000] d.h..   460.754596: irq_handler_exit: irq=51 ret=handled
    kworker/u9:1-293     [000] d.h..   460.754598: irq_handler_entry: irq=51 name=mmc0
    kworker/u9:1-293     [000] d.h..   460.754599: irq_handler_exit: irq=51 ret=unhandled
    kworker/u9:1-293     [000] d.s..   460.754606: sched_wakeup: comm=kworker/u9:1 pid=293 prio=100 target_cpu=000
    kworker/u9:1-293     [000] d....   460.754610: sched_stat_runtime: comm=kworker/u9:1 pid=293 runtime=45111 [ns] vruntime=13335302629 [ns]
    kworker/u9:1-293     [000] d.h..   460.754694: irq_handler_entry: irq=51 name=mmc1
    kworker/u9:1-293     [000] d.h..   460.754705: irq_handler_exit: irq=51 ret=handled
    kworker/u9:1-293     [000] d.h..   460.754706: irq_handler_entry: irq=51 name=mmc0
    kworker/u9:1-293     [000] d.h..   460.754707: irq_handler_exit: irq=51 ret=unhandled
    kworker/u9:1-293     [000] d.s..   460.754714: sched_wakeup: comm=kworker/u9:1 pid=293 prio=100 target_cpu=000
    kworker/u9:1-293     [000] d....   460.754719: sched_stat_runtime: comm=kworker/u9:1 pid=293 runtime=108852 [ns] vruntime=13335303884 [ns]
    kworker/u9:1-293     [000] d....   460.754731: sched_stat_runtime: comm=kworker/u9:1 pid=293 runtime=12222 [ns] vruntime=13335304025 [ns]
    kworker/u9:1-293     [000] d....   460.754736: sched_switch: prev_comm=kworker/u9:1 prev_pid=293 prev_prio=100 prev_state=I ==> next_comm=kworker/0:4 next_pid=452 next_prio=120
     kworker/0:4-452     [000] d....   460.754741: sched_stat_runtime: comm=kworker/0:4 pid=452 runtime=10334 [ns] vruntime=13335593304 [ns]
     kworker/0:4-452     [000] d....   460.754753: sched_switch: prev_comm=kworker/0:4 prev_pid=452 prev_prio=120 prev_state=I ==> next_comm=swapper/0 next_pid=0 next_prio=120
          <idle>-0       [000] d.h..   460.755925: irq_handler_entry: irq=26 name=arch_timer
          <idle>-0       [002] d.h..   460.755926: irq_handler_entry: irq=26 name=arch_timer
          <idle>-0       [003] d.h..   460.755926: irq_handler_entry: irq=26 name=arch_timer
          <idle>-0       [000] d.h..   460.755945: irq_handler_exit: irq=26 ret=handled
          <idle>-0       [003] d.h..   460.755945: irq_handler_exit: irq=26 ret=handled
          <idle>-0       [002] d.h..   460.755945: irq_handler_exit: irq=26 ret=handled
          <idle>-0       [003] dns..   460.755960: sched_wakeup: comm=kworker/3:0 pid=30 prio=120 target_cpu=003
          <idle>-0       [000] dns..   460.755965: sched_wakeup: comm=rcu_sched pid=14 prio=120 target_cpu=000
          <idle>-0       [002] dns..   460.755965: sched_wakeup: comm=kworker/2:1 pid=46 prio=120 target_cpu=002
          <idle>-0       [000] d....   460.755973: sched_switch: prev_comm=swapper/0 prev_pid=0 prev_prio=120 prev_state=R ==> next_comm=rcu_sched next_pid=14 next_prio=120
          <idle>-0       [003] d....   460.755981: sched_switch: prev_comm=swapper/3 prev_pid=0 prev_prio=120 prev_state=R ==> next_comm=kworker/3:0 next_pid=30 next_prio=120
          <idle>-0       [002] d....   460.755986: sched_switch: prev_comm=swapper/2 prev_pid=0 prev_prio=120 prev_state=R ==> next_comm=kworker/2:1 next_pid=46 next_prio=120
       rcu_sched-14      [000] d....   460.755990: sched_stat_runtime: comm=rcu_sched pid=14 runtime=28463 [ns] vruntime=13335325730 [ns]
       rcu_sched-14      [000] d....   460.755997: sched_switch: prev_comm=rcu_sched prev_pid=14 prev_prio=120 prev_state=I ==> next_comm=swapper/0 next_pid=0 next_prio=120
     kworker/2:1-46      [002] d....   460.756000: sched_stat_runtime: comm=kworker/2:1 pid=46 runtime=30037 [ns] vruntime=9804656443 [ns]
     kworker/2:1-46      [002] d....   460.756004: sched_switch: prev_comm=kworker/2:1 prev_pid=46 prev_prio=120 prev_state=I ==> next_comm=swapper/2 next_pid=0 next_prio=120
     kworker/3:0-30      [003] d....   460.756011: sched_stat_runtime: comm=kworker/3:0 pid=30 runtime=47074 [ns] vruntime=12224002185 [ns]
     kworker/3:0-30      [003] d....   460.756016: sched_switch: prev_comm=kworker/3:0 prev_pid=30 prev_prio=120 prev_state=I ==> next_comm=swapper/3 next_pid=0 next_prio=120
          <idle>-0       [000] d.h..   460.765924: irq_handler_entry: irq=26 name=arch_timer
          <idle>-0       [003] d.h..   460.765924: irq_handler_entry: irq=26 name=arch_timer
          <idle>-0       [002] d.h..   460.765925: irq_handler_entry: irq=26 name=arch_timer
          <idle>-0       [000] d.h..   460.765934: irq_handler_exit: irq=26 ret=handled
          <idle>-0       [002] d.h..   460.765934: irq_handler_exit: irq=26 ret=handled
          <idle>-0       [003] d.h..   460.765938: irq_handler_exit: irq=26 ret=handled
          <idle>-0       [000] dns..   460.765944: sched_wakeup: comm=brcmf_wdog/mmc1 pid=279 prio=120 target_cpu=000
          <idle>-0       [000] d....   460.765964: sched_switch: prev_comm=swapper/0 prev_pid=0 prev_prio=120 prev_state=R ==> next_comm=brcmf_wdog/mmc1 next_pid=279 next_prio=120
 brcmf_wdog/mmc1-279     [000] d....   460.765973: sched_stat_runtime: comm=brcmf_wdog/mmc1 pid=279 runtime=21741 [ns] vruntime=13335319008 [ns]
 brcmf_wdog/mmc1-279     [000] d....   460.765977: sched_switch: prev_comm=brcmf_wdog/mmc1 prev_pid=279 prev_prio=120 prev_state=S ==> next_comm=swapper/0 next_pid=0 next_prio=120
          <idle>-0       [002] d.h..   460.775924: irq_handler_entry: irq=26 name=arch_timer
          <idle>-0       [003] d.h..   460.775924: irq_handler_entry: irq=26 name=arch_timer
          <idle>-0       [000] d.h..   460.775924: irq_handler_entry: irq=26 name=arch_timer
          <idle>-0       [002] d.h..   460.775930: irq_handler_exit: irq=26 ret=handled
          <idle>-0       [000] d.h..   460.775931: irq_handler_exit: irq=26 ret=handled
          <idle>-0       [003] d.h..   460.775933: irq_handler_exit: irq=26 ret=handled
          <idle>-0       [000] dns..   460.775940: sched_wakeup: comm=rcu_sched pid=14 prio=120 target_cpu=000
          <idle>-0       [000] d....   460.775954: sched_switch: prev_comm=swapper/0 prev_pid=0 prev_prio=120 prev_state=R ==> next_comm=rcu_sched next_pid=14 next_prio=120
       rcu_sched-14      [000] d....   460.775972: sched_stat_runtime: comm=rcu_sched pid=14 runtime=27149 [ns] vruntime=13335352879 [ns]
       rcu_sched-14      [000] d....   460.775975: sched_switch: prev_comm=rcu_sched prev_pid=14 prev_prio=120 prev_state=I ==> next_comm=swapper/0 next_pid=0 next_prio=120
          <idle>-0       [002] d.h..   460.785924: irq_handler_entry: irq=26 name=arch_timer
          <idle>-0       [000] d.h..   460.785924: irq_handler_entry: irq=26 name=arch_timer
          <idle>-0       [003] d.h..   460.785924: irq_handler_entry: irq=26 name=arch_timer
          <idle>-0       [002] d.h..   460.785930: irq_handler_exit: irq=26 ret=handled
          <idle>-0       [000] d.h..   460.785930: irq_handler_exit: irq=26 ret=handled
          <idle>-0       [003] d.h..   460.785933: irq_handler_exit: irq=26 ret=handled
          <idle>-0       [000] dns..   460.785967: sched_wakeup: comm=kworker/0:4 pid=452 prio=120 target_cpu=000
          <idle>-0       [000] d....   460.785979: sched_switch: prev_comm=swapper/0 prev_pid=0 prev_prio=120 prev_state=R ==> next_comm=kworker/0:4 next_pid=452 next_prio=120
     kworker/0:4-452     [000] d....   460.786002: sched_stat_runtime: comm=kworker/0:4 pid=452 runtime=37574 [ns] vruntime=13335630878 [ns]
     kworker/0:4-452     [000] d....   460.786006: sched_switch: prev_comm=kworker/0:4 prev_pid=452 prev_prio=120 prev_state=I ==> next_comm=swapper/0 next_pid=0 next_prio=120
          <idle>-0       [003] d.h..   460.788392: irq_handler_entry: irq=26 name=arch_timer
          <idle>-0       [003] d.h..   460.788402: irq_handler_exit: irq=26 ret=handled
          <idle>-0       [003] d.h..   460.795923: irq_handler_entry: irq=26 name=arch_timer
          <idle>-0       [000] d.h..   460.795924: irq_handler_entry: irq=26 name=arch_timer
          <idle>-0       [000] d.h..   460.795931: irq_handler_exit: irq=26 ret=handled
          <idle>-0       [003] d.h..   460.795933: irq_handler_exit: irq=26 ret=handled
          <idle>-0       [000] dns..   460.795940: sched_wakeup: comm=brcmf_wdog/mmc1 pid=279 prio=120 target_cpu=000
          <idle>-0       [003] dns..   460.795954: sched_wakeup: comm=rcu_sched pid=14 prio=120 target_cpu=003
          <idle>-0       [000] d....   460.795961: sched_switch: prev_comm=swapper/0 prev_pid=0 prev_prio=120 prev_state=R ==> next_comm=brcmf_wdog/mmc1 next_pid=279 next_prio=120
          <idle>-0       [003] d....   460.795963: sched_switch: prev_comm=swapper/3 prev_pid=0 prev_prio=120 prev_state=R ==> next_comm=rcu_sched next_pid=14 next_prio=120
       rcu_sched-14      [003] d....   460.795978: sched_stat_runtime: comm=rcu_sched pid=14 runtime=27296 [ns] vruntime=12224038019 [ns]
       rcu_sched-14      [003] d....   460.795982: sched_switch: prev_comm=rcu_sched prev_pid=14 prev_prio=120 prev_state=I ==> next_comm=swapper/3 next_pid=0 next_prio=120
 brcmf_wdog/mmc1-279     [000] d.h..   460.795982: irq_handler_entry: irq=51 name=mmc1
 brcmf_wdog/mmc1-279     [000] d.h..   460.795987: irq_handler_exit: irq=51 ret=handled
 brcmf_wdog/mmc1-279     [000] d.h..   460.795988: irq_handler_entry: irq=51 name=mmc0
 brcmf_wdog/mmc1-279     [000] d.h..   460.795990: irq_handler_exit: irq=51 ret=unhandled
 brcmf_wdog/mmc1-279     [000] d.s..   460.795997: sched_wakeup: comm=brcmf_wdog/mmc1 pid=279 prio=120 target_cpu=000
 brcmf_wdog/mmc1-279     [000] d....   460.796002: sched_stat_runtime: comm=brcmf_wdog/mmc1 pid=279 runtime=54740 [ns] vruntime=13335373748 [ns]
 brcmf_wdog/mmc1-279     [000] d....   460.796011: sched_stat_runtime: comm=brcmf_wdog/mmc1 pid=279 runtime=9278 [ns] vruntime=13335383026 [ns]
 brcmf_wdog/mmc1-279     [000] d....   460.796015: sched_switch: prev_comm=brcmf_wdog/mmc1 prev_pid=279 prev_prio=120 prev_state=S ==> next_comm=swapper/0 next_pid=0 next_prio=120
          <idle>-0       [000] d.h..   460.805924: irq_handler_entry: irq=26 name=arch_timer
          <idle>-0       [003] d.h..   460.805924: irq_handler_entry: irq=26 name=arch_timer
          <idle>-0       [000] d.h..   460.805931: irq_handler_exit: irq=26 ret=handled
          <idle>-0       [003] d.h..   460.805933: irq_handler_exit: irq=26 ret=handled
          <idle>-0       [000] dns..   460.805941: sched_wakeup: comm=kworker/0:4 pid=452 prio=120 target_cpu=000
          <idle>-0       [000] d....   460.805958: sched_switch: prev_comm=swapper/0 prev_pid=0 prev_prio=120 prev_state=R ==> next_comm=kworker/0:4 next_pid=452 next_prio=120
     kworker/0:4-452     [000] d....   460.805987: sched_stat_runtime: comm=kworker/0:4 pid=452 runtime=41148 [ns] vruntime=13335672026 [ns]
     kworker/0:4-452     [000] d....   460.805991: sched_switch: prev_comm=kworker/0:4 prev_pid=452 prev_prio=120 prev_state=I ==> next_comm=swapper/0 next_pid=0 next_prio=120
          <idle>-0       [003] d.h..   460.815923: irq_handler_entry: irq=26 name=arch_timer
          <idle>-0       [000] d.h..   460.815923: irq_handler_entry: irq=26 name=arch_timer
          <idle>-0       [000] d.h..   460.815930: irq_handler_exit: irq=26 ret=handled
          <idle>-0       [003] d.h..   460.815932: irq_handler_exit: irq=26 ret=handled
          <idle>-0       [003] dns..   460.815943: sched_wakeup: comm=rcu_sched pid=14 prio=120 target_cpu=003
          <idle>-0       [003] d....   460.815957: sched_switch: prev_comm=swapper/3 prev_pid=0 prev_prio=120 prev_state=R ==> next_comm=rcu_sched next_pid=14 next_prio=120
       rcu_sched-14      [003] d....   460.815974: sched_stat_runtime: comm=rcu_sched pid=14 runtime=26408 [ns] vruntime=12224064427 [ns]
       rcu_sched-14      [003] d....   460.815977: sched_switch: prev_comm=rcu_sched prev_pid=14 prev_prio=120 prev_state=I ==> next_comm=swapper/3 next_pid=0 next_prio=120
          <idle>-0       [000] d.h..   460.825923: irq_handler_entry: irq=26 name=arch_timer
          <idle>-0       [003] d.h..   460.825923: irq_handler_entry: irq=26 name=arch_timer
          <idle>-0       [000] d.h..   460.825929: irq_handler_exit: irq=26 ret=handled
          <idle>-0       [003] d.h..   460.825933: irq_handler_exit: irq=26 ret=handled
          <idle>-0       [000] d.h..   460.828362: irq_handler_entry: irq=51 name=mmc1
          <idle>-0       [000] dnh..   460.828374: sched_wakeup: comm=kworker/0:4 pid=452 prio=120 target_cpu=000
          <idle>-0       [000] dnh..   460.828376: irq_handler_exit: irq=51 ret=handled
          <idle>-0       [000] dnh..   460.828377: irq_handler_entry: irq=51 name=mmc0
          <idle>-0       [000] dnh..   460.828379: irq_handler_exit: irq=51 ret=unhandled
          <idle>-0       [000] d....   460.828386: sched_switch: prev_comm=swapper/0 prev_pid=0 prev_prio=120 prev_state=R ==> next_comm=kworker/0:4 next_pid=452 next_prio=120
     kworker/0:4-452     [000] d.h..   460.828404: irq_handler_entry: irq=51 name=mmc1
     kworker/0:4-452     [000] d.h..   460.828408: irq_handler_exit: irq=51 ret=handled
     kworker/0:4-452     [000] d.h..   460.828409: irq_handler_entry: irq=51 name=mmc0
     kworker/0:4-452     [000] d.h..   460.828411: irq_handler_exit: irq=51 ret=unhandled
     kworker/0:4-452     [000] d.s..   460.828418: sched_wakeup: comm=kworker/0:4 pid=452 prio=120 target_cpu=000
     kworker/0:4-452     [000] d....   460.828423: sched_stat_runtime: comm=kworker/0:4 pid=452 runtime=51871 [ns] vruntime=13335723897 [ns]
     kworker/0:4-452     [000] d.h..   460.828443: irq_handler_entry: irq=51 name=mmc1
     kworker/0:4-452     [000] d.h..   460.828450: irq_handler_exit: irq=51 ret=handled
     kworker/0:4-452     [000] d.h..   460.828452: irq_handler_entry: irq=51 name=mmc0
     kworker/0:4-452     [000] d.h..   460.828453: irq_handler_exit: irq=51 ret=unhandled
     kworker/0:4-452     [000] d.s..   460.828460: sched_wakeup: comm=kworker/0:4 pid=452 prio=120 target_cpu=000
     kworker/0:4-452     [000] d....   460.828464: sched_stat_runtime: comm=kworker/0:4 pid=452 runtime=41685 [ns] vruntime=13335765582 [ns]
     kworker/0:4-452     [000] d.h..   460.828483: irq_handler_entry: irq=51 name=mmc1
     kworker/0:4-452     [000] d.h..   460.828488: irq_handler_exit: irq=51 ret=handled
     kworker/0:4-452     [000] d.h..   460.828489: irq_handler_entry: irq=51 name=mmc0
     kworker/0:4-452     [000] d.h..   460.828491: irq_handler_exit: irq=51 ret=unhandled
     kworker/0:4-452     [000] d.h..   460.828493: irq_handler_entry: irq=51 name=mmc1
     kworker/0:4-452     [000] d.h..   460.828497: irq_handler_exit: irq=51 ret=handled
     kworker/0:4-452     [000] d.h..   460.828498: irq_handler_entry: irq=51 name=mmc0
     kworker/0:4-452     [000] d.h..   460.828500: irq_handler_exit: irq=51 ret=unhandled
     kworker/0:4-452     [000] d.s..   460.828506: sched_wakeup: comm=kworker/0:4 pid=452 prio=120 target_cpu=000
     kworker/0:4-452     [000] d....   460.828510: sched_stat_runtime: comm=kworker/0:4 pid=452 runtime=46407 [ns] vruntime=13335811989 [ns]
     kworker/0:4-452     [000] d....   460.828517: sched_stat_runtime: comm=kworker/0:4 pid=452 runtime=6704 [ns] vruntime=13335818693 [ns]
     kworker/0:4-452     [000] dn...   460.828522: sched_wakeup: comm=kworker/u9:1 pid=293 prio=100 target_cpu=000
     kworker/0:4-452     [000] d....   460.828534: sched_switch: prev_comm=kworker/0:4 prev_pid=452 prev_prio=120 prev_state=R+ ==> next_comm=kworker/u9:1 next_pid=293 next_prio=100
    kworker/u9:1-293     [000] d.h..   460.828553: irq_handler_entry: irq=51 name=mmc1
    kworker/u9:1-293     [000] d.h..   460.828557: irq_handler_exit: irq=51 ret=handled
    kworker/u9:1-293     [000] d.h..   460.828558: irq_handler_entry: irq=51 name=mmc0
    kworker/u9:1-293     [000] d.h..   460.828560: irq_handler_exit: irq=51 ret=unhandled
    kworker/u9:1-293     [000] d.s..   460.828566: sched_wakeup: comm=kworker/u9:1 pid=293 prio=100 target_cpu=000
    kworker/u9:1-293     [000] d....   460.828571: sched_stat_runtime: comm=kworker/u9:1 pid=293 runtime=53296 [ns] vruntime=13335304639 [ns]
    kworker/u9:1-293     [000] d.h..   460.828582: irq_handler_entry: irq=51 name=mmc1
    kworker/u9:1-293     [000] d.h..   460.828586: irq_handler_exit: irq=51 ret=handled
    kworker/u9:1-293     [000] d.h..   460.828587: irq_handler_entry: irq=51 name=mmc0
    kworker/u9:1-293     [000] d.h..   460.828589: irq_handler_exit: irq=51 ret=unhandled
    kworker/u9:1-293     [000] d.s..   460.828596: sched_wakeup: comm=kworker/u9:1 pid=293 prio=100 target_cpu=000
    kworker/u9:1-293     [000] d....   460.828600: sched_stat_runtime: comm=kworker/u9:1 pid=293 runtime=29278 [ns] vruntime=13335304976 [ns]
    kworker/u9:1-293     [000] d.h..   460.828632: irq_handler_entry: irq=51 name=mmc1
    kworker/u9:1-293     [000] d.h..   460.828642: irq_handler_exit: irq=51 ret=handled
    kworker/u9:1-293     [000] d.h..   460.828643: irq_handler_entry: irq=51 name=mmc0
    kworker/u9:1-293     [000] d.h..   460.828645: irq_handler_exit: irq=51 ret=unhandled
    kworker/u9:1-293     [000] d.s..   460.828651: sched_wakeup: comm=kworker/u9:1 pid=293 prio=100 target_cpu=000
    kworker/u9:1-293     [000] d....   460.828656: sched_stat_runtime: comm=kworker/u9:1 pid=293 runtime=55815 [ns] vruntime=13335305619 [ns]
    kworker/u9:1-293     [000] d.h..   460.828679: irq_handler_entry: irq=51 name=mmc1
    kworker/u9:1-293     [000] d.h..   460.828687: irq_handler_exit: irq=51 ret=handled
    kworker/u9:1-293     [000] d.h..   460.828689: irq_handler_entry: irq=51 name=mmc0
    kworker/u9:1-293     [000] d.h..   460.828690: irq_handler_exit: irq=51 ret=unhandled
    kworker/u9:1-293     [000] d.s..   460.828697: sched_wakeup: comm=kworker/u9:1 pid=293 prio=100 target_cpu=000
    kworker/u9:1-293     [000] d....   460.828701: sched_stat_runtime: comm=kworker/u9:1 pid=293 runtime=45333 [ns] vruntime=13335306141 [ns]
    kworker/u9:1-293     [000] d.h..   460.828737: irq_handler_entry: irq=51 name=mmc1
    kworker/u9:1-293     [000] d.h..   460.828748: irq_handler_exit: irq=51 ret=handled
    kworker/u9:1-293     [000] d.h..   460.828749: irq_handler_entry: irq=51 name=mmc0
    kworker/u9:1-293     [000] d.h..   460.828750: irq_handler_exit: irq=51 ret=unhandled
    kworker/u9:1-293     [000] d.s..   460.828757: sched_wakeup: comm=kworker/u9:1 pid=293 prio=100 target_cpu=000
    kworker/u9:1-293     [000] d....   460.828761: sched_stat_runtime: comm=kworker/u9:1 pid=293 runtime=60167 [ns] vruntime=13335306835 [ns]
    kworker/u9:1-293     [000] d....   460.828773: sched_stat_runtime: comm=kworker/u9:1 pid=293 runtime=11500 [ns] vruntime=13335306967 [ns]
    kworker/u9:1-293     [000] d....   460.828778: sched_switch: prev_comm=kworker/u9:1 prev_pid=293 prev_prio=100 prev_state=I ==> next_comm=kworker/0:4 next_pid=452 next_prio=120
     kworker/0:4-452     [000] d....   460.828789: sched_stat_runtime: comm=kworker/0:4 pid=452 runtime=16389 [ns] vruntime=13335835082 [ns]
     kworker/0:4-452     [000] d....   460.828799: sched_switch: prev_comm=kworker/0:4 prev_pid=452 prev_prio=120 prev_state=I ==> next_comm=swapper/0 next_pid=0 next_prio=120
          <idle>-0       [000] d.h..   460.835924: irq_handler_entry: irq=26 name=arch_timer
          <idle>-0       [000] d.h..   460.835936: irq_handler_exit: irq=26 ret=handled
          <idle>-0       [000] dns..   460.835945: sched_wakeup: comm=kworker/0:4 pid=452 prio=120 target_cpu=000
          <idle>-0       [000] d....   460.835959: sched_switch: prev_comm=swapper/0 prev_pid=0 prev_prio=120 prev_state=R ==> next_comm=kworker/0:4 next_pid=452 next_prio=120
     kworker/0:4-452     [000] d....   460.835976: sched_stat_runtime: comm=kworker/0:4 pid=452 runtime=24500 [ns] vruntime=13335859582 [ns]
     kworker/0:4-452     [000] d....   460.835980: sched_switch: prev_comm=kworker/0:4 prev_pid=452 prev_prio=120 prev_state=I ==> next_comm=swapper/0 next_pid=0 next_prio=120
          <idle>-0       [000] d.h..   460.845923: irq_handler_entry: irq=26 name=arch_timer
          <idle>-0       [000] d.h..   460.845933: irq_handler_exit: irq=26 ret=handled
          <idle>-0       [000] dns..   460.845943: sched_wakeup: comm=brcmf_wdog/mmc1 pid=279 prio=120 target_cpu=000
          <idle>-0       [000] d....   460.845960: sched_switch: prev_comm=swapper/0 prev_pid=0 prev_prio=120 prev_state=R ==> next_comm=brcmf_wdog/mmc1 next_pid=279 next_prio=120
 brcmf_wdog/mmc1-279     [000] d....   460.845967: sched_stat_runtime: comm=brcmf_wdog/mmc1 pid=279 runtime=17167 [ns] vruntime=13335400193 [ns]
 brcmf_wdog/mmc1-279     [000] d....   460.845970: sched_switch: prev_comm=brcmf_wdog/mmc1 prev_pid=279 prev_prio=120 prev_state=S ==> next_comm=swapper/0 next_pid=0 next_prio=120
          <idle>-0       [002] d.h..   460.865924: irq_handler_entry: irq=26 name=arch_timer
          <idle>-0       [000] d.h..   460.865927: irq_handler_entry: irq=26 name=arch_timer
          <idle>-0       [002] d.h..   460.865931: irq_handler_exit: irq=26 ret=handled
          <idle>-0       [000] d.h..   460.865933: irq_handler_exit: irq=26 ret=handled
          <idle>-0       [000] dns..   460.865944: sched_wakeup: comm=brcmf_wdog/mmc1 pid=279 prio=120 target_cpu=000
          <idle>-0       [000] dnH..   460.865948: irq_handler_entry: irq=21 name=IPI
          <idle>-0       [000] dnH..   460.865953: sched_wakeup: comm=kworker/0:4 pid=452 prio=120 target_cpu=000
          <idle>-0       [000] dnH..   460.865956: irq_handler_exit: irq=21 ret=handled
          <idle>-0       [000] d....   460.865976: sched_switch: prev_comm=swapper/0 prev_pid=0 prev_prio=120 prev_state=R ==> next_comm=brcmf_wdog/mmc1 next_pid=279 next_prio=120
 brcmf_wdog/mmc1-279     [000] d.h..   460.865997: irq_handler_entry: irq=51 name=mmc1
 brcmf_wdog/mmc1-279     [000] d.h..   460.866001: irq_handler_exit: irq=51 ret=handled
 brcmf_wdog/mmc1-279     [000] d.h..   460.866003: irq_handler_entry: irq=51 name=mmc0
 brcmf_wdog/mmc1-279     [000] d.h..   460.866005: irq_handler_exit: irq=51 ret=unhandled
 brcmf_wdog/mmc1-279     [000] d.s..   460.866012: sched_wakeup: comm=brcmf_wdog/mmc1 pid=279 prio=120 target_cpu=000
 brcmf_wdog/mmc1-279     [000] d....   460.866016: sched_stat_runtime: comm=brcmf_wdog/mmc1 pid=279 runtime=54111 [ns] vruntime=13335454304 [ns]
 brcmf_wdog/mmc1-279     [000] d....   460.866026: sched_stat_runtime: comm=brcmf_wdog/mmc1 pid=279 runtime=9444 [ns] vruntime=13335463748 [ns]
 brcmf_wdog/mmc1-279     [000] d....   460.866030: sched_switch: prev_comm=brcmf_wdog/mmc1 prev_pid=279 prev_prio=120 prev_state=S ==> next_comm=kworker/0:4 next_pid=452 next_prio=120
     kworker/0:4-452     [000] d....   460.866043: sched_stat_runtime: comm=kworker/0:4 pid=452 runtime=17778 [ns] vruntime=13335877360 [ns]
     kworker/0:4-452     [000] d....   460.866051: sched_switch: prev_comm=kworker/0:4 prev_pid=452 prev_prio=120 prev_state=I ==> next_comm=swapper/0 next_pid=0 next_prio=120
          <idle>-0       [000] d.h..   460.955928: irq_handler_entry: irq=26 name=arch_timer
          <idle>-0       [000] d.h..   460.955935: irq_handler_exit: irq=26 ret=handled
          <idle>-0       [000] dns..   460.955946: sched_wakeup: comm=kcompactd0 pid=40 prio=120 target_cpu=000
          <idle>-0       [000] d....   460.955963: sched_switch: prev_comm=swapper/0 prev_pid=0 prev_prio=120 prev_state=R ==> next_comm=kcompactd0 next_pid=40 next_prio=120
      kcompactd0-40      [000] d....   460.955979: sched_stat_runtime: comm=kcompactd0 pid=40 runtime=27685 [ns] vruntime=13335348267 [ns]
      kcompactd0-40      [000] d....   460.955983: sched_switch: prev_comm=kcompactd0 prev_pid=40 prev_prio=120 prev_state=S ==> next_comm=swapper/0 next_pid=0 next_prio=120
          <idle>-0       [000] d.h..   461.193005: irq_handler_entry: irq=26 name=arch_timer
          <idle>-0       [000] dnh..   461.193018: sched_wakeup: comm=systemd-journal pid=136 prio=120 target_cpu=000
          <idle>-0       [000] dnh..   461.193022: irq_handler_exit: irq=26 ret=handled
          <idle>-0       [000] dnh..   461.193024: irq_handler_entry: irq=21 name=IPI
          <idle>-0       [000] dnh..   461.193029: sched_wakeup: comm=kworker/0:4 pid=452 prio=120 target_cpu=000
          <idle>-0       [000] dnh..   461.193031: irq_handler_exit: irq=21 ret=handled
          <idle>-0       [000] d....   461.193041: sched_switch: prev_comm=swapper/0 prev_pid=0 prev_prio=120 prev_state=R ==> next_comm=kworker/0:4 next_pid=452 next_prio=120
     kworker/0:4-452     [000] d....   461.193052: sched_stat_runtime: comm=kworker/0:4 pid=452 runtime=24260 [ns] vruntime=13335901620 [ns]
     kworker/0:4-452     [000] d....   461.193057: sched_switch: prev_comm=kworker/0:4 prev_pid=452 prev_prio=120 prev_state=I ==> next_comm=systemd-journal next_pid=136 next_prio=120
 systemd-journal-136     [000] d....   461.193238: sched_stat_runtime: comm=systemd-journal pid=136 runtime=185352 [ns] vruntime=355690347 [ns]
 systemd-journal-136     [000] d....   461.193253: sched_switch: prev_comm=systemd-journal prev_pid=136 prev_prio=120 prev_state=S ==> next_comm=swapper/0 next_pid=0 next_prio=120
          <idle>-0       [000] d.h..   461.345924: irq_handler_entry: irq=26 name=arch_timer
          <idle>-0       [002] d.h..   461.345924: irq_handler_entry: irq=26 name=arch_timer
          <idle>-0       [002] d.h..   461.345930: irq_handler_exit: irq=26 ret=handled
          <idle>-0       [000] d.h..   461.345931: irq_handler_exit: irq=26 ret=handled
          <idle>-0       [002] dns..   461.345941: sched_wakeup: comm=kworker/2:1 pid=46 prio=120 target_cpu=002
          <idle>-0       [000] dns..   461.345943: sched_wakeup: comm=kworker/0:4 pid=452 prio=120 target_cpu=000
          <idle>-0       [002] dnH..   461.345945: irq_handler_entry: irq=21 name=IPI
          <idle>-0       [002] dnH..   461.345949: irq_handler_exit: irq=21 ret=handled
          <idle>-0       [000] d....   461.345966: sched_switch: prev_comm=swapper/0 prev_pid=0 prev_prio=120 prev_state=R ==> next_comm=kworker/0:4 next_pid=452 next_prio=120
          <idle>-0       [002] d....   461.345972: sched_switch: prev_comm=swapper/2 prev_pid=0 prev_prio=120 prev_state=R ==> next_comm=kworker/2:1 next_pid=46 next_prio=120
     kworker/2:1-46      [002] d....   461.345989: sched_stat_runtime: comm=kworker/2:1 pid=46 runtime=31834 [ns] vruntime=9804688277 [ns]
     kworker/0:4-452     [000] d.h..   461.345991: irq_handler_entry: irq=46 name=eth0
     kworker/2:1-46      [002] d....   461.345995: sched_wakeup: comm=kworker/2:2 pid=782 prio=120 target_cpu=002
     kworker/0:4-452     [000] d.h..   461.345999: sched_wakeup: comm=kworker/2:1 pid=46 prio=120 target_cpu=002
     kworker/0:4-452     [000] d.h..   461.346001: irq_handler_exit: irq=46 ret=handled
     kworker/2:1-46      [002] d....   461.346001: sched_stat_runtime: comm=kworker/2:1 pid=46 runtime=12333 [ns] vruntime=9804700610 [ns]
     kworker/2:1-46      [002] d....   461.346005: sched_switch: prev_comm=kworker/2:1 prev_pid=46 prev_prio=120 prev_state=R ==> next_comm=kworker/2:2 next_pid=782 next_prio=120
     kworker/2:2-782     [002] d....   461.346017: sched_stat_runtime: comm=kworker/2:2 pid=782 runtime=16241 [ns] vruntime=9804514855 [ns]
     kworker/2:2-782     [002] d....   461.346022: sched_switch: prev_comm=kworker/2:2 prev_pid=782 prev_prio=120 prev_state=I ==> next_comm=kworker/2:1 next_pid=46 next_prio=120
     kworker/2:1-46      [002] d....   461.346036: sched_stat_runtime: comm=kworker/2:1 pid=46 runtime=18722 [ns] vruntime=9804719332 [ns]
     kworker/0:4-452     [000] d.h..   461.346036: irq_handler_entry: irq=26 name=arch_timer
     kworker/0:4-452     [000] d.h..   461.346042: sched_wakeup: comm=kworker/0:4 pid=452 prio=120 target_cpu=000
     kworker/2:1-46      [002] d....   461.346044: sched_switch: prev_comm=kworker/2:1 prev_pid=46 prev_prio=120 prev_state=D ==> next_comm=swapper/2 next_pid=0 next_prio=120
     kworker/0:4-452     [000] d.h..   461.346045: irq_handler_exit: irq=26 ret=handled
     kworker/0:4-452     [000] d.h..   461.346047: irq_handler_entry: irq=46 name=eth0
     kworker/0:4-452     [000] d.h..   461.346051: irq_handler_exit: irq=46 ret=handled
          <idle>-0       [002] d.h..   461.346053: irq_handler_entry: irq=19 name=IPI
     kworker/0:4-452     [000] d....   461.346057: sched_stat_runtime: comm=kworker/0:4 pid=452 runtime=105593 [ns] vruntime=13336007213 [ns]
          <idle>-0       [002] dnh..   461.346058: sched_wakeup: comm=kworker/2:1 pid=46 prio=120 target_cpu=002
          <idle>-0       [002] dnh..   461.346060: irq_handler_exit: irq=19 ret=handled
          <idle>-0       [002] d....   461.346065: sched_switch: prev_comm=swapper/2 prev_pid=0 prev_prio=120 prev_state=R ==> next_comm=kworker/2:1 next_pid=46 next_prio=120
     kworker/0:4-452     [000] d....   461.346067: sched_stat_runtime: comm=kworker/0:4 pid=452 runtime=10018 [ns] vruntime=13336017231 [ns]
     kworker/0:4-452     [000] d....   461.346073: sched_wakeup: comm=kworker/0:3 pid=162 prio=120 target_cpu=000
     kworker/0:4-452     [000] d....   461.346077: sched_stat_runtime: comm=kworker/0:4 pid=452 runtime=9611 [ns] vruntime=13336026842 [ns]
     kworker/2:1-46      [002] d....   461.346078: sched_stat_runtime: comm=kworker/2:1 pid=46 runtime=21908 [ns] vruntime=9804741240 [ns]
     kworker/0:4-452     [000] d....   461.346081: sched_switch: prev_comm=kworker/0:4 prev_pid=452 prev_prio=120 prev_state=D ==> next_comm=kworker/0:3 next_pid=162 next_prio=120
     kworker/0:3-162     [000] d.h..   461.346085: irq_handler_entry: irq=46 name=eth0
     kworker/2:1-46      [002] d....   461.346085: sched_switch: prev_comm=kworker/2:1 prev_pid=46 prev_prio=120 prev_state=D ==> next_comm=swapper/2 next_pid=0 next_prio=120
     kworker/0:3-162     [000] d.h..   461.346089: irq_handler_exit: irq=46 ret=handled
          <idle>-0       [002] d.h..   461.346090: irq_handler_entry: irq=19 name=IPI
          <idle>-0       [002] dnh..   461.346094: sched_wakeup: comm=kworker/2:1 pid=46 prio=120 target_cpu=002
          <idle>-0       [002] dnh..   461.346096: irq_handler_exit: irq=19 ret=handled
          <idle>-0       [002] d....   461.346101: sched_switch: prev_comm=swapper/2 prev_pid=0 prev_prio=120 prev_state=R ==> next_comm=kworker/2:1 next_pid=46 next_prio=120
     kworker/2:1-46      [002] d....   461.346114: sched_stat_runtime: comm=kworker/2:1 pid=46 runtime=21185 [ns] vruntime=9804762425 [ns]
     kworker/2:1-46      [002] d....   461.346117: sched_switch: prev_comm=kworker/2:1 prev_pid=46 prev_prio=120 prev_state=D ==> next_comm=swapper/2 next_pid=0 next_prio=120
     kworker/0:3-162     [000] d.h..   461.346118: irq_handler_entry: irq=46 name=eth0
     kworker/0:3-162     [000] d.h..   461.346122: irq_handler_exit: irq=46 ret=handled
     kworker/0:3-162     [000] d....   461.346127: sched_stat_runtime: comm=kworker/0:3 pid=162 runtime=50408 [ns] vruntime=13344347675 [ns]
          <idle>-0       [002] d.h..   461.346128: irq_handler_entry: irq=19 name=IPI
     kworker/0:3-162     [000] d....   461.346132: sched_switch: prev_comm=kworker/0:3 prev_pid=162 prev_prio=120 prev_state=I ==> next_comm=swapper/0 next_pid=0 next_prio=120
          <idle>-0       [002] dnh..   461.346132: sched_wakeup: comm=kworker/2:1 pid=46 prio=120 target_cpu=002
          <idle>-0       [002] dnh..   461.346134: irq_handler_exit: irq=19 ret=handled
          <idle>-0       [002] d....   461.346142: sched_switch: prev_comm=swapper/2 prev_pid=0 prev_prio=120 prev_state=R ==> next_comm=kworker/2:1 next_pid=46 next_prio=120
     kworker/2:1-46      [002] d....   461.346156: sched_stat_runtime: comm=kworker/2:1 pid=46 runtime=25240 [ns] vruntime=9804787665 [ns]
     kworker/2:1-46      [002] d....   461.346159: sched_switch: prev_comm=kworker/2:1 prev_pid=46 prev_prio=120 prev_state=D ==> next_comm=swapper/2 next_pid=0 next_prio=120
          <idle>-0       [000] d.h..   461.346159: irq_handler_entry: irq=46 name=eth0
          <idle>-0       [000] d.h..   461.346163: irq_handler_exit: irq=46 ret=handled
          <idle>-0       [002] d.h..   461.346169: irq_handler_entry: irq=19 name=IPI
          <idle>-0       [002] dnh..   461.346173: sched_wakeup: comm=kworker/2:1 pid=46 prio=120 target_cpu=002
          <idle>-0       [002] dnh..   461.346174: irq_handler_exit: irq=19 ret=handled
          <idle>-0       [002] d....   461.346182: sched_switch: prev_comm=swapper/2 prev_pid=0 prev_prio=120 prev_state=R ==> next_comm=kworker/2:1 next_pid=46 next_prio=120
     kworker/2:1-46      [002] d....   461.346195: sched_stat_runtime: comm=kworker/2:1 pid=46 runtime=24703 [ns] vruntime=9804812368 [ns]
     kworker/2:1-46      [002] d....   461.346200: sched_switch: prev_comm=kworker/2:1 prev_pid=46 prev_prio=120 prev_state=I ==> next_comm=swapper/2 next_pid=0 next_prio=120
          <idle>-0       [000] d.h..   461.346374: irq_handler_entry: irq=29 name=fe00b880.mailbox
          <idle>-0       [000] dnh..   461.346380: sched_wakeup: comm=kworker/0:4 pid=452 prio=120 target_cpu=000
          <idle>-0       [000] dnh..   461.346382: irq_handler_exit: irq=29 ret=handled
          <idle>-0       [000] d....   461.346388: sched_switch: prev_comm=swapper/0 prev_pid=0 prev_prio=120 prev_state=R ==> next_comm=kworker/0:4 next_pid=452 next_prio=120
